// Jest Snapshot v1, https://goo.gl/fbAQLP

exports[`<TableInvoices /> should match snapshot 1`] = `
.emotion-0 {
  display: table;
  width: 100%;
  border-collapse: collapse;
  border-spacing: 0;
}

.emotion-0 caption {
  font-size: 0.875rem;
  font-weight: 400;
  letter-spacing: 0.15px;
  text-transform: none;
  font-family: Roboto,sans-serif;
  line-height: 1.43;
  padding: 16px;
  color: #757575;
  text-align: left;
  caption-side: bottom;
}

.emotion-1 {
  display: table-header-group;
}

.emotion-2 {
  color: inherit;
  display: table-row;
  vertical-align: middle;
  outline: 0;
}

.emotion-2.MuiTableRow-hover:hover {
  background-color: #F5F5F5;
}

.emotion-2.Mui-selected {
  background-color: rgba(33, 150, 243, 0.08);
}

.emotion-2.Mui-selected:hover {
  background-color: rgba(33, 150, 243, 0.12);
}

.emotion-3 {
  font-size: 0.875rem;
  font-weight: 500;
  letter-spacing: 0.15px;
  text-transform: none;
  font-family: Roboto,sans-serif;
  line-height: 1.5rem;
  display: table-cell;
  vertical-align: inherit;
  border-bottom: 1px solid rgba(251, 251, 251, 1);
  text-align: left;
  padding: 16px;
  color: #212121;
  position: relative;
}

.emotion-4 {
  margin: 0;
  font-size: 0.875rem;
  font-weight: 400;
  letter-spacing: 0.15px;
  text-transform: none;
  font-family: Roboto,sans-serif;
  line-height: 1.43;
}

.emotion-5 {
  font-size: 0.875rem;
  font-weight: 500;
  letter-spacing: 0.15px;
  text-transform: none;
  font-family: Roboto,sans-serif;
  line-height: 1.5rem;
  display: table-cell;
  vertical-align: inherit;
  border-bottom: 1px solid rgba(251, 251, 251, 1);
  text-align: left;
  padding: 16px;
  color: #212121;
  position: relative;
  border-right: 1px solid #E0E0E0;
  border-bottom: 1px solid #E0E0E0;
}

.emotion-6 {
  margin: 0;
  font-size: 0.875rem;
  font-weight: 500;
  letter-spacing: 0.1px;
  text-transform: none;
  font-family: Roboto,sans-serif;
  line-height: 1.57;
}

.emotion-13 {
  font-size: 0.875rem;
  font-weight: 500;
  letter-spacing: 0.15px;
  text-transform: none;
  font-family: Roboto,sans-serif;
  line-height: 1.5rem;
  display: table-cell;
  vertical-align: inherit;
  border-bottom: 1px solid rgba(251, 251, 251, 1);
  text-align: left;
  padding: 16px;
  color: #212121;
  position: relative;
  border-right: none;
  border-bottom: 1px solid #E0E0E0;
}

.emotion-15 {
  display: table-row-group;
}

.emotion-16 {
  color: inherit;
  display: table-row;
  vertical-align: middle;
  outline: 0;
}

.emotion-16.MuiTableRow-hover:hover {
  background-color: #F5F5F5;
}

.emotion-16.Mui-selected {
  background-color: rgba(33, 150, 243, 0.08);
}

.emotion-16.Mui-selected:hover {
  background-color: rgba(33, 150, 243, 0.12);
}

.emotion-16.TableBaseRow-selected {
  background-color: #EDF7FE;
}

.emotion-17 {
  font-size: 0.875rem;
  font-weight: 400;
  letter-spacing: 0.15px;
  text-transform: none;
  font-family: Roboto,sans-serif;
  line-height: 1.43;
  display: table-cell;
  vertical-align: inherit;
  border-bottom: 1px solid rgba(251, 251, 251, 1);
  text-align: left;
  padding: 16px;
  color: #212121;
  position: relative;
  border-right: 1px solid #E0E0E0;
  border-bottom: 1px solid #E0E0E0;
}

.emotion-20 {
  cursor: pointer;
  color: #2196F3;
  -webkit-text-decoration: none;
  text-decoration: none;
}

.emotion-20:hover {
  -webkit-text-decoration: underline;
  text-decoration: underline;
}

.emotion-23 {
  max-width: 100%;
  font-family: Roboto,sans-serif;
  font-size: 0.8125rem;
  display: -webkit-inline-box;
  display: -webkit-inline-flex;
  display: -ms-inline-flexbox;
  display: inline-flex;
  -webkit-align-items: center;
  -webkit-box-align: center;
  -ms-flex-align: center;
  align-items: center;
  -webkit-box-pack: center;
  -ms-flex-pack: center;
  -webkit-justify-content: center;
  justify-content: center;
  height: 24px;
  color: #212121;
  background-color: #EBEBEB;
  border-radius: 16px;
  white-space: nowrap;
  -webkit-transition: background-color 300ms cubic-bezier(0.4, 0, 0.2, 1) 0ms,box-shadow 300ms cubic-bezier(0.4, 0, 0.2, 1) 0ms;
  transition: background-color 300ms cubic-bezier(0.4, 0, 0.2, 1) 0ms,box-shadow 300ms cubic-bezier(0.4, 0, 0.2, 1) 0ms;
  cursor: default;
  outline: 0;
  -webkit-text-decoration: none;
  text-decoration: none;
  border: 0;
  padding: 0;
  vertical-align: middle;
  box-sizing: border-box;
  color: rgba(0, 0, 0, 0.87);
  background-color: #E0E0E0;
  background: #F5F5F5;
  color: #757575;
}

.emotion-23.Mui-disabled {
  opacity: 0.38;
  pointer-events: none;
}

.emotion-23 .MuiChip-avatar {
  margin-left: 5px;
  margin-right: -6px;
  width: 24px;
  height: 24px;
  color: #616161;
  font-size: 0.75rem;
}

.emotion-23 .MuiChip-avatarColorPrimary {
  color: #fff;
  background-color: #0B79D0;
}

.emotion-23 .MuiChip-avatarColorSecondary {
  color: #fff;
  background-color: #BE134D;
}

.emotion-23 .MuiChip-avatarSmall {
  margin-left: 4px;
  margin-right: -4px;
  width: 18px;
  height: 18px;
  font-size: 0.625rem;
}

.emotion-23 .MuiChip-icon {
  color: #616161;
  margin-left: 4px;
  margin-right: -4px;
  font-size: 18px;
}

.emotion-23 .MuiChip-deleteIcon {
  -webkit-tap-highlight-color: transparent;
  color: rgba(33, 33, 33, 0.26);
  font-size: 16px;
  cursor: pointer;
  margin: 0 5px 0 -6px;
  margin-right: 4px;
  margin-left: -4px;
}

.emotion-23 .MuiChip-deleteIcon:hover {
  color: rgba(33, 33, 33, 0.4);
}

.emotion-24 {
  overflow: hidden;
  text-overflow: ellipsis;
  padding-left: 8px;
  padding-right: 8px;
  white-space: nowrap;
}

.emotion-30 {
  font-size: 0.875rem;
  font-weight: 400;
  letter-spacing: 0.15px;
  text-transform: none;
  font-family: Roboto,sans-serif;
  line-height: 1.43;
  display: table-cell;
  vertical-align: inherit;
  border-bottom: 1px solid rgba(251, 251, 251, 1);
  text-align: left;
  padding: 16px;
  color: #212121;
  position: relative;
  border-right: none;
  border-bottom: 1px solid #E0E0E0;
}

.emotion-39 {
  max-width: 100%;
  font-family: Roboto,sans-serif;
  font-size: 0.8125rem;
  display: -webkit-inline-box;
  display: -webkit-inline-flex;
  display: -ms-inline-flexbox;
  display: inline-flex;
  -webkit-align-items: center;
  -webkit-box-align: center;
  -ms-flex-align: center;
  align-items: center;
  -webkit-box-pack: center;
  -ms-flex-pack: center;
  -webkit-justify-content: center;
  justify-content: center;
  height: 24px;
  color: #212121;
  background-color: #EBEBEB;
  border-radius: 16px;
  white-space: nowrap;
  -webkit-transition: background-color 300ms cubic-bezier(0.4, 0, 0.2, 1) 0ms,box-shadow 300ms cubic-bezier(0.4, 0, 0.2, 1) 0ms;
  transition: background-color 300ms cubic-bezier(0.4, 0, 0.2, 1) 0ms,box-shadow 300ms cubic-bezier(0.4, 0, 0.2, 1) 0ms;
  cursor: default;
  outline: 0;
  -webkit-text-decoration: none;
  text-decoration: none;
  border: 0;
  padding: 0;
  vertical-align: middle;
  box-sizing: border-box;
  color: rgba(0, 0, 0, 0.87);
  background-color: #E0E0E0;
  background: linear-gradient(0deg, rgba(255, 255, 255, 0.9), rgba(255, 255, 255, 0.9)),#FF9800;
  color: #C77700;
}

.emotion-39.Mui-disabled {
  opacity: 0.38;
  pointer-events: none;
}

.emotion-39 .MuiChip-avatar {
  margin-left: 5px;
  margin-right: -6px;
  width: 24px;
  height: 24px;
  color: #616161;
  font-size: 0.75rem;
}

.emotion-39 .MuiChip-avatarColorPrimary {
  color: #fff;
  background-color: #0B79D0;
}

.emotion-39 .MuiChip-avatarColorSecondary {
  color: #fff;
  background-color: #BE134D;
}

.emotion-39 .MuiChip-avatarSmall {
  margin-left: 4px;
  margin-right: -4px;
  width: 18px;
  height: 18px;
  font-size: 0.625rem;
}

.emotion-39 .MuiChip-icon {
  color: #616161;
  margin-left: 4px;
  margin-right: -4px;
  font-size: 18px;
}

.emotion-39 .MuiChip-deleteIcon {
  -webkit-tap-highlight-color: transparent;
  color: rgba(33, 33, 33, 0.26);
  font-size: 16px;
  cursor: pointer;
  margin: 0 5px 0 -6px;
  margin-right: 4px;
  margin-left: -4px;
}

.emotion-39 .MuiChip-deleteIcon:hover {
  color: rgba(33, 33, 33, 0.4);
}

.emotion-55 {
  max-width: 100%;
  font-family: Roboto,sans-serif;
  font-size: 0.8125rem;
  display: -webkit-inline-box;
  display: -webkit-inline-flex;
  display: -ms-inline-flexbox;
  display: inline-flex;
  -webkit-align-items: center;
  -webkit-box-align: center;
  -ms-flex-align: center;
  align-items: center;
  -webkit-box-pack: center;
  -ms-flex-pack: center;
  -webkit-justify-content: center;
  justify-content: center;
  height: 24px;
  color: #212121;
  background-color: #EBEBEB;
  border-radius: 16px;
  white-space: nowrap;
  -webkit-transition: background-color 300ms cubic-bezier(0.4, 0, 0.2, 1) 0ms,box-shadow 300ms cubic-bezier(0.4, 0, 0.2, 1) 0ms;
  transition: background-color 300ms cubic-bezier(0.4, 0, 0.2, 1) 0ms,box-shadow 300ms cubic-bezier(0.4, 0, 0.2, 1) 0ms;
  cursor: default;
  outline: 0;
  -webkit-text-decoration: none;
  text-decoration: none;
  border: 0;
  padding: 0;
  vertical-align: middle;
  box-sizing: border-box;
  color: rgba(0, 0, 0, 0.87);
  background-color: #E0E0E0;
  background: linear-gradient(0deg, rgba(255, 255, 255, 0.9), rgba(255, 255, 255, 0.9)),#F44336;
  color: #F44336;
}

.emotion-55.Mui-disabled {
  opacity: 0.38;
  pointer-events: none;
}

.emotion-55 .MuiChip-avatar {
  margin-left: 5px;
  margin-right: -6px;
  width: 24px;
  height: 24px;
  color: #616161;
  font-size: 0.75rem;
}

.emotion-55 .MuiChip-avatarColorPrimary {
  color: #fff;
  background-color: #0B79D0;
}

.emotion-55 .MuiChip-avatarColorSecondary {
  color: #fff;
  background-color: #BE134D;
}

.emotion-55 .MuiChip-avatarSmall {
  margin-left: 4px;
  margin-right: -4px;
  width: 18px;
  height: 18px;
  font-size: 0.625rem;
}

.emotion-55 .MuiChip-icon {
  color: #616161;
  margin-left: 4px;
  margin-right: -4px;
  font-size: 18px;
}

.emotion-55 .MuiChip-deleteIcon {
  -webkit-tap-highlight-color: transparent;
  color: rgba(33, 33, 33, 0.26);
  font-size: 16px;
  cursor: pointer;
  margin: 0 5px 0 -6px;
  margin-right: 4px;
  margin-left: -4px;
}

.emotion-55 .MuiChip-deleteIcon:hover {
  color: rgba(33, 33, 33, 0.4);
}

.emotion-71 {
  max-width: 100%;
  font-family: Roboto,sans-serif;
  font-size: 0.8125rem;
  display: -webkit-inline-box;
  display: -webkit-inline-flex;
  display: -ms-inline-flexbox;
  display: inline-flex;
  -webkit-align-items: center;
  -webkit-box-align: center;
  -ms-flex-align: center;
  align-items: center;
  -webkit-box-pack: center;
  -ms-flex-pack: center;
  -webkit-justify-content: center;
  justify-content: center;
  height: 24px;
  color: #212121;
  background-color: #EBEBEB;
  border-radius: 16px;
  white-space: nowrap;
  -webkit-transition: background-color 300ms cubic-bezier(0.4, 0, 0.2, 1) 0ms,box-shadow 300ms cubic-bezier(0.4, 0, 0.2, 1) 0ms;
  transition: background-color 300ms cubic-bezier(0.4, 0, 0.2, 1) 0ms,box-shadow 300ms cubic-bezier(0.4, 0, 0.2, 1) 0ms;
  cursor: default;
  outline: 0;
  -webkit-text-decoration: none;
  text-decoration: none;
  border: 0;
  padding: 0;
  vertical-align: middle;
  box-sizing: border-box;
  color: rgba(0, 0, 0, 0.87);
  background-color: #E0E0E0;
  background: linear-gradient(0deg, rgba(255, 255, 255, 0.9), rgba(255, 255, 255, 0.9)),#4CAF50;
  color: #3B873E;
}

.emotion-71.Mui-disabled {
  opacity: 0.38;
  pointer-events: none;
}

.emotion-71 .MuiChip-avatar {
  margin-left: 5px;
  margin-right: -6px;
  width: 24px;
  height: 24px;
  color: #616161;
  font-size: 0.75rem;
}

.emotion-71 .MuiChip-avatarColorPrimary {
  color: #fff;
  background-color: #0B79D0;
}

.emotion-71 .MuiChip-avatarColorSecondary {
  color: #fff;
  background-color: #BE134D;
}

.emotion-71 .MuiChip-avatarSmall {
  margin-left: 4px;
  margin-right: -4px;
  width: 18px;
  height: 18px;
  font-size: 0.625rem;
}

.emotion-71 .MuiChip-icon {
  color: #616161;
  margin-left: 4px;
  margin-right: -4px;
  font-size: 18px;
}

.emotion-71 .MuiChip-deleteIcon {
  -webkit-tap-highlight-color: transparent;
  color: rgba(33, 33, 33, 0.26);
  font-size: 16px;
  cursor: pointer;
  margin: 0 5px 0 -6px;
  margin-right: 4px;
  margin-left: -4px;
}

.emotion-71 .MuiChip-deleteIcon:hover {
  color: rgba(33, 33, 33, 0.4);
}

<table
  class="MuiTable-root emotion-0"
  data-testid="TableInvoices__table"
>
  <thead
    class="MuiTableHead-root emotion-1"
    data-testid="TableBase__header"
  >
    <tr
      class="MuiTableRow-root MuiTableRow-head emotion-2"
    >
      <th
        class="MuiTableCell-root MuiTableCell-head MuiTableCell-sizeMedium emotion-3"
        scope="col"
        style="min-width: 60px; border-right: 1px solid #E0E0E0; border-bottom: 1px solid #E0E0E0; width: 60px;"
      >
        <p
          class="MuiTypography-root MuiTypography-body2 emotion-4"
          data-testid="TableIndexCell__index"
        />
      </th>
      <th
        class="MuiTableCell-root MuiTableCell-head MuiTableCell-sizeMedium emotion-5"
        data-testid="InvoicesTableCell__columnInvoiceNo"
        scope="col"
      >
        <h6
          class="MuiTypography-root MuiTypography-subtitle2 emotion-6"
          data-testid="TableBase__cellHeader"
        >
          invoiceManagement.columns.invoiceNo
        </h6>
      </th>
      <th
        class="MuiTableCell-root MuiTableCell-head MuiTableCell-sizeMedium emotion-5"
        data-testid="InvoicesTableCell__columnInvoiceStatus"
        scope="col"
      >
        <h6
          class="MuiTypography-root MuiTypography-subtitle2 emotion-6"
          data-testid="TableBase__cellHeader"
        >
          invoiceManagement.columns.invoiceStatus
        </h6>
      </th>
      <th
        class="MuiTableCell-root MuiTableCell-head MuiTableCell-sizeMedium emotion-5"
        data-testid="InvoicesTableCell__columnStudentName"
        scope="col"
      >
        <h6
          class="MuiTypography-root MuiTypography-subtitle2 emotion-6"
          data-testid="TableBase__cellHeader"
        >
          invoiceManagement.columns.studentName
        </h6>
      </th>
      <th
        class="MuiTableCell-root MuiTableCell-head MuiTableCell-sizeMedium emotion-5"
        data-testid="InvoicesTableCell__columnAmount"
        scope="col"
      >
        <h6
          class="MuiTypography-root MuiTypography-subtitle2 emotion-6"
          data-testid="TableBase__cellHeader"
        >
          invoiceManagement.columns.amount
        </h6>
      </th>
      <th
        class="MuiTableCell-root MuiTableCell-head MuiTableCell-sizeMedium emotion-13"
        data-testid="InvoicesTableCell__columnInvoiceType"
        scope="col"
      >
        <h6
          class="MuiTypography-root MuiTypography-subtitle2 emotion-6"
          data-testid="TableBase__cellHeader"
        >
          invoiceManagement.columns.invoiceType
        </h6>
      </th>
    </tr>
  </thead>
  <tbody
    class="MuiTableBody-root emotion-15"
    data-testid="TableBaseBody__root"
  >
    <tr
      class="MuiTableRow-root emotion-16"
      data-testid="TableBase__row"
      data-value="0"
    >
      <td
        class="MuiTableCell-root MuiTableCell-body MuiTableCell-sizeMedium emotion-17"
        style="min-width: 60px;"
      >
        <p
          class="MuiTypography-root MuiTypography-body2 emotion-4"
          data-testid="TableIndexCell__index"
        >
          1
        </p>
      </td>
      <td
        class="MuiTableCell-root MuiTableCell-body MuiTableCell-sizeMedium emotion-17"
        data-testid="InvoicesTableCell__columnInvoiceNo"
      >
        <a
          class="emotion-20"
          href="/invoice/invoice_management/invoice_id_1/show"
        >
          <p
            class="MuiTypography-root MuiTypography-body2 emotion-4"
            data-testid="Invoice__invoiceNo"
          >
            IV-1111
          </p>
        </a>
      </td>
      <td
        class="MuiTableCell-root MuiTableCell-body MuiTableCell-sizeMedium emotion-17"
        data-testid="InvoicesTableCell__columnInvoiceStatus"
      >
        <div
          class="MuiChip-root MuiChip-filled MuiChip-sizeSmall MuiChip-colorDefault MuiChip-filledDefault emotion-23"
          data-testid="ChipInvoiceStatus__root"
        >
          <span
            class="MuiChip-label MuiChip-labelSmall emotion-24"
          >
            invoiceManagement.invoiceStatuses.DRAFT
          </span>
        </div>
      </td>
      <td
        class="MuiTableCell-root MuiTableCell-body MuiTableCell-sizeMedium emotion-17"
        data-testid="InvoicesTableCell__columnStudentName"
      >
        <a
          class="emotion-20"
          href="/user/students_erp/student_id_1/show"
        >
          <p
            class="MuiTypography-root MuiTypography-body2 emotion-4"
            data-testid="Invoice__studentName"
          >
            Student One
          </p>
        </a>
      </td>
      <td
        class="MuiTableCell-root MuiTableCell-body MuiTableCell-sizeMedium emotion-17"
        data-testid="InvoicesTableCell__columnAmount"
      >
        <p
          class="MuiTypography-root MuiTypography-body2 emotion-4"
          data-testid="Invoice__amount"
        >
          ￥1000
        </p>
      </td>
      <td
        class="MuiTableCell-root MuiTableCell-body MuiTableCell-sizeMedium emotion-30"
        data-testid="InvoicesTableCell__columnInvoiceType"
      >
        <p
          class="MuiTypography-root MuiTypography-body2 emotion-4"
          data-testid="Invoice__invoiceType"
        >
          invoiceManagement.invoiceTypes.MANUAL
        </p>
      </td>
    </tr>
    <tr
      class="MuiTableRow-root emotion-16"
      data-testid="TableBase__row"
      data-value="1"
    >
      <td
        class="MuiTableCell-root MuiTableCell-body MuiTableCell-sizeMedium emotion-17"
        style="min-width: 60px;"
      >
        <p
          class="MuiTypography-root MuiTypography-body2 emotion-4"
          data-testid="TableIndexCell__index"
        >
          2
        </p>
      </td>
      <td
        class="MuiTableCell-root MuiTableCell-body MuiTableCell-sizeMedium emotion-17"
        data-testid="InvoicesTableCell__columnInvoiceNo"
      >
        <a
          class="emotion-20"
          href="/invoice/invoice_management/invoice_id_2/show"
        >
          <p
            class="MuiTypography-root MuiTypography-body2 emotion-4"
            data-testid="Invoice__invoiceNo"
          >
            IV-1112
          </p>
        </a>
      </td>
      <td
        class="MuiTableCell-root MuiTableCell-body MuiTableCell-sizeMedium emotion-17"
        data-testid="InvoicesTableCell__columnInvoiceStatus"
      >
        <div
          class="MuiChip-root MuiChip-filled MuiChip-sizeSmall MuiChip-colorDefault MuiChip-filledDefault emotion-39"
          data-testid="ChipInvoiceStatus__root"
        >
          <span
            class="MuiChip-label MuiChip-labelSmall emotion-24"
          >
            invoiceManagement.invoiceStatuses.ISSUED
          </span>
        </div>
      </td>
      <td
        class="MuiTableCell-root MuiTableCell-body MuiTableCell-sizeMedium emotion-17"
        data-testid="InvoicesTableCell__columnStudentName"
      >
        <a
          class="emotion-20"
          href="/user/students_erp/student_id_2/show"
        >
          <p
            class="MuiTypography-root MuiTypography-body2 emotion-4"
            data-testid="Invoice__studentName"
          >
            Student Two
          </p>
        </a>
      </td>
      <td
        class="MuiTableCell-root MuiTableCell-body MuiTableCell-sizeMedium emotion-17"
        data-testid="InvoicesTableCell__columnAmount"
      >
        <p
          class="MuiTypography-root MuiTypography-body2 emotion-4"
          data-testid="Invoice__amount"
        >
          ￥2000
        </p>
      </td>
      <td
        class="MuiTableCell-root MuiTableCell-body MuiTableCell-sizeMedium emotion-30"
        data-testid="InvoicesTableCell__columnInvoiceType"
      >
        <p
          class="MuiTypography-root MuiTypography-body2 emotion-4"
          data-testid="Invoice__invoiceType"
        >
          invoiceManagement.invoiceTypes.SCHEDULED
        </p>
      </td>
    </tr>
    <tr
      class="MuiTableRow-root emotion-16"
      data-testid="TableBase__row"
      data-value="2"
    >
      <td
        class="MuiTableCell-root MuiTableCell-body MuiTableCell-sizeMedium emotion-17"
        style="min-width: 60px;"
      >
        <p
          class="MuiTypography-root MuiTypography-body2 emotion-4"
          data-testid="TableIndexCell__index"
        >
          3
        </p>
      </td>
      <td
        class="MuiTableCell-root MuiTableCell-body MuiTableCell-sizeMedium emotion-17"
        data-testid="InvoicesTableCell__columnInvoiceNo"
      >
        <a
          class="emotion-20"
          href="/invoice/invoice_management/invoice_id_3/show"
        >
          <p
            class="MuiTypography-root MuiTypography-body2 emotion-4"
            data-testid="Invoice__invoiceNo"
          >
            IV-1113
          </p>
        </a>
      </td>
      <td
        class="MuiTableCell-root MuiTableCell-body MuiTableCell-sizeMedium emotion-17"
        data-testid="InvoicesTableCell__columnInvoiceStatus"
      >
        <div
          class="MuiChip-root MuiChip-filled MuiChip-sizeSmall MuiChip-colorDefault MuiChip-filledDefault emotion-55"
          data-testid="ChipInvoiceStatus__root"
        >
          <span
            class="MuiChip-label MuiChip-labelSmall emotion-24"
          >
            invoiceManagement.invoiceStatuses.FAILED
          </span>
        </div>
      </td>
      <td
        class="MuiTableCell-root MuiTableCell-body MuiTableCell-sizeMedium emotion-17"
        data-testid="InvoicesTableCell__columnStudentName"
      >
        <a
          class="emotion-20"
          href="/user/students_erp/student_id_3/show"
        >
          <p
            class="MuiTypography-root MuiTypography-body2 emotion-4"
            data-testid="Invoice__studentName"
          >
            Student Three
          </p>
        </a>
      </td>
      <td
        class="MuiTableCell-root MuiTableCell-body MuiTableCell-sizeMedium emotion-17"
        data-testid="InvoicesTableCell__columnAmount"
      >
        <p
          class="MuiTypography-root MuiTypography-body2 emotion-4"
          data-testid="Invoice__amount"
        >
          ￥3000
        </p>
      </td>
      <td
        class="MuiTableCell-root MuiTableCell-body MuiTableCell-sizeMedium emotion-30"
        data-testid="InvoicesTableCell__columnInvoiceType"
      >
        <p
          class="MuiTypography-root MuiTypography-body2 emotion-4"
          data-testid="Invoice__invoiceType"
        >
          invoiceManagement.invoiceTypes.MANUAL
        </p>
      </td>
    </tr>
    <tr
      class="MuiTableRow-root emotion-16"
      data-testid="TableBase__row"
      data-value="3"
    >
      <td
        class="MuiTableCell-root MuiTableCell-body MuiTableCell-sizeMedium emotion-17"
        style="min-width: 60px;"
      >
        <p
          class="MuiTypography-root MuiTypography-body2 emotion-4"
          data-testid="TableIndexCell__index"
        >
          4
        </p>
      </td>
      <td
        class="MuiTableCell-root MuiTableCell-body MuiTableCell-sizeMedium emotion-17"
        data-testid="InvoicesTableCell__columnInvoiceNo"
      >
        <a
          class="emotion-20"
          href="/invoice/invoice_management/invoice_id_4/show"
        >
          <p
            class="MuiTypography-root MuiTypography-body2 emotion-4"
            data-testid="Invoice__invoiceNo"
          >
            IV-1114
          </p>
        </a>
      </td>
      <td
        class="MuiTableCell-root MuiTableCell-body MuiTableCell-sizeMedium emotion-17"
        data-testid="InvoicesTableCell__columnInvoiceStatus"
      >
        <div
          class="MuiChip-root MuiChip-filled MuiChip-sizeSmall MuiChip-colorDefault MuiChip-filledDefault emotion-71"
          data-testid="ChipInvoiceStatus__root"
        >
          <span
            class="MuiChip-label MuiChip-labelSmall emotion-24"
          >
            invoiceManagement.invoiceStatuses.REFUNDED
          </span>
        </div>
      </td>
      <td
        class="MuiTableCell-root MuiTableCell-body MuiTableCell-sizeMedium emotion-17"
        data-testid="InvoicesTableCell__columnStudentName"
      >
        <a
          class="emotion-20"
          href="/user/students_erp/student_id_4/show"
        >
          <p
            class="MuiTypography-root MuiTypography-body2 emotion-4"
            data-testid="Invoice__studentName"
          >
            Student Four
          </p>
        </a>
      </td>
      <td
        class="MuiTableCell-root MuiTableCell-body MuiTableCell-sizeMedium emotion-17"
        data-testid="InvoicesTableCell__columnAmount"
      >
        <p
          class="MuiTypography-root MuiTypography-body2 emotion-4"
          data-testid="Invoice__amount"
        >
          ￥4000
        </p>
      </td>
      <td
        class="MuiTableCell-root MuiTableCell-body MuiTableCell-sizeMedium emotion-30"
        data-testid="InvoicesTableCell__columnInvoiceType"
      >
        <p
          class="MuiTypography-root MuiTypography-body2 emotion-4"
          data-testid="Invoice__invoiceType"
        >
          invoiceManagement.invoiceTypes.MANUAL
        </p>
      </td>
    </tr>
    <tr
      class="MuiTableRow-root emotion-16"
      data-testid="TableBase__row"
      data-value="4"
    >
      <td
        class="MuiTableCell-root MuiTableCell-body MuiTableCell-sizeMedium emotion-17"
        style="min-width: 60px;"
      >
        <p
          class="MuiTypography-root MuiTypography-body2 emotion-4"
          data-testid="TableIndexCell__index"
        >
          5
        </p>
      </td>
      <td
        class="MuiTableCell-root MuiTableCell-body MuiTableCell-sizeMedium emotion-17"
        data-testid="InvoicesTableCell__columnInvoiceNo"
      >
        <a
          class="emotion-20"
          href="/invoice/invoice_management/invoice_id_5/show"
        >
          <p
            class="MuiTypography-root MuiTypography-body2 emotion-4"
            data-testid="Invoice__invoiceNo"
          >
            IV-1115
          </p>
        </a>
      </td>
      <td
        class="MuiTableCell-root MuiTableCell-body MuiTableCell-sizeMedium emotion-17"
        data-testid="InvoicesTableCell__columnInvoiceStatus"
      >
        <div
          class="MuiChip-root MuiChip-filled MuiChip-sizeSmall MuiChip-colorDefault MuiChip-filledDefault emotion-71"
          data-testid="ChipInvoiceStatus__root"
        >
          <span
            class="MuiChip-label MuiChip-labelSmall emotion-24"
          >
            invoiceManagement.invoiceStatuses.PAID
          </span>
        </div>
      </td>
      <td
        class="MuiTableCell-root MuiTableCell-body MuiTableCell-sizeMedium emotion-17"
        data-testid="InvoicesTableCell__columnStudentName"
      >
        <a
          class="emotion-20"
          href="/user/students_erp/student_id_5/show"
        >
          <p
            class="MuiTypography-root MuiTypography-body2 emotion-4"
            data-testid="Invoice__studentName"
          >
            Student Five
          </p>
        </a>
      </td>
      <td
        class="MuiTableCell-root MuiTableCell-body MuiTableCell-sizeMedium emotion-17"
        data-testid="InvoicesTableCell__columnAmount"
      >
        <p
          class="MuiTypography-root MuiTypography-body2 emotion-4"
          data-testid="Invoice__amount"
        >
          ￥5000
        </p>
      </td>
      <td
        class="MuiTableCell-root MuiTableCell-body MuiTableCell-sizeMedium emotion-30"
        data-testid="InvoicesTableCell__columnInvoiceType"
      >
        <p
          class="MuiTypography-root MuiTypography-body2 emotion-4"
          data-testid="Invoice__invoiceType"
        >
          invoiceManagement.invoiceTypes.SCHEDULED
        </p>
      </td>
    </tr>
  </tbody>
</table>
`;
