// Jest Snapshot v1, https://goo.gl/fbAQLP

exports[`should render correctly should render to match snapshot 1`] = `
.emotion-0 {
  margin: 0 auto;
  width: 100%;
  max-width: 1600px;
}

.emotion-3 {
  margin-bottom: 4px;
}

.emotion-4 {
  margin: 0;
  font-size: 1rem;
  font-weight: 400;
  letter-spacing: 0.15px;
  text-transform: none;
  font-family: Roboto,sans-serif;
  line-height: 1.5;
  color: #757575;
}

.emotion-5 {
  display: -webkit-box;
  display: -webkit-flex;
  display: -ms-flexbox;
  display: flex;
  -webkit-box-flex-wrap: wrap;
  -webkit-flex-wrap: wrap;
  -ms-flex-wrap: wrap;
  flex-wrap: wrap;
  -webkit-align-items: center;
  -webkit-box-align: center;
  -ms-flex-align: center;
  align-items: center;
  padding: 0;
  margin: 0;
  list-style: none;
}

.emotion-6 {
  -webkit-text-decoration: unset;
  text-decoration: unset;
}

.emotion-7 {
  margin: 0;
  font-size: 0.75rem;
  font-weight: 400;
  letter-spacing: 0.4px;
  text-transform: none;
  font-family: Roboto,sans-serif;
  line-height: 1.66;
  color: #757575;
}

.emotion-8 {
  display: -webkit-box;
  display: -webkit-flex;
  display: -ms-flexbox;
  display: flex;
  -webkit-user-select: none;
  -moz-user-select: none;
  -ms-user-select: none;
  user-select: none;
  margin-left: 8px;
  margin-right: 8px;
}

.emotion-9 {
  margin: 0;
  font-size: 0.75rem;
  font-weight: 400;
  letter-spacing: 0.4px;
  text-transform: none;
  font-family: Roboto,sans-serif;
  line-height: 1.66;
  color: #212121;
}

.emotion-10 {
  margin-bottom: 24px;
  display: -webkit-box;
  display: -webkit-flex;
  display: -ms-flexbox;
  display: flex;
  -webkit-align-items: center;
  -webkit-box-align: center;
  -ms-flex-align: center;
  align-items: center;
  -webkit-box-pack: justify;
  -webkit-justify-content: space-between;
  justify-content: space-between;
}

.emotion-11 {
  display: -webkit-box;
  display: -webkit-flex;
  display: -ms-flexbox;
  display: flex;
  -webkit-box-pack: start;
  -ms-flex-pack: start;
  -webkit-justify-content: flex-start;
  justify-content: flex-start;
  -webkit-align-items: center;
  -webkit-box-align: center;
  -ms-flex-align: center;
  align-items: center;
}

.emotion-12 {
  margin-right: 16px;
}

.emotion-13 {
  max-width: 100%;
  font-family: Roboto,sans-serif;
  font-size: 0.8125rem;
  display: -webkit-inline-box;
  display: -webkit-inline-flex;
  display: -ms-inline-flexbox;
  display: inline-flex;
  -webkit-align-items: center;
  -webkit-box-align: center;
  -ms-flex-align: center;
  align-items: center;
  -webkit-box-pack: center;
  -ms-flex-pack: center;
  -webkit-justify-content: center;
  justify-content: center;
  height: 24px;
  color: #212121;
  background-color: #EBEBEB;
  border-radius: 16px;
  white-space: nowrap;
  -webkit-transition: background-color 300ms cubic-bezier(0.4, 0, 0.2, 1) 0ms,box-shadow 300ms cubic-bezier(0.4, 0, 0.2, 1) 0ms;
  transition: background-color 300ms cubic-bezier(0.4, 0, 0.2, 1) 0ms,box-shadow 300ms cubic-bezier(0.4, 0, 0.2, 1) 0ms;
  cursor: default;
  outline: 0;
  -webkit-text-decoration: none;
  text-decoration: none;
  border: 0;
  padding: 0;
  vertical-align: middle;
  box-sizing: border-box;
  color: rgba(0, 0, 0, 0.87);
  background-color: #E0E0E0;
  background: linear-gradient(0deg, rgba(255, 255, 255, 0.9), rgba(255, 255, 255, 0.9)),#4CAF50;
  color: #3B873E;
}

.emotion-13.Mui-disabled {
  opacity: 0.38;
  pointer-events: none;
}

.emotion-13 .MuiChip-avatar {
  margin-left: 5px;
  margin-right: -6px;
  width: 24px;
  height: 24px;
  color: #616161;
  font-size: 0.75rem;
}

.emotion-13 .MuiChip-avatarColorPrimary {
  color: #fff;
  background-color: #0B79D0;
}

.emotion-13 .MuiChip-avatarColorSecondary {
  color: #fff;
  background-color: #BE134D;
}

.emotion-13 .MuiChip-avatarSmall {
  margin-left: 4px;
  margin-right: -4px;
  width: 18px;
  height: 18px;
  font-size: 0.625rem;
}

.emotion-13 .MuiChip-icon {
  color: #616161;
  margin-left: 4px;
  margin-right: -4px;
  font-size: 18px;
}

.emotion-13 .MuiChip-deleteIcon {
  -webkit-tap-highlight-color: transparent;
  color: rgba(33, 33, 33, 0.26);
  font-size: 16px;
  cursor: pointer;
  margin: 0 5px 0 -6px;
  margin-right: 4px;
  margin-left: -4px;
}

.emotion-13 .MuiChip-deleteIcon:hover {
  color: rgba(33, 33, 33, 0.4);
}

.emotion-14 {
  overflow: hidden;
  text-overflow: ellipsis;
  padding-left: 8px;
  padding-right: 8px;
  white-space: nowrap;
}

.emotion-15 {
  padding-bottom: 0px;
}

.emotion-16 {
  margin: 0;
  font-size: 1.25rem;
  font-weight: 500;
  letter-spacing: 0.15px;
  text-transform: none;
  font-family: Roboto,sans-serif;
  line-height: 1.6;
}

.emotion-17 {
  margin-left: 16px;
}

.emotion-18 {
  max-width: 100%;
  font-family: Roboto,sans-serif;
  font-size: 0.8125rem;
  display: -webkit-inline-box;
  display: -webkit-inline-flex;
  display: -ms-inline-flexbox;
  display: inline-flex;
  -webkit-align-items: center;
  -webkit-box-align: center;
  -ms-flex-align: center;
  align-items: center;
  -webkit-box-pack: center;
  -ms-flex-pack: center;
  -webkit-justify-content: center;
  justify-content: center;
  height: 24px;
  color: #212121;
  background-color: #EBEBEB;
  border-radius: 16px;
  white-space: nowrap;
  -webkit-transition: background-color 300ms cubic-bezier(0.4, 0, 0.2, 1) 0ms,box-shadow 300ms cubic-bezier(0.4, 0, 0.2, 1) 0ms;
  transition: background-color 300ms cubic-bezier(0.4, 0, 0.2, 1) 0ms,box-shadow 300ms cubic-bezier(0.4, 0, 0.2, 1) 0ms;
  cursor: default;
  outline: 0;
  -webkit-text-decoration: none;
  text-decoration: none;
  border: 0;
  padding: 0;
  vertical-align: middle;
  box-sizing: border-box;
  color: rgba(0, 0, 0, 0.87);
  background-color: #E0E0E0;
  max-width: 100%;
  white-space: nowrap;
  overflow: hidden;
  text-overflow: ellipsis;
  border: 1px solid #E0E0E0;
  background-color: transparent;
}

.emotion-18.Mui-disabled {
  opacity: 0.38;
  pointer-events: none;
}

.emotion-18 .MuiChip-avatar {
  margin-left: 5px;
  margin-right: -6px;
  width: 24px;
  height: 24px;
  color: #616161;
  font-size: 0.75rem;
}

.emotion-18 .MuiChip-avatarColorPrimary {
  color: #fff;
  background-color: #0B79D0;
}

.emotion-18 .MuiChip-avatarColorSecondary {
  color: #fff;
  background-color: #BE134D;
}

.emotion-18 .MuiChip-avatarSmall {
  margin-left: 4px;
  margin-right: -4px;
  width: 18px;
  height: 18px;
  font-size: 0.625rem;
}

.emotion-18 .MuiChip-icon {
  color: #616161;
  margin-left: 4px;
  margin-right: -4px;
  font-size: 18px;
}

.emotion-18 .MuiChip-deleteIcon {
  -webkit-tap-highlight-color: transparent;
  color: rgba(33, 33, 33, 0.26);
  font-size: 16px;
  cursor: pointer;
  margin: 0 5px 0 -6px;
  margin-right: 4px;
  margin-left: -4px;
}

.emotion-18 .MuiChip-deleteIcon:hover {
  color: rgba(33, 33, 33, 0.4);
}

.emotion-19 {
  margin: 0;
  font-size: 0.75rem;
  font-weight: 400;
  letter-spacing: 0.4px;
  text-transform: none;
  font-family: Roboto,sans-serif;
  line-height: 1.66;
  display: -webkit-box;
  display: -webkit-flex;
  display: -ms-flexbox;
  display: flex;
  -webkit-align-items: center;
  -webkit-box-align: center;
  -ms-flex-align: center;
  align-items: center;
}

.emotion-22 {
  display: -webkit-box;
  display: -webkit-flex;
  display: -ms-flexbox;
  display: flex;
}

.emotion-23 .IconButtonWithAnchorMenu-sizeSmall {
  padding: 10px;
}

.emotion-23.IconButtonWithAnchorMenu-root:hover {
  color: #2196F3;
}

.emotion-23 .IconButtonWithAnchorMenu-iconButton {
  border-radius: 8px;
  background-color: #EEEEEE;
}

.emotion-24 {
  display: -webkit-inline-box;
  display: -webkit-inline-flex;
  display: -ms-inline-flexbox;
  display: inline-flex;
  -webkit-align-items: center;
  -webkit-box-align: center;
  -ms-flex-align: center;
  align-items: center;
  -webkit-box-pack: center;
  -ms-flex-pack: center;
  -webkit-justify-content: center;
  justify-content: center;
  position: relative;
  box-sizing: border-box;
  -webkit-tap-highlight-color: transparent;
  background-color: transparent;
  outline: 0;
  border: 0;
  margin: 0;
  border-radius: 0;
  padding: 0;
  cursor: pointer;
  -webkit-user-select: none;
  -moz-user-select: none;
  -ms-user-select: none;
  user-select: none;
  vertical-align: middle;
  -moz-appearance: none;
  -webkit-appearance: none;
  -webkit-text-decoration: none;
  text-decoration: none;
  color: inherit;
  text-align: center;
  -webkit-flex: 0 0 auto;
  -ms-flex: 0 0 auto;
  flex: 0 0 auto;
  font-size: 1.5rem;
  padding: 8px;
  border-radius: 50%;
  overflow: visible;
  color: rgba(0, 0, 0, 0.54);
  -webkit-transition: background-color 150ms cubic-bezier(0.4, 0, 0.2, 1) 0ms;
  transition: background-color 150ms cubic-bezier(0.4, 0, 0.2, 1) 0ms;
  padding: 12px;
  font-size: 1.75rem;
  width: 40px;
  height: 40px;
}

.emotion-24::-moz-focus-inner {
  border-style: none;
}

.emotion-24.Mui-disabled {
  pointer-events: none;
  cursor: default;
}

@media print {
  .emotion-24 {
    -webkit-print-color-adjust: exact;
    color-adjust: exact;
  }
}

.emotion-24:hover {
  background-color: rgba(0, 0, 0, 0.04);
}

@media (hover: none) {
  .emotion-24:hover {
    background-color: transparent;
  }
}

.emotion-24.Mui-disabled {
  background-color: transparent;
  color: #BDBDBD;
}

.emotion-25 {
  -webkit-user-select: none;
  -moz-user-select: none;
  -ms-user-select: none;
  user-select: none;
  width: 1em;
  height: 1em;
  display: inline-block;
  fill: currentColor;
  -webkit-flex-shrink: 0;
  -ms-flex-negative: 0;
  flex-shrink: 0;
  -webkit-transition: fill 200ms cubic-bezier(0.4, 0, 0.2, 1) 0ms;
  transition: fill 200ms cubic-bezier(0.4, 0, 0.2, 1) 0ms;
  font-size: 1.25rem;
}

.emotion-26 {
  overflow: hidden;
  pointer-events: none;
  position: absolute;
  z-index: 0;
  top: 0;
  right: 0;
  bottom: 0;
  left: 0;
  border-radius: inherit;
}

.emotion-28 {
  overflow: hidden;
  min-height: 48px;
  -webkit-overflow-scrolling: touch;
  display: -webkit-box;
  display: -webkit-flex;
  display: -ms-flexbox;
  display: flex;
}

@media (max-width:599.95px) {
  .emotion-28 .MuiTabs-scrollButtons {
    display: none;
  }
}

.emotion-29 {
  position: relative;
  display: inline-block;
  -webkit-flex: 1 1 auto;
  -ms-flex: 1 1 auto;
  flex: 1 1 auto;
  white-space: nowrap;
  overflow-x: hidden;
  width: 100%;
}

.emotion-30 {
  display: -webkit-box;
  display: -webkit-flex;
  display: -ms-flexbox;
  display: flex;
}

.emotion-31 {
  display: -webkit-inline-box;
  display: -webkit-inline-flex;
  display: -ms-inline-flexbox;
  display: inline-flex;
  -webkit-align-items: center;
  -webkit-box-align: center;
  -ms-flex-align: center;
  align-items: center;
  -webkit-box-pack: center;
  -ms-flex-pack: center;
  -webkit-justify-content: center;
  justify-content: center;
  position: relative;
  box-sizing: border-box;
  -webkit-tap-highlight-color: transparent;
  background-color: transparent;
  outline: 0;
  border: 0;
  margin: 0;
  border-radius: 0;
  padding: 0;
  cursor: pointer;
  -webkit-user-select: none;
  -moz-user-select: none;
  -ms-user-select: none;
  user-select: none;
  vertical-align: middle;
  -moz-appearance: none;
  -webkit-appearance: none;
  -webkit-text-decoration: none;
  text-decoration: none;
  color: inherit;
  font-size: 0.875rem;
  font-weight: 500;
  letter-spacing: 0.4px;
  text-transform: capitalize;
  font-family: Roboto,sans-serif;
  line-height: 1.25;
  max-width: 360px;
  min-width: 90px;
  position: relative;
  min-height: 48px;
  -webkit-flex-shrink: 0;
  -ms-flex-negative: 0;
  flex-shrink: 0;
  padding: 12px 16px;
  overflow: hidden;
  white-space: normal;
  text-align: center;
  -webkit-flex-direction: column;
  -ms-flex-direction: column;
  flex-direction: column;
  color: #757575;
  line-height: 1.75;
  padding: 6px 12px;
}

.emotion-31::-moz-focus-inner {
  border-style: none;
}

.emotion-31.Mui-disabled {
  pointer-events: none;
  cursor: default;
}

@media print {
  .emotion-31 {
    -webkit-print-color-adjust: exact;
    color-adjust: exact;
  }
}

.emotion-31.Mui-selected {
  color: #2196F3;
}

.emotion-31.Mui-disabled {
  color: #9E9E9E;
}

@media (min-width:600px) {
  .emotion-31 {
    min-width: 7rem;
  }
}

.emotion-43 {
  position: absolute;
  height: 2px;
  bottom: 0;
  width: 100%;
  -webkit-transition: all 300ms cubic-bezier(0.4, 0, 0.2, 1) 0ms;
  transition: all 300ms cubic-bezier(0.4, 0, 0.2, 1) 0ms;
  background-color: #2196F3;
}

.emotion-44 {
  margin: 0;
  -webkit-flex-shrink: 0;
  -ms-flex-negative: 0;
  flex-shrink: 0;
  border-width: 0;
  border-style: solid;
  border-color: #E0E0E0;
  border-bottom-width: thin;
}

.emotion-46 {
  margin-top: 24px;
  padding-bottom: 24px;
}

.emotion-46 .TabStudentDetail-labelOneColumn {
  max-width: 12.5%;
}

.emotion-46 .TabStudentDetail-valueOneColumn {
  max-width: 37.2%;
  white-space: pre-wrap;
}

.emotion-46 .TabStudentDetail-breakWord {
  word-break: break-word;
}

.emotion-47 {
  box-sizing: border-box;
  display: -webkit-box;
  display: -webkit-flex;
  display: -ms-flexbox;
  display: flex;
  -webkit-box-flex-wrap: wrap;
  -webkit-flex-wrap: wrap;
  -ms-flex-wrap: wrap;
  flex-wrap: wrap;
  width: 100%;
  -webkit-flex-direction: row;
  -ms-flex-direction: row;
  flex-direction: row;
  margin-top: -32px;
  width: calc(100% + 32px);
  margin-left: -32px;
  -webkit-box-pack: justify;
  -webkit-justify-content: space-between;
  justify-content: space-between;
}

.emotion-47>.MuiGrid-item {
  padding-top: 32px;
}

.emotion-47>.MuiGrid-item {
  padding-left: 32px;
}

.emotion-48 {
  box-sizing: border-box;
  margin: 0;
  -webkit-flex-direction: row;
  -ms-flex-direction: row;
  flex-direction: row;
}

.emotion-49 {
  margin-bottom: 24px;
}

.emotion-52 {
  display: -webkit-inline-box;
  display: -webkit-inline-flex;
  display: -ms-inline-flexbox;
  display: inline-flex;
  -webkit-align-items: center;
  -webkit-box-align: center;
  -ms-flex-align: center;
  align-items: center;
  -webkit-box-pack: center;
  -ms-flex-pack: center;
  -webkit-justify-content: center;
  justify-content: center;
  position: relative;
  box-sizing: border-box;
  -webkit-tap-highlight-color: transparent;
  background-color: transparent;
  outline: 0;
  border: 0;
  margin: 0;
  border-radius: 0;
  padding: 0;
  cursor: pointer;
  -webkit-user-select: none;
  -moz-user-select: none;
  -ms-user-select: none;
  user-select: none;
  vertical-align: middle;
  -moz-appearance: none;
  -webkit-appearance: none;
  -webkit-text-decoration: none;
  text-decoration: none;
  color: inherit;
  font-size: 0.875rem;
  font-weight: 500;
  letter-spacing: 0.4px;
  text-transform: capitalize;
  font-family: Roboto,sans-serif;
  line-height: 1.75;
  min-width: 64px;
  padding: 5px 15px;
  border-radius: 4px;
  -webkit-transition: background-color 250ms cubic-bezier(0.4, 0, 0.2, 1) 0ms,box-shadow 250ms cubic-bezier(0.4, 0, 0.2, 1) 0ms,border-color 250ms cubic-bezier(0.4, 0, 0.2, 1) 0ms,color 250ms cubic-bezier(0.4, 0, 0.2, 1) 0ms;
  transition: background-color 250ms cubic-bezier(0.4, 0, 0.2, 1) 0ms,box-shadow 250ms cubic-bezier(0.4, 0, 0.2, 1) 0ms,border-color 250ms cubic-bezier(0.4, 0, 0.2, 1) 0ms,color 250ms cubic-bezier(0.4, 0, 0.2, 1) 0ms;
  border: 1px solid rgba(33, 150, 243, 0.5);
  color: #2196F3;
  border-radius: 4px;
}

.emotion-52::-moz-focus-inner {
  border-style: none;
}

.emotion-52.Mui-disabled {
  pointer-events: none;
  cursor: default;
}

@media print {
  .emotion-52 {
    -webkit-print-color-adjust: exact;
    color-adjust: exact;
  }
}

.emotion-52:hover {
  -webkit-text-decoration: none;
  text-decoration: none;
  background-color: rgba(33, 150, 243, 0.04);
  border: 1px solid #2196F3;
}

@media (hover: none) {
  .emotion-52:hover {
    background-color: transparent;
  }
}

.emotion-52.Mui-disabled {
  color: #BDBDBD;
  border: 1px solid #E0E0E0;
}

.emotion-53 {
  display: inherit;
  margin-right: 8px;
  margin-left: -4px;
}

.emotion-53>*:nth-of-type(1) {
  font-size: 20px;
}

.emotion-54 {
  -webkit-user-select: none;
  -moz-user-select: none;
  -ms-user-select: none;
  user-select: none;
  width: 1em;
  height: 1em;
  display: inline-block;
  fill: currentColor;
  -webkit-flex-shrink: 0;
  -ms-flex-negative: 0;
  flex-shrink: 0;
  -webkit-transition: fill 200ms cubic-bezier(0.4, 0, 0.2, 1) 0ms;
  transition: fill 200ms cubic-bezier(0.4, 0, 0.2, 1) 0ms;
  font-size: 1.5rem;
}

.emotion-57 {
  margin-bottom: 8px;
}

.emotion-58 {
  margin: 0;
  font-size: 1rem;
  font-weight: 400;
  letter-spacing: 0.15px;
  text-transform: none;
  font-family: Roboto,sans-serif;
  line-height: 1.5;
  color: #212121;
}

.emotion-59 {
  display: -webkit-box;
  display: -webkit-flex;
  display: -ms-flexbox;
  display: flex;
  -webkit-flex-direction: row;
  -ms-flex-direction: row;
  flex-direction: row;
  padding-top: 6px;
  padding-bottom: 6px;
}

.emotion-60 {
  box-sizing: border-box;
  display: -webkit-box;
  display: -webkit-flex;
  display: -ms-flexbox;
  display: flex;
  -webkit-box-flex-wrap: wrap;
  -webkit-flex-wrap: wrap;
  -ms-flex-wrap: wrap;
  flex-wrap: wrap;
  width: 100%;
  -webkit-flex-direction: row;
  -ms-flex-direction: row;
  flex-direction: row;
}

.emotion-61 {
  box-sizing: border-box;
  display: -webkit-box;
  display: -webkit-flex;
  display: -ms-flexbox;
  display: flex;
  -webkit-box-flex-wrap: wrap;
  -webkit-flex-wrap: wrap;
  -ms-flex-wrap: wrap;
  flex-wrap: wrap;
  width: 100%;
  -webkit-flex-direction: row;
  -ms-flex-direction: row;
  flex-direction: row;
  word-break: break-word;
}

.emotion-62 {
  box-sizing: border-box;
  margin: 0;
  -webkit-flex-direction: row;
  -ms-flex-direction: row;
  flex-direction: row;
  -webkit-flex-basis: 25%;
  -ms-flex-preferred-size: 25%;
  flex-basis: 25%;
  -webkit-box-flex: 0;
  -webkit-flex-grow: 0;
  -ms-flex-positive: 0;
  flex-grow: 0;
  max-width: 25%;
}

@media (min-width:600px) {
  .emotion-62 {
    -webkit-flex-basis: 25%;
    -ms-flex-preferred-size: 25%;
    flex-basis: 25%;
    -webkit-box-flex: 0;
    -webkit-flex-grow: 0;
    -ms-flex-positive: 0;
    flex-grow: 0;
    max-width: 25%;
  }
}

@media (min-width:960px) {
  .emotion-62 {
    -webkit-flex-basis: 25%;
    -ms-flex-preferred-size: 25%;
    flex-basis: 25%;
    -webkit-box-flex: 0;
    -webkit-flex-grow: 0;
    -ms-flex-positive: 0;
    flex-grow: 0;
    max-width: 25%;
  }
}

@media (min-width:1440px) {
  .emotion-62 {
    -webkit-flex-basis: 25%;
    -ms-flex-preferred-size: 25%;
    flex-basis: 25%;
    -webkit-box-flex: 0;
    -webkit-flex-grow: 0;
    -ms-flex-positive: 0;
    flex-grow: 0;
    max-width: 25%;
  }
}

@media (min-width:1920px) {
  .emotion-62 {
    -webkit-flex-basis: 25%;
    -ms-flex-preferred-size: 25%;
    flex-basis: 25%;
    -webkit-box-flex: 0;
    -webkit-flex-grow: 0;
    -ms-flex-positive: 0;
    flex-grow: 0;
    max-width: 25%;
  }
}

.emotion-64 {
  box-sizing: border-box;
  margin: 0;
  -webkit-flex-direction: row;
  -ms-flex-direction: row;
  flex-direction: row;
  -webkit-flex-basis: 66.666667%;
  -ms-flex-preferred-size: 66.666667%;
  flex-basis: 66.666667%;
  -webkit-box-flex: 0;
  -webkit-flex-grow: 0;
  -ms-flex-positive: 0;
  flex-grow: 0;
  max-width: 66.666667%;
}

@media (min-width:600px) {
  .emotion-64 {
    -webkit-flex-basis: 66.666667%;
    -ms-flex-preferred-size: 66.666667%;
    flex-basis: 66.666667%;
    -webkit-box-flex: 0;
    -webkit-flex-grow: 0;
    -ms-flex-positive: 0;
    flex-grow: 0;
    max-width: 66.666667%;
  }
}

@media (min-width:960px) {
  .emotion-64 {
    -webkit-flex-basis: 66.666667%;
    -ms-flex-preferred-size: 66.666667%;
    flex-basis: 66.666667%;
    -webkit-box-flex: 0;
    -webkit-flex-grow: 0;
    -ms-flex-positive: 0;
    flex-grow: 0;
    max-width: 66.666667%;
  }
}

@media (min-width:1440px) {
  .emotion-64 {
    -webkit-flex-basis: 66.666667%;
    -ms-flex-preferred-size: 66.666667%;
    flex-basis: 66.666667%;
    -webkit-box-flex: 0;
    -webkit-flex-grow: 0;
    -ms-flex-positive: 0;
    flex-grow: 0;
    max-width: 66.666667%;
  }
}

@media (min-width:1920px) {
  .emotion-64 {
    -webkit-flex-basis: 66.666667%;
    -ms-flex-preferred-size: 66.666667%;
    flex-basis: 66.666667%;
    -webkit-box-flex: 0;
    -webkit-flex-grow: 0;
    -ms-flex-positive: 0;
    flex-grow: 0;
    max-width: 66.666667%;
  }
}

.emotion-66 {
  margin: 0;
  font-size: 0.875rem;
  font-weight: 400;
  letter-spacing: 0.15px;
  text-transform: none;
  font-family: Roboto,sans-serif;
  line-height: 1.43;
}

.emotion-137 {
  margin-top: 24px;
  margin-bottom: 24px;
}

.emotion-138 {
  margin: 0;
  -webkit-flex-shrink: 0;
  -ms-flex-negative: 0;
  flex-shrink: 0;
  border-width: 0;
  border-style: solid;
  border-color: #E0E0E0;
  border-bottom-width: thin;
  border-top: 1px dashed #E0E0E0;
  border-bottom: 0px solid;
  height: 0;
  background-color: transparent;
}

.emotion-144 {
  box-sizing: border-box;
  margin: 0;
  -webkit-flex-direction: row;
  -ms-flex-direction: row;
  flex-direction: row;
  -webkit-flex-basis: 25%;
  -ms-flex-preferred-size: 25%;
  flex-basis: 25%;
  -webkit-box-flex: 0;
  -webkit-flex-grow: 0;
  -ms-flex-positive: 0;
  flex-grow: 0;
  max-width: 25%;
}

@media (min-width:600px) {
  .emotion-144 {
    -webkit-flex-basis: 25%;
    -ms-flex-preferred-size: 25%;
    flex-basis: 25%;
    -webkit-box-flex: 0;
    -webkit-flex-grow: 0;
    -ms-flex-positive: 0;
    flex-grow: 0;
    max-width: 25%;
  }
}

@media (min-width:960px) {
  .emotion-144 {
    -webkit-flex-basis: 25%;
    -ms-flex-preferred-size: 25%;
    flex-basis: 25%;
    -webkit-box-flex: 0;
    -webkit-flex-grow: 0;
    -ms-flex-positive: 0;
    flex-grow: 0;
    max-width: 25%;
  }
}

@media (min-width:1440px) {
  .emotion-144 {
    -webkit-flex-basis: 25%;
    -ms-flex-preferred-size: 25%;
    flex-basis: 25%;
    -webkit-box-flex: 0;
    -webkit-flex-grow: 0;
    -ms-flex-positive: 0;
    flex-grow: 0;
    max-width: 25%;
  }
}

@media (min-width:1920px) {
  .emotion-144 {
    -webkit-flex-basis: 25%;
    -ms-flex-preferred-size: 25%;
    flex-basis: 25%;
    -webkit-box-flex: 0;
    -webkit-flex-grow: 0;
    -ms-flex-positive: 0;
    flex-grow: 0;
    max-width: 25%;
  }
}

.emotion-144 .MuiTypography-root {
  max-width: 130px;
  display: inline-block;
}

.emotion-225 {
  margin-bottom: 16px;
}

.emotion-227 {
  position: relative;
  box-shadow: 0px 3px 3px -2px rgba(0, 0, 0, 0.2),0px 3px 4px rgba(0, 0, 0, 0.14),0px 1px 8px rgba(0, 0, 0, 0.12);
  border-radius: 4px;
  overflow: hidden;
}

.emotion-228 {
  width: 100%;
  overflow-x: auto;
}

.emotion-229 {
  display: table;
  width: 100%;
  border-collapse: collapse;
  border-spacing: 0;
}

.emotion-229 caption {
  font-size: 0.875rem;
  font-weight: 400;
  letter-spacing: 0.15px;
  text-transform: none;
  font-family: Roboto,sans-serif;
  line-height: 1.43;
  padding: 16px;
  color: #757575;
  text-align: left;
  caption-side: bottom;
}

.emotion-230 {
  display: table-header-group;
}

.emotion-231 {
  color: inherit;
  display: table-row;
  vertical-align: middle;
  outline: 0;
}

.emotion-231.MuiTableRow-hover:hover {
  background-color: #F5F5F5;
}

.emotion-231.Mui-selected {
  background-color: rgba(33, 150, 243, 0.08);
}

.emotion-231.Mui-selected:hover {
  background-color: rgba(33, 150, 243, 0.12);
}

.emotion-232 {
  font-size: 0.875rem;
  font-weight: 500;
  letter-spacing: 0.15px;
  text-transform: none;
  font-family: Roboto,sans-serif;
  line-height: 1.5rem;
  display: table-cell;
  vertical-align: inherit;
  border-bottom: 1px solid rgba(251, 251, 251, 1);
  text-align: left;
  padding: 16px;
  color: #212121;
  position: relative;
}

.emotion-234 {
  font-size: 0.875rem;
  font-weight: 500;
  letter-spacing: 0.15px;
  text-transform: none;
  font-family: Roboto,sans-serif;
  line-height: 1.5rem;
  display: table-cell;
  vertical-align: inherit;
  border-bottom: 1px solid rgba(251, 251, 251, 1);
  text-align: left;
  padding: 16px;
  color: #212121;
  position: relative;
  border-right: 1px solid #E0E0E0;
  border-bottom: 1px solid #E0E0E0;
  width: 110px;
}

.emotion-235 {
  margin: 0;
  font-size: 0.875rem;
  font-weight: 500;
  letter-spacing: 0.1px;
  text-transform: none;
  font-family: Roboto,sans-serif;
  line-height: 1.57;
}

.emotion-236 {
  font-size: 0.875rem;
  font-weight: 500;
  letter-spacing: 0.15px;
  text-transform: none;
  font-family: Roboto,sans-serif;
  line-height: 1.5rem;
  display: table-cell;
  vertical-align: inherit;
  border-bottom: 1px solid rgba(251, 251, 251, 1);
  text-align: left;
  padding: 16px;
  color: #212121;
  position: relative;
  border-right: 1px solid #E0E0E0;
  border-bottom: 1px solid #E0E0E0;
  width: 437px;
}

.emotion-240 {
  font-size: 0.875rem;
  font-weight: 500;
  letter-spacing: 0.15px;
  text-transform: none;
  font-family: Roboto,sans-serif;
  line-height: 1.5rem;
  display: table-cell;
  vertical-align: inherit;
  border-bottom: 1px solid rgba(251, 251, 251, 1);
  text-align: left;
  padding: 16px;
  color: #212121;
  position: relative;
  border-right: 1px solid #E0E0E0;
  border-bottom: 1px solid #E0E0E0;
  width: 130px;
}

.emotion-242 {
  font-size: 0.875rem;
  font-weight: 500;
  letter-spacing: 0.15px;
  text-transform: none;
  font-family: Roboto,sans-serif;
  line-height: 1.5rem;
  display: table-cell;
  vertical-align: inherit;
  border-bottom: 1px solid rgba(251, 251, 251, 1);
  text-align: left;
  padding: 16px;
  color: #212121;
  position: relative;
  border-right: none;
  border-bottom: 1px solid #E0E0E0;
  width: 130px;
}

.emotion-244 {
  display: table-row-group;
}

.emotion-245 {
  color: inherit;
  display: table-row;
  vertical-align: middle;
  outline: 0;
}

.emotion-245.MuiTableRow-hover:hover {
  background-color: #F5F5F5;
}

.emotion-245.Mui-selected {
  background-color: rgba(33, 150, 243, 0.08);
}

.emotion-245.Mui-selected:hover {
  background-color: rgba(33, 150, 243, 0.12);
}

.emotion-245.TableBaseRow-selected {
  background-color: #EDF7FE;
}

.emotion-246 {
  font-size: 0.875rem;
  font-weight: 400;
  letter-spacing: 0.15px;
  text-transform: none;
  font-family: Roboto,sans-serif;
  line-height: 1.43;
  display: table-cell;
  vertical-align: inherit;
  border-bottom: 1px solid rgba(251, 251, 251, 1);
  text-align: left;
  padding: 16px;
  color: #212121;
  position: relative;
  border-right: 1px solid #E0E0E0;
  border-bottom: 1px solid #E0E0E0;
}

.emotion-248 {
  font-size: 0.875rem;
  font-weight: 400;
  letter-spacing: 0.15px;
  text-transform: none;
  font-family: Roboto,sans-serif;
  line-height: 1.43;
  display: table-cell;
  vertical-align: inherit;
  border-bottom: 1px solid rgba(251, 251, 251, 1);
  text-align: left;
  padding: 16px;
  color: #212121;
  position: relative;
  border-right: 1px solid #E0E0E0;
  border-bottom: 1px solid #E0E0E0;
  width: 110px;
}

.emotion-250 {
  font-size: 0.875rem;
  font-weight: 400;
  letter-spacing: 0.15px;
  text-transform: none;
  font-family: Roboto,sans-serif;
  line-height: 1.43;
  display: table-cell;
  vertical-align: inherit;
  border-bottom: 1px solid rgba(251, 251, 251, 1);
  text-align: left;
  padding: 16px;
  color: #212121;
  position: relative;
  border-right: 1px solid #E0E0E0;
  border-bottom: 1px solid #E0E0E0;
  width: 437px;
}

.emotion-251 {
  display: -webkit-box;
  display: -webkit-flex;
  display: -ms-flexbox;
  display: flex;
  -webkit-align-items: center;
  -webkit-box-align: center;
  -ms-flex-align: center;
  align-items: center;
}

.emotion-252 {
  margin: 0;
  font-size: 0.875rem;
  font-weight: 400;
  letter-spacing: 0.15px;
  text-transform: none;
  font-family: Roboto,sans-serif;
  line-height: 1.43;
  color: #4CAF50;
  padding-right: 4px;
}

.emotion-256 {
  font-size: 0.875rem;
  font-weight: 400;
  letter-spacing: 0.15px;
  text-transform: none;
  font-family: Roboto,sans-serif;
  line-height: 1.43;
  display: table-cell;
  vertical-align: inherit;
  border-bottom: 1px solid rgba(251, 251, 251, 1);
  text-align: left;
  padding: 16px;
  color: #212121;
  position: relative;
  border-right: 1px solid #E0E0E0;
  border-bottom: 1px solid #E0E0E0;
  width: 130px;
}

.emotion-258 {
  font-size: 0.875rem;
  font-weight: 400;
  letter-spacing: 0.15px;
  text-transform: none;
  font-family: Roboto,sans-serif;
  line-height: 1.43;
  display: table-cell;
  vertical-align: inherit;
  border-bottom: 1px solid rgba(251, 251, 251, 1);
  text-align: left;
  padding: 16px;
  color: #212121;
  position: relative;
  border-right: none;
  border-bottom: 1px solid #E0E0E0;
  width: 130px;
}

.emotion-274 {
  overflow: auto;
  color: #212121;
  font-size: 0.875rem;
}

.emotion-274:last-child {
  padding: 0;
}

.emotion-274 .MuiInputBase-input {
  padding: 9px 35px 7px 8px;
  font-size: 12px;
}

.emotion-274 .MuiTablePagination-selectIcon {
  top: calc(50% - 13px);
  right: 7px;
}

.emotion-274 .MuiTablePagination-select {
  padding-right: 35px!important;
}

.emotion-275 {
  position: relative;
  display: -webkit-box;
  display: -webkit-flex;
  display: -ms-flexbox;
  display: flex;
  -webkit-align-items: center;
  -webkit-box-align: center;
  -ms-flex-align: center;
  align-items: center;
  padding-left: 16px;
  padding-right: 16px;
  min-height: 56px;
  min-height: 52px;
  padding-right: 2px;
}

@media (min-width:600px) {
  .emotion-275 {
    padding-left: 24px;
    padding-right: 24px;
  }
}

@media (min-width:0px) and (orientation: landscape) {
  .emotion-275 {
    min-height: 48px;
  }
}

@media (min-width:600px) {
  .emotion-275 {
    min-height: 64px;
  }
}

@media (min-width:0px) and (orientation: landscape) {
  .emotion-275 {
    min-height: 52px;
  }
}

@media (min-width:600px) {
  .emotion-275 {
    min-height: 52px;
    padding-right: 2px;
  }
}

.emotion-275 .MuiTablePagination-actions {
  -webkit-flex-shrink: 0;
  -ms-flex-negative: 0;
  flex-shrink: 0;
  margin-left: 20px;
}

.emotion-276 {
  -webkit-flex: 1 1 100%;
  -ms-flex: 1 1 100%;
  flex: 1 1 100%;
}

.emotion-277 {
  font-size: 0.875rem;
  font-weight: 400;
  letter-spacing: 0.15px;
  text-transform: none;
  font-family: Roboto,sans-serif;
  line-height: 1.43;
  -webkit-flex-shrink: 0;
  -ms-flex-negative: 0;
  flex-shrink: 0;
}

.emotion-278 {
  margin: 0;
  font-size: 0.75rem;
  font-weight: 400;
  letter-spacing: 0.4px;
  text-transform: none;
  font-family: Roboto,sans-serif;
  line-height: 1.66;
}

.emotion-279 {
  font-size: 1rem;
  font-weight: 400;
  letter-spacing: 0.15px;
  text-transform: none;
  font-family: Roboto,sans-serif;
  line-height: 1.4375em;
  color: #212121;
  box-sizing: border-box;
  position: relative;
  cursor: text;
  display: -webkit-inline-box;
  display: -webkit-inline-flex;
  display: -ms-inline-flexbox;
  display: inline-flex;
  -webkit-align-items: center;
  -webkit-box-align: center;
  -ms-flex-align: center;
  align-items: center;
  line-height: 1.1876em;
  color: inherit;
  font-size: inherit;
  -webkit-flex-shrink: 0;
  -ms-flex-negative: 0;
  flex-shrink: 0;
  margin-right: 32px;
  margin-left: 8px;
}

.emotion-279.Mui-disabled {
  color: #9E9E9E;
  cursor: default;
}

.emotion-279 .MuiTablePagination-select {
  padding-left: 8px;
  padding-right: 24px;
  text-align: right;
  -webkit-text-align-last: right;
  text-align-last: right;
}

.emotion-280 {
  -moz-appearance: none;
  -webkit-appearance: none;
  -webkit-user-select: none;
  -moz-user-select: none;
  -ms-user-select: none;
  user-select: none;
  border-radius: 0;
  cursor: pointer;
  font: inherit;
  letter-spacing: inherit;
  color: currentColor;
  padding: 4px 0 5px;
  border: 0;
  box-sizing: content-box;
  background: none;
  height: 1.4375em;
  margin: 0;
  -webkit-tap-highlight-color: transparent;
  display: block;
  min-width: 0;
  width: 100%;
  -webkit-animation-name: mui-auto-fill-cancel;
  animation-name: mui-auto-fill-cancel;
  -webkit-animation-duration: 10ms;
  animation-duration: 10ms;
}

.emotion-280:focus {
  background-color: rgba(0, 0, 0, 0.05);
  border-radius: 0;
}

.emotion-280::-ms-expand {
  display: none;
}

.emotion-280.Mui-disabled {
  cursor: default;
}

.emotion-280[multiple] {
  height: auto;
}

.emotion-280:not([multiple]) option,
.emotion-280:not([multiple]) optgroup {
  background-color: #fff;
}

.emotion-280.emotion-280.emotion-280 {
  padding-right: 24px;
  min-width: 16px;
}

.emotion-280.MuiSelect-select {
  height: auto;
  min-height: 1.4375em;
  text-overflow: ellipsis;
  white-space: nowrap;
  overflow: hidden;
}

.emotion-280.MuiSelect-select {
  line-height: 1.4375em;
}

.emotion-280::-webkit-input-placeholder {
  color: currentColor;
  opacity: 0.42;
  -webkit-transition: opacity 200ms cubic-bezier(0.4, 0, 0.2, 1) 0ms;
  transition: opacity 200ms cubic-bezier(0.4, 0, 0.2, 1) 0ms;
}

.emotion-280::-moz-placeholder {
  color: currentColor;
  opacity: 0.42;
  -webkit-transition: opacity 200ms cubic-bezier(0.4, 0, 0.2, 1) 0ms;
  transition: opacity 200ms cubic-bezier(0.4, 0, 0.2, 1) 0ms;
}

.emotion-280:-ms-input-placeholder {
  color: currentColor;
  opacity: 0.42;
  -webkit-transition: opacity 200ms cubic-bezier(0.4, 0, 0.2, 1) 0ms;
  transition: opacity 200ms cubic-bezier(0.4, 0, 0.2, 1) 0ms;
}

.emotion-280::-ms-input-placeholder {
  color: currentColor;
  opacity: 0.42;
  -webkit-transition: opacity 200ms cubic-bezier(0.4, 0, 0.2, 1) 0ms;
  transition: opacity 200ms cubic-bezier(0.4, 0, 0.2, 1) 0ms;
}

.emotion-280:focus {
  outline: 0;
}

.emotion-280:invalid {
  box-shadow: none;
}

.emotion-280::-webkit-search-decoration {
  -webkit-appearance: none;
}

label[data-shrink=false]+.MuiInputBase-formControl .emotion-280::-webkit-input-placeholder {
  opacity: 0!important;
}

label[data-shrink=false]+.MuiInputBase-formControl .emotion-280::-moz-placeholder {
  opacity: 0!important;
}

label[data-shrink=false]+.MuiInputBase-formControl .emotion-280:-ms-input-placeholder {
  opacity: 0!important;
}

label[data-shrink=false]+.MuiInputBase-formControl .emotion-280::-ms-input-placeholder {
  opacity: 0!important;
}

label[data-shrink=false]+.MuiInputBase-formControl .emotion-280:focus::-webkit-input-placeholder {
  opacity: 0.42;
}

label[data-shrink=false]+.MuiInputBase-formControl .emotion-280:focus::-moz-placeholder {
  opacity: 0.42;
}

label[data-shrink=false]+.MuiInputBase-formControl .emotion-280:focus:-ms-input-placeholder {
  opacity: 0.42;
}

label[data-shrink=false]+.MuiInputBase-formControl .emotion-280:focus::-ms-input-placeholder {
  opacity: 0.42;
}

.emotion-280.Mui-disabled {
  opacity: 1;
  -webkit-text-fill-color: #9E9E9E;
}

.emotion-280:-webkit-autofill {
  -webkit-animation-duration: 5000s;
  animation-duration: 5000s;
  -webkit-animation-name: mui-auto-fill;
  animation-name: mui-auto-fill;
}

.emotion-281 {
  bottom: 0;
  left: 0;
  position: absolute;
  opacity: 0;
  pointer-events: none;
  width: 100%;
  box-sizing: border-box;
}

.emotion-282 {
  -webkit-user-select: none;
  -moz-user-select: none;
  -ms-user-select: none;
  user-select: none;
  width: 1em;
  height: 1em;
  display: inline-block;
  fill: currentColor;
  -webkit-flex-shrink: 0;
  -ms-flex-negative: 0;
  flex-shrink: 0;
  -webkit-transition: fill 200ms cubic-bezier(0.4, 0, 0.2, 1) 0ms;
  transition: fill 200ms cubic-bezier(0.4, 0, 0.2, 1) 0ms;
  font-size: 1.5rem;
  position: absolute;
  right: 0;
  top: calc(50% - .5em);
  pointer-events: none;
  color: rgba(0, 0, 0, 0.54);
}

.emotion-282.Mui-disabled {
  color: #BDBDBD;
}

.emotion-283 {
  font-size: 0.875rem;
  font-weight: 400;
  letter-spacing: 0.15px;
  text-transform: none;
  font-family: Roboto,sans-serif;
  line-height: 1.43;
  -webkit-flex-shrink: 0;
  -ms-flex-negative: 0;
  flex-shrink: 0;
}

.emotion-285 {
  display: -webkit-inline-box;
  display: -webkit-inline-flex;
  display: -ms-inline-flexbox;
  display: inline-flex;
  -webkit-align-items: center;
  -webkit-box-align: center;
  -ms-flex-align: center;
  align-items: center;
  -webkit-box-pack: center;
  -ms-flex-pack: center;
  -webkit-justify-content: center;
  justify-content: center;
  position: relative;
  box-sizing: border-box;
  -webkit-tap-highlight-color: transparent;
  background-color: transparent;
  outline: 0;
  border: 0;
  margin: 0;
  border-radius: 0;
  padding: 0;
  cursor: pointer;
  -webkit-user-select: none;
  -moz-user-select: none;
  -ms-user-select: none;
  user-select: none;
  vertical-align: middle;
  -moz-appearance: none;
  -webkit-appearance: none;
  -webkit-text-decoration: none;
  text-decoration: none;
  color: inherit;
  text-align: center;
  -webkit-flex: 0 0 auto;
  -ms-flex: 0 0 auto;
  flex: 0 0 auto;
  font-size: 1.5rem;
  padding: 8px;
  border-radius: 50%;
  overflow: visible;
  color: rgba(0, 0, 0, 0.54);
  -webkit-transition: background-color 150ms cubic-bezier(0.4, 0, 0.2, 1) 0ms;
  transition: background-color 150ms cubic-bezier(0.4, 0, 0.2, 1) 0ms;
  color: inherit;
  padding: 12px;
  font-size: 1.75rem;
}

.emotion-285::-moz-focus-inner {
  border-style: none;
}

.emotion-285.Mui-disabled {
  pointer-events: none;
  cursor: default;
}

@media print {
  .emotion-285 {
    -webkit-print-color-adjust: exact;
    color-adjust: exact;
  }
}

.emotion-285:hover {
  background-color: rgba(0, 0, 0, 0.04);
}

@media (hover: none) {
  .emotion-285:hover {
    background-color: transparent;
  }
}

.emotion-285.Mui-disabled {
  background-color: transparent;
  color: #BDBDBD;
}

<div>
  <div
    class="MuiBox-root emotion-0"
  >
    <div
      class="MuiBox-root emotion-1"
      data-testid="StudentDetail"
    >
      <div
        class="MuiBox-root emotion-1"
        data-testid="HeaderStudentDetail"
      >
        <div
          class="MuiBox-root emotion-3"
        >
          <nav
            aria-label="breadcrumb"
            class="MuiTypography-root MuiTypography-body1 MuiBreadcrumbs-root emotion-4"
          >
            <ol
              class="MuiBreadcrumbs-ol emotion-5"
            >
              <li
                class="MuiBreadcrumbs-li"
              >
                <a
                  class="emotion-6"
                  data-testid="BreadcrumbItem"
                  href="/students_erp"
                >
                  <span
                    class="MuiTypography-root MuiTypography-caption emotion-7"
                    data-testid="TypographyShortenStr"
                    title="resources.students_erp.titles.studentManagement"
                  >
                    resources.students_erp.titles....
                  </span>
                </a>
              </li>
              <li
                aria-hidden="true"
                class="MuiBreadcrumbs-separator emotion-8"
              >
                /
              </li>
              <li
                class="MuiBreadcrumbs-li"
              >
                <span
                  class="MuiTypography-root MuiTypography-caption emotion-9"
                  data-testid="Breadcrumbs__entityName"
                >
                  Name student_id_01
                </span>
              </li>
            </ol>
          </nav>
        </div>
        <div
          class="MuiBox-root emotion-10"
          data-testid="WrapperPageHeader__root"
        >
          <div
            class="MuiBox-root emotion-11"
          >
            <div
              class="MuiBox-root emotion-12"
            >
              <div
                class="MuiChip-root MuiChip-filled MuiChip-sizeSmall MuiChip-colorDefault MuiChip-filledDefault emotion-13"
                data-testid="ChipStatus"
              >
                <span
                  class="MuiChip-label MuiChip-labelSmall emotion-14"
                >
                  Enrolled
                </span>
              </div>
            </div>
            <div
              class="MuiBox-root emotion-15"
            >
              <h6
                aria-label="title"
                class="MuiTypography-root MuiTypography-h6 emotion-16"
              >
                Name student_id_01
              </h6>
            </div>
            <div
              class="MuiBox-root emotion-17"
            >
              <div
                class="MuiChip-root MuiChip-filled MuiChip-sizeSmall MuiChip-colorDefault MuiChip-filledDefault MuiBox-root emotion-18"
              >
                <span
                  class="MuiTypography-root MuiTypography-caption emotion-19"
                  data-testid="ChipAutocomplete"
                >
                  <span
                    class="MuiChip-label MuiChip-labelSmall emotion-14"
                  >
                    resources.students_erp.titles.neverLoggedIn
                  </span>
                </span>
              </div>
            </div>
          </div>
          <div
            class="MuiBox-root emotion-1"
          >
            <div
              class="MuiBox-root emotion-22"
              data-testid="ActionPanel__root"
            >
              <div
                class="IconButtonWithAnchorMenu-root emotion-23"
              >
                <button
                  aria-haspopup="menu"
                  class="MuiButtonBase-root MuiIconButton-root MuiIconButton-sizeLarge IconButtonWithAnchorMenu-iconButton IconButtonWithAnchorMenu-root emotion-24"
                  data-testid="ActionPanel__trigger"
                  tabindex="0"
                  type="button"
                >
                  <svg
                    aria-hidden="true"
                    class="MuiSvgIcon-root MuiSvgIcon-fontSizeSmall emotion-25"
                    data-testid="MoreHorizIcon"
                    focusable="false"
                    viewBox="0 0 24 24"
                  >
                    <path
                      d="M6 10c-1.1 0-2 .9-2 2s.9 2 2 2 2-.9 2-2-.9-2-2-2zm12 0c-1.1 0-2 .9-2 2s.9 2 2 2 2-.9 2-2-.9-2-2-2zm-6 0c-1.1 0-2 .9-2 2s.9 2 2 2 2-.9 2-2-.9-2-2-2z"
                    />
                  </svg>
                  <span
                    class="MuiTouchRipple-root emotion-26"
                  />
                </button>
              </div>
            </div>
          </div>
        </div>
      </div>
      <div
        data-testid="TabLayout"
      >
        <div
          class="MuiBox-root emotion-22"
        >
          <div
            class="MuiTabs-root emotion-28"
          >
            <div
              class="MuiTabs-scroller MuiTabs-fixed emotion-29"
              style="overflow: hidden; margin-bottom: 0px;"
            >
              <div
                class="MuiTabs-flexContainer emotion-30"
                role="tablist"
              >
                <button
                  aria-controls="nav-tabpanel-0"
                  aria-selected="true"
                  class="MuiButtonBase-root MuiTab-root MuiTab-textColorPrimary Mui-selected emotion-31"
                  data-testid="Tab"
                  id="nav-tab-0"
                  role="tab"
                  tabindex="0"
                  type="button"
                >
                  Detail
                  <span
                    class="MuiTouchRipple-root emotion-26"
                  />
                </button>
                <button
                  aria-controls="nav-tabpanel-1"
                  aria-selected="false"
                  class="MuiButtonBase-root MuiTab-root MuiTab-textColorPrimary emotion-31"
                  data-testid="Tab"
                  id="nav-tab-1"
                  role="tab"
                  tabindex="-1"
                  type="button"
                >
                  Family
                  <span
                    class="MuiTouchRipple-root emotion-26"
                  />
                </button>
                <button
                  aria-controls="nav-tabpanel-2"
                  aria-selected="false"
                  class="MuiButtonBase-root MuiTab-root MuiTab-textColorPrimary emotion-31"
                  data-testid="Tab"
                  id="nav-tab-2"
                  role="tab"
                  tabindex="-1"
                  type="button"
                >
                  Course
                  <span
                    class="MuiTouchRipple-root emotion-26"
                  />
                </button>
                <button
                  aria-controls="nav-tabpanel-3"
                  aria-selected="false"
                  class="MuiButtonBase-root MuiTab-root MuiTab-textColorPrimary emotion-31"
                  data-testid="Tab"
                  id="nav-tab-3"
                  role="tab"
                  tabindex="-1"
                  type="button"
                >
                  Entry & Exit
                  <span
                    class="MuiTouchRipple-root emotion-26"
                  />
                </button>
                <button
                  aria-controls="nav-tabpanel-4"
                  aria-selected="false"
                  class="MuiButtonBase-root MuiTab-root MuiTab-textColorPrimary emotion-31"
                  data-testid="Tab"
                  id="nav-tab-4"
                  role="tab"
                  tabindex="-1"
                  type="button"
                >
                  Billing
                  <span
                    class="MuiTouchRipple-root emotion-26"
                  />
                </button>
                <button
                  aria-controls="nav-tabpanel-5"
                  aria-selected="false"
                  class="MuiButtonBase-root MuiTab-root MuiTab-textColorPrimary emotion-31"
                  data-testid="Tab"
                  id="nav-tab-5"
                  role="tab"
                  tabindex="-1"
                  type="button"
                >
                  Invoice
                  <span
                    class="MuiTouchRipple-root emotion-26"
                  />
                </button>
              </div>
              <span
                class="MuiTabs-indicator emotion-43"
                style="left: 0px; width: 0px;"
              />
            </div>
          </div>
        </div>
        <hr
          class="MuiDivider-root MuiDivider-fullWidth emotion-44"
        />
        <div
          aria-labelledby="nav-tab-0"
          class="MuiBox-root emotion-1"
          data-testid="TabPanel"
          id="nav-tabpanel-0"
          role="tabpanel"
        >
          <div
            class="MuiBox-root emotion-46"
            data-testid="TabStudentDetail__root"
          >
            <div
              class="MuiGrid-root MuiGrid-container MuiGrid-spacing-xs-4 emotion-47"
            >
              <div
                class="MuiGrid-root MuiGrid-item emotion-48"
              >
                <div
                  class="MuiBox-root emotion-49"
                >
                  <h6
                    class="MuiTypography-root MuiTypography-h6 emotion-16"
                    data-testid="TabStudentDetail__title"
                  >
                    Detail Info
                  </h6>
                </div>
              </div>
              <div
                class="MuiGrid-root MuiGrid-item emotion-48"
              >
                <button
                  aria-label="Edit"
                  class="MuiButton-root MuiButton-outlined MuiButton-outlinedPrimary MuiButton-sizeMedium MuiButton-outlinedSizeMedium MuiButtonBase-root  emotion-52"
                  data-testid="TabStudentDetail__buttonEdit"
                  style="word-break: keep-all;"
                  tabindex="0"
                  type="button"
                >
                  <span
                    class="MuiButton-startIcon MuiButton-iconSizeMedium emotion-53"
                  >
                    <svg
                      aria-hidden="true"
                      class="MuiSvgIcon-root MuiSvgIcon-fontSizeMedium emotion-54"
                      data-testid="TabStudentDetail__svgEdit"
                      focusable="false"
                      viewBox="0 0 24 24"
                    >
                      <path
                        d="m14.06 9.02.92.92L5.92 19H5v-.92l9.06-9.06M17.66 3c-.25 0-.51.1-.7.29l-1.83 1.83 3.75 3.75 1.83-1.83c.39-.39.39-1.02 0-1.41l-2.34-2.34c-.2-.2-.45-.29-.71-.29zm-3.6 3.19L3 17.25V21h3.75L17.81 9.94l-3.75-3.75z"
                      />
                    </svg>
                  </span>
                  Edit
                  <span
                    class="MuiTouchRipple-root emotion-26"
                  />
                </button>
              </div>
            </div>
            <div
              class="MuiBox-root emotion-1"
              data-testid="TabStudentDetail__generalInfo"
            >
              <div
                class="MuiBox-root emotion-57"
              >
                <p
                  class="MuiTypography-root MuiTypography-body1 emotion-58"
                  data-testid="TabStudentDetail__subTitle"
                >
                  General Info
                </p>
              </div>
              <div
                class="MuiBox-root emotion-59"
              >
                <div
                  class="MuiGrid-root MuiGrid-container emotion-60"
                  data-testid="TabStudentDetail__generalInfoItem"
                >
                  <div
                    class="MuiGrid-root MuiGrid-container emotion-61"
                  >
                    <div
                      class="MuiGrid-root MuiGrid-item MuiGrid-grid-xs-3 TabStudentDetail-labelOneColumn emotion-62"
                    >
                      <span
                        class="MuiTypography-root MuiTypography-caption emotion-7"
                      >
                        Name
                      </span>
                    </div>
                    <div
                      class="MuiGrid-root MuiGrid-item MuiGrid-grid-xs-8 TabStudentDetail-valueOneColumn emotion-64"
                      data-testid="TabStudentDetail__generalNameValue"
                    >
                      <div
                        class="MuiBox-root emotion-22"
                      >
                        <p
                          class="MuiTypography-root MuiTypography-body2 emotion-66"
                        >
                          Name student_id_01
                        </p>
                      </div>
                    </div>
                  </div>
                </div>
              </div>
              <div
                class="MuiBox-root emotion-59"
              >
                <div
                  class="MuiGrid-root MuiGrid-container emotion-60"
                  data-testid="TabStudentDetail__generalInfoItem"
                >
                  <div
                    class="MuiGrid-root MuiGrid-container emotion-61"
                  >
                    <div
                      class="MuiGrid-root MuiGrid-item MuiGrid-grid-xs-3 TabStudentDetail-labelOneColumn emotion-62"
                    >
                      <span
                        class="MuiTypography-root MuiTypography-caption emotion-7"
                      >
                        Phonetic Name
                      </span>
                    </div>
                    <div
                      class="MuiGrid-root MuiGrid-item MuiGrid-grid-xs-8 TabStudentDetail-valueOneColumn emotion-64"
                      data-testid="TabStudentDetail__generalPhoneticNameValue"
                    >
                      <div
                        class="MuiBox-root emotion-22"
                      >
                        <p
                          class="MuiTypography-root MuiTypography-body2 emotion-66"
                        />
                      </div>
                    </div>
                  </div>
                </div>
              </div>
              <div
                class="MuiBox-root emotion-59"
              >
                <div
                  class="MuiGrid-root MuiGrid-container emotion-60"
                  data-testid="TabStudentDetail__generalInfoItem"
                >
                  <div
                    class="MuiGrid-root MuiGrid-container emotion-61"
                  >
                    <div
                      class="MuiGrid-root MuiGrid-item MuiGrid-grid-xs-3 TabStudentDetail-labelOneColumn emotion-62"
                    >
                      <span
                        class="MuiTypography-root MuiTypography-caption emotion-7"
                      >
                        Email
                      </span>
                    </div>
                    <div
                      class="MuiGrid-root MuiGrid-item MuiGrid-grid-xs-8 TabStudentDetail-valueOneColumn emotion-64"
                      data-testid="TabStudentDetail__generalEmailValue"
                    >
                      <div
                        class="MuiBox-root emotion-22"
                      >
                        <p
                          class="MuiTypography-root MuiTypography-body2 emotion-66"
                        >
                          student_id_01@example.com
                        </p>
                      </div>
                    </div>
                  </div>
                </div>
              </div>
              <div
                class="MuiBox-root emotion-59"
              >
                <div
                  class="MuiGrid-root MuiGrid-container emotion-60"
                  data-testid="TabStudentDetail__generalInfoItem"
                >
                  <div
                    class="MuiGrid-root MuiGrid-container emotion-61"
                  >
                    <div
                      class="MuiGrid-root MuiGrid-item MuiGrid-grid-xs-3 emotion-62"
                    >
                      <span
                        class="MuiTypography-root MuiTypography-caption emotion-7"
                      >
                        Grade
                      </span>
                    </div>
                    <div
                      class="MuiGrid-root MuiGrid-item MuiGrid-grid-xs-8 emotion-64"
                      data-testid="TabStudentDetail__generalGradeValue"
                    >
                      <div
                        class="MuiBox-root emotion-22"
                      >
                        <p
                          class="MuiTypography-root MuiTypography-body2 emotion-66"
                        >
                          Grade 10
                        </p>
                      </div>
                    </div>
                  </div>
                </div>
                <div
                  class="MuiGrid-root MuiGrid-container emotion-60"
                  data-testid="TabStudentDetail__generalInfoItem"
                >
                  <div
                    class="MuiGrid-root MuiGrid-container emotion-61"
                  >
                    <div
                      class="MuiGrid-root MuiGrid-item MuiGrid-grid-xs-3 emotion-62"
                    >
                      <span
                        class="MuiTypography-root MuiTypography-caption emotion-7"
                      >
                        Enrollment Status
                      </span>
                    </div>
                    <div
                      class="MuiGrid-root MuiGrid-item MuiGrid-grid-xs-8 emotion-64"
                      data-testid="TabStudentDetail__generalEnrollmentStatusValue"
                    >
                      <div
                        class="MuiBox-root emotion-22"
                      >
                        <p
                          class="MuiTypography-root MuiTypography-body2 emotion-66"
                        >
                          Enrolled
                        </p>
                      </div>
                    </div>
                  </div>
                </div>
              </div>
              <div
                class="MuiBox-root emotion-59"
              >
                <div
                  class="MuiGrid-root MuiGrid-container emotion-60"
                  data-testid="TabStudentDetail__generalInfoItem"
                >
                  <div
                    class="MuiGrid-root MuiGrid-container emotion-61"
                  >
                    <div
                      class="MuiGrid-root MuiGrid-item MuiGrid-grid-xs-3 emotion-62"
                    >
                      <span
                        class="MuiTypography-root MuiTypography-caption emotion-7"
                      >
                        Birthday
                      </span>
                    </div>
                    <div
                      class="MuiGrid-root MuiGrid-item MuiGrid-grid-xs-8 emotion-64"
                      data-testid="TabStudentDetail__generalBirthdayValue"
                    >
                      <div
                        class="MuiBox-root emotion-22"
                      >
                        <p
                          class="MuiTypography-root MuiTypography-body2 emotion-66"
                        >
                          2021/01/01
                        </p>
                      </div>
                    </div>
                  </div>
                </div>
                <div
                  class="MuiGrid-root MuiGrid-container emotion-60"
                  data-testid="TabStudentDetail__generalInfoItem"
                >
                  <div
                    class="MuiGrid-root MuiGrid-container emotion-61"
                  >
                    <div
                      class="MuiGrid-root MuiGrid-item MuiGrid-grid-xs-3 emotion-62"
                    >
                      <span
                        class="MuiTypography-root MuiTypography-caption emotion-7"
                      >
                        Gender
                      </span>
                    </div>
                    <div
                      class="MuiGrid-root MuiGrid-item MuiGrid-grid-xs-8 emotion-64"
                      data-testid="TabStudentDetail__generalGenderValue"
                    >
                      <div
                        class="MuiBox-root emotion-22"
                      >
                        <p
                          class="MuiTypography-root MuiTypography-body2 emotion-66"
                        >
                          Male
                        </p>
                      </div>
                    </div>
                  </div>
                </div>
              </div>
              <div
                class="MuiBox-root emotion-59"
              >
                <div
                  class="MuiGrid-root MuiGrid-container emotion-60"
                  data-testid="TabStudentDetail__generalInfoItem"
                >
                  <div
                    class="MuiGrid-root MuiGrid-container emotion-61"
                  >
                    <div
                      class="MuiGrid-root MuiGrid-item MuiGrid-grid-xs-3 emotion-62"
                    >
                      <span
                        class="MuiTypography-root MuiTypography-caption emotion-7"
                      >
                        External Student ID
                      </span>
                    </div>
                    <div
                      class="MuiGrid-root MuiGrid-item MuiGrid-grid-xs-8 emotion-64"
                      data-testid="TabStudentDetail__generalExternalStudentIDValue"
                    >
                      <div
                        class="MuiBox-root emotion-22"
                      >
                        <p
                          class="MuiTypography-root MuiTypography-body2 emotion-66"
                        >
                          external_id student_id_01
                        </p>
                      </div>
                    </div>
                  </div>
                </div>
                <div
                  class="MuiGrid-root MuiGrid-container emotion-60"
                  data-testid="TabStudentDetail__generalInfoItem"
                >
                  <div
                    class="MuiGrid-root MuiGrid-container emotion-61"
                  >
                    <div
                      class="MuiGrid-root MuiGrid-item MuiGrid-grid-xs-3 emotion-62"
                    >
                      <span
                        class="MuiTypography-root MuiTypography-caption emotion-7"
                      >
                        Location
                      </span>
                    </div>
                    <div
                      class="MuiGrid-root MuiGrid-item MuiGrid-grid-xs-8 emotion-64"
                      data-testid="TabStudentDetail__generalLocationValue"
                    >
                      <div
                        class="MuiBox-root emotion-22"
                      >
                        <p
                          class="MuiTypography-root MuiTypography-body2 emotion-66"
                        >
                          Center 1, Center 2, Center JP 3
                        </p>
                      </div>
                    </div>
                  </div>
                </div>
              </div>
              <div
                class="MuiBox-root emotion-59"
              >
                <div
                  class="MuiGrid-root MuiGrid-container emotion-60"
                  data-testid="TabStudentDetail__generalInfoItem"
                >
                  <div
                    class="MuiGrid-root MuiGrid-container emotion-61"
                  >
                    <div
                      class="MuiGrid-root MuiGrid-item MuiGrid-grid-xs-3 TabStudentDetail-labelOneColumn emotion-62"
                    >
                      <span
                        class="MuiTypography-root MuiTypography-caption emotion-7"
                      >
                        Note
                      </span>
                    </div>
                    <div
                      class="MuiGrid-root MuiGrid-item MuiGrid-grid-xs-8 TabStudentDetail-valueOneColumn TabStudentDetail-breakWord emotion-64"
                      data-testid="TabStudentDetail__generalNoteValue"
                    >
                      <div
                        class="MuiBox-root emotion-22"
                      >
                        <p
                          class="MuiTypography-root MuiTypography-body2 emotion-66"
                        >
                          Student note student_id_01
                        </p>
                      </div>
                    </div>
                  </div>
                </div>
              </div>
            </div>
            <div
              class="MuiBox-root emotion-1"
              data-testid="ContactDetail__root"
            >
              <div
                class="MuiBox-root emotion-137"
              >
                <hr
                  class="MuiDivider-root MuiDivider-fullWidth emotion-138"
                />
              </div>
              <div
                class="MuiBox-root emotion-57"
              >
                <p
                  class="MuiTypography-root MuiTypography-body1 emotion-58"
                  data-testid="ContactDetail__title"
                >
                  Phone Number
                </p>
              </div>
              <div
                class="MuiBox-root emotion-59"
              >
                <div
                  class="MuiGrid-root MuiGrid-container emotion-60"
                  data-testid="ContactDetail__item"
                >
                  <div
                    class="MuiGrid-root MuiGrid-container emotion-61"
                  >
                    <div
                      class="MuiGrid-root MuiGrid-item MuiGrid-grid-xs-3 emotion-144"
                    >
                      <span
                        class="MuiTypography-root MuiTypography-caption emotion-7"
                      >
                        Student Phone Number
                      </span>
                    </div>
                    <div
                      class="MuiGrid-root MuiGrid-item MuiGrid-grid-xs-8 emotion-64"
                      data-testid="TabStudentDetail__studentPhoneNumber"
                    >
                      <div
                        class="MuiBox-root emotion-22"
                      >
                        <p
                          class="MuiTypography-root MuiTypography-body2 emotion-66"
                        >
                          0909673374
                        </p>
                      </div>
                    </div>
                  </div>
                </div>
                <div
                  class="MuiGrid-root MuiGrid-container emotion-60"
                  data-testid="ContactDetail__item"
                >
                  <div
                    class="MuiGrid-root MuiGrid-container emotion-61"
                  >
                    <div
                      class="MuiGrid-root MuiGrid-item MuiGrid-grid-xs-3 emotion-144"
                    >
                      <span
                        class="MuiTypography-root MuiTypography-caption emotion-7"
                      >
                        Home Phone Number
                      </span>
                    </div>
                    <div
                      class="MuiGrid-root MuiGrid-item MuiGrid-grid-xs-8 emotion-64"
                      data-testid="TabStudentDetail__homePhoneNumber"
                    >
                      <div
                        class="MuiBox-root emotion-22"
                      >
                        <p
                          class="MuiTypography-root MuiTypography-body2 emotion-66"
                        >
                          0909673374
                        </p>
                      </div>
                    </div>
                  </div>
                </div>
              </div>
              <div
                class="MuiBox-root emotion-59"
              >
                <div
                  class="MuiGrid-root MuiGrid-container emotion-60"
                  data-testid="ContactDetail__item"
                >
                  <div
                    class="MuiGrid-root MuiGrid-container emotion-61"
                  >
                    <div
                      class="MuiGrid-root MuiGrid-item MuiGrid-grid-xs-3 emotion-144"
                    >
                      <span
                        class="MuiTypography-root MuiTypography-caption emotion-7"
                      >
                        Parent Primary Phone Number
                      </span>
                    </div>
                    <div
                      class="MuiGrid-root MuiGrid-item MuiGrid-grid-xs-8 emotion-64"
                      data-testid="TabStudentDetail__parentPrimaryPhoneNumber"
                    >
                      <div
                        class="MuiBox-root emotion-22"
                      >
                        <p
                          class="MuiTypography-root MuiTypography-body2 emotion-66"
                        >
                          0909673374
                        </p>
                      </div>
                    </div>
                  </div>
                </div>
                <div
                  class="MuiGrid-root MuiGrid-container emotion-60"
                  data-testid="ContactDetail__item"
                >
                  <div
                    class="MuiGrid-root MuiGrid-container emotion-61"
                  >
                    <div
                      class="MuiGrid-root MuiGrid-item MuiGrid-grid-xs-3 emotion-144"
                    >
                      <span
                        class="MuiTypography-root MuiTypography-caption emotion-7"
                      >
                        Parent Secondary Phone Number
                      </span>
                    </div>
                    <div
                      class="MuiGrid-root MuiGrid-item MuiGrid-grid-xs-8 emotion-64"
                      data-testid="TabStudentDetail__parentSecondaryPhoneNumber"
                    >
                      <div
                        class="MuiBox-root emotion-22"
                      >
                        <p
                          class="MuiTypography-root MuiTypography-body2 emotion-66"
                        >
                          0909673374
                        </p>
                      </div>
                    </div>
                  </div>
                </div>
              </div>
              <div
                class="MuiBox-root emotion-59"
              >
                <div
                  class="MuiGrid-root MuiGrid-container emotion-60"
                  data-testid="ContactDetail__item"
                >
                  <div
                    class="MuiGrid-root MuiGrid-container emotion-61"
                  >
                    <div
                      class="MuiGrid-root MuiGrid-item MuiGrid-grid-xs-3 TabStudentDetail-labelOneColumn emotion-144"
                    >
                      <span
                        class="MuiTypography-root MuiTypography-caption emotion-7"
                      >
                        Preferred Contact Number
                      </span>
                    </div>
                    <div
                      class="MuiGrid-root MuiGrid-item MuiGrid-grid-xs-8 TabStudentDetail-valueOneColumn emotion-64"
                      data-testid="TabStudentDetail__preferredContactNumber"
                    >
                      <div
                        class="MuiBox-root emotion-22"
                      >
                        <p
                          class="MuiTypography-root MuiTypography-body2 emotion-66"
                        >
                          Student Phone Number
                        </p>
                      </div>
                    </div>
                  </div>
                </div>
              </div>
            </div>
            <div
              class="MuiBox-root emotion-1"
              data-testid="HomeAddressDetail__root"
            >
              <div
                class="MuiBox-root emotion-137"
              >
                <hr
                  class="MuiDivider-root MuiDivider-fullWidth emotion-138"
                />
              </div>
              <div
                class="MuiBox-root emotion-57"
              >
                <p
                  class="MuiTypography-root MuiTypography-body1 emotion-58"
                  data-testid="HomeAddressDetail__title"
                >
                  Home Address
                </p>
              </div>
              <div
                class="MuiBox-root emotion-59"
              >
                <div
                  class="MuiGrid-root MuiGrid-container emotion-60"
                  data-testid="HomeAddressDetail__item"
                >
                  <div
                    class="MuiGrid-root MuiGrid-container emotion-61"
                  >
                    <div
                      class="MuiGrid-root MuiGrid-item MuiGrid-grid-xs-3 TabStudentDetail-labelOneColumn emotion-62"
                    >
                      <span
                        class="MuiTypography-root MuiTypography-caption emotion-7"
                      >
                        Postal Code
                      </span>
                    </div>
                    <div
                      class="MuiGrid-root MuiGrid-item MuiGrid-grid-xs-8 TabStudentDetail-valueOneColumn emotion-64"
                      data-testid="TabStudentDetail__postalCodeValue"
                    >
                      <div
                        class="MuiBox-root emotion-22"
                      >
                        <p
                          class="MuiTypography-root MuiTypography-body2 emotion-66"
                        >
                          postal_code_0
                        </p>
                      </div>
                    </div>
                  </div>
                </div>
              </div>
              <div
                class="MuiBox-root emotion-59"
              >
                <div
                  class="MuiGrid-root MuiGrid-container emotion-60"
                  data-testid="HomeAddressDetail__item"
                >
                  <div
                    class="MuiGrid-root MuiGrid-container emotion-61"
                  >
                    <div
                      class="MuiGrid-root MuiGrid-item MuiGrid-grid-xs-3 emotion-62"
                    >
                      <span
                        class="MuiTypography-root MuiTypography-caption emotion-7"
                      >
                        Prefecture
                      </span>
                    </div>
                    <div
                      class="MuiGrid-root MuiGrid-item MuiGrid-grid-xs-8 emotion-64"
                      data-testid="TabStudentDetail__prefectureValue"
                    >
                      <div
                        class="MuiBox-root emotion-22"
                      >
                        <p
                          class="MuiTypography-root MuiTypography-body2 emotion-66"
                        >
                          prefecture_name_0
                        </p>
                      </div>
                    </div>
                  </div>
                </div>
                <div
                  class="MuiGrid-root MuiGrid-container emotion-60"
                  data-testid="HomeAddressDetail__item"
                >
                  <div
                    class="MuiGrid-root MuiGrid-container emotion-61"
                  >
                    <div
                      class="MuiGrid-root MuiGrid-item MuiGrid-grid-xs-3 emotion-62"
                    >
                      <span
                        class="MuiTypography-root MuiTypography-caption emotion-7"
                      >
                        City
                      </span>
                    </div>
                    <div
                      class="MuiGrid-root MuiGrid-item MuiGrid-grid-xs-8 emotion-64"
                      data-testid="TabStudentDetail__cityValue"
                    >
                      <div
                        class="MuiBox-root emotion-22"
                      >
                        <p
                          class="MuiTypography-root MuiTypography-body2 emotion-66"
                        >
                          city_0
                        </p>
                      </div>
                    </div>
                  </div>
                </div>
              </div>
              <div
                class="MuiBox-root emotion-59"
              >
                <div
                  class="MuiGrid-root MuiGrid-container emotion-60"
                  data-testid="HomeAddressDetail__item"
                >
                  <div
                    class="MuiGrid-root MuiGrid-container emotion-61"
                  >
                    <div
                      class="MuiGrid-root MuiGrid-item MuiGrid-grid-xs-3 emotion-62"
                    >
                      <span
                        class="MuiTypography-root MuiTypography-caption emotion-7"
                      >
                        Street 1
                      </span>
                    </div>
                    <div
                      class="MuiGrid-root MuiGrid-item MuiGrid-grid-xs-8 emotion-64"
                      data-testid="TabStudentDetail__firstStreetValue"
                    >
                      <div
                        class="MuiBox-root emotion-22"
                      >
                        <p
                          class="MuiTypography-root MuiTypography-body2 emotion-66"
                        >
                          first_street_0
                        </p>
                      </div>
                    </div>
                  </div>
                </div>
                <div
                  class="MuiGrid-root MuiGrid-container emotion-60"
                  data-testid="HomeAddressDetail__item"
                >
                  <div
                    class="MuiGrid-root MuiGrid-container emotion-61"
                  >
                    <div
                      class="MuiGrid-root MuiGrid-item MuiGrid-grid-xs-3 emotion-62"
                    >
                      <span
                        class="MuiTypography-root MuiTypography-caption emotion-7"
                      >
                        Street 2
                      </span>
                    </div>
                    <div
                      class="MuiGrid-root MuiGrid-item MuiGrid-grid-xs-8 emotion-64"
                      data-testid="TabStudentDetail__secondStreetValue"
                    >
                      <div
                        class="MuiBox-root emotion-22"
                      >
                        <p
                          class="MuiTypography-root MuiTypography-body2 emotion-66"
                        >
                          second_street_0
                        </p>
                      </div>
                    </div>
                  </div>
                </div>
              </div>
            </div>
            <div
              class="MuiBox-root emotion-1"
              data-testid="SchoolHistoryDetail__root"
            >
              <div
                class="MuiBox-root emotion-137"
              >
                <hr
                  class="MuiDivider-root MuiDivider-fullWidth emotion-138"
                />
              </div>
              <div
                class="MuiBox-root emotion-225"
              >
                <p
                  class="MuiTypography-root MuiTypography-body1 emotion-58"
                >
                  School History
                </p>
              </div>
              <div
                class="MuiBox-root emotion-227"
              >
                <div
                  class="MuiTableContainer-root emotion-228"
                >
                  <table
                    class="MuiTable-root emotion-229"
                    data-testid="SchoolHistoryDetail__table"
                  >
                    <thead
                      class="MuiTableHead-root emotion-230"
                      data-testid="TableBase__header"
                    >
                      <tr
                        class="MuiTableRow-root MuiTableRow-head emotion-231"
                      >
                        <th
                          class="MuiTableCell-root MuiTableCell-head MuiTableCell-sizeMedium emotion-232"
                          scope="col"
                          style="min-width: 60px; border-right: 1px solid #E0E0E0; border-bottom: 1px solid #E0E0E0; width: 60px;"
                        >
                          <p
                            class="MuiTypography-root MuiTypography-body2 emotion-66"
                            data-testid="TableIndexCell__index"
                          />
                        </th>
                        <th
                          class="MuiTableCell-root MuiTableCell-head MuiTableCell-sizeMedium emotion-234"
                          data-testid="SchoolHistoryDetail__levelCell"
                          scope="col"
                        >
                          <h6
                            class="MuiTypography-root MuiTypography-subtitle2 emotion-235"
                            data-testid="TableBase__cellHeader"
                          >
                            Level
                          </h6>
                        </th>
                        <th
                          class="MuiTableCell-root MuiTableCell-head MuiTableCell-sizeMedium emotion-236"
                          data-testid="SchoolHistoryDetail__schoolNameCell"
                          scope="col"
                        >
                          <h6
                            class="MuiTypography-root MuiTypography-subtitle2 emotion-235"
                            data-testid="TableBase__cellHeader"
                          >
                            School Name
                          </h6>
                        </th>
                        <th
                          class="MuiTableCell-root MuiTableCell-head MuiTableCell-sizeMedium emotion-236"
                          data-testid="SchoolHistoryDetail__courseCell"
                          scope="col"
                        >
                          <h6
                            class="MuiTypography-root MuiTypography-subtitle2 emotion-235"
                            data-testid="TableBase__cellHeader"
                          >
                            Course
                          </h6>
                        </th>
                        <th
                          class="MuiTableCell-root MuiTableCell-head MuiTableCell-sizeMedium emotion-240"
                          data-testid="SchoolHistoryDetail__startDateCell"
                          scope="col"
                        >
                          <h6
                            class="MuiTypography-root MuiTypography-subtitle2 emotion-235"
                            data-testid="TableBase__cellHeader"
                          >
                            Start Date
                          </h6>
                        </th>
                        <th
                          class="MuiTableCell-root MuiTableCell-head MuiTableCell-sizeMedium emotion-242"
                          data-testid="SchoolHistoryDetail__endDateCell"
                          scope="col"
                        >
                          <h6
                            class="MuiTypography-root MuiTypography-subtitle2 emotion-235"
                            data-testid="TableBase__cellHeader"
                          >
                            End Date
                          </h6>
                        </th>
                      </tr>
                    </thead>
                    <tbody
                      class="MuiTableBody-root emotion-244"
                      data-testid="TableBaseBody__root"
                    >
                      <tr
                        class="MuiTableRow-root emotion-245"
                        data-testid="TableBase__row"
                        data-value="1"
                      >
                        <td
                          class="MuiTableCell-root MuiTableCell-body MuiTableCell-sizeMedium emotion-246"
                          style="min-width: 60px;"
                        >
                          <p
                            class="MuiTypography-root MuiTypography-body2 emotion-66"
                            data-testid="TableIndexCell__index"
                          >
                            1
                          </p>
                        </td>
                        <td
                          class="MuiTableCell-root MuiTableCell-body MuiTableCell-sizeMedium emotion-248"
                          data-testid="SchoolHistoryDetail__levelCell"
                        >
                          <p
                            class="MuiTypography-root MuiTypography-body2 emotion-66"
                          >
                            University
                          </p>
                        </td>
                        <td
                          class="MuiTableCell-root MuiTableCell-body MuiTableCell-sizeMedium emotion-250"
                          data-testid="SchoolHistoryDetail__schoolNameCell"
                        >
                          <div
                            class="MuiBox-root emotion-251"
                          >
                            <p
                              class="MuiTypography-root MuiTypography-body2 emotion-252"
                            >
                              [Current]
                            </p>
                            <p
                              class="MuiTypography-root MuiTypography-body2 emotion-66"
                            >
                              School Name 01
                            </p>
                          </div>
                        </td>
                        <td
                          class="MuiTableCell-root MuiTableCell-body MuiTableCell-sizeMedium emotion-250"
                          data-testid="SchoolHistoryDetail__courseCell"
                        >
                          <p
                            class="MuiTypography-root MuiTypography-body2 emotion-66"
                          >
                            Course Name 01
                          </p>
                        </td>
                        <td
                          class="MuiTableCell-root MuiTableCell-body MuiTableCell-sizeMedium emotion-256"
                          data-testid="SchoolHistoryDetail__startDateCell"
                        >
                          <p
                            class="MuiTypography-root MuiTypography-body2 emotion-66"
                          >
                            2020/04/05
                          </p>
                        </td>
                        <td
                          class="MuiTableCell-root MuiTableCell-body MuiTableCell-sizeMedium emotion-258"
                          data-testid="SchoolHistoryDetail__endDateCell"
                        >
                          <p
                            class="MuiTypography-root MuiTypography-body2 emotion-66"
                          >
                            2020/04/05
                          </p>
                        </td>
                      </tr>
                      <tr
                        class="MuiTableRow-root emotion-245"
                        data-testid="TableBase__row"
                        data-value="2"
                      >
                        <td
                          class="MuiTableCell-root MuiTableCell-body MuiTableCell-sizeMedium emotion-246"
                          style="min-width: 60px;"
                        >
                          <p
                            class="MuiTypography-root MuiTypography-body2 emotion-66"
                            data-testid="TableIndexCell__index"
                          >
                            2
                          </p>
                        </td>
                        <td
                          class="MuiTableCell-root MuiTableCell-body MuiTableCell-sizeMedium emotion-248"
                          data-testid="SchoolHistoryDetail__levelCell"
                        >
                          <p
                            class="MuiTypography-root MuiTypography-body2 emotion-66"
                          >
                            High School
                          </p>
                        </td>
                        <td
                          class="MuiTableCell-root MuiTableCell-body MuiTableCell-sizeMedium emotion-250"
                          data-testid="SchoolHistoryDetail__schoolNameCell"
                        >
                          <div
                            class="MuiBox-root emotion-251"
                          >
                            <p
                              class="MuiTypography-root MuiTypography-body2 emotion-66"
                            >
                              School Name 02
                            </p>
                          </div>
                        </td>
                        <td
                          class="MuiTableCell-root MuiTableCell-body MuiTableCell-sizeMedium emotion-250"
                          data-testid="SchoolHistoryDetail__courseCell"
                        >
                          <p
                            class="MuiTypography-root MuiTypography-body2 emotion-66"
                          >
                            Course Name 02
                          </p>
                        </td>
                        <td
                          class="MuiTableCell-root MuiTableCell-body MuiTableCell-sizeMedium emotion-256"
                          data-testid="SchoolHistoryDetail__startDateCell"
                        >
                          <p
                            class="MuiTypography-root MuiTypography-body2 emotion-66"
                          >
                            2020/04/05
                          </p>
                        </td>
                        <td
                          class="MuiTableCell-root MuiTableCell-body MuiTableCell-sizeMedium emotion-258"
                          data-testid="SchoolHistoryDetail__endDateCell"
                        >
                          <p
                            class="MuiTypography-root MuiTypography-body2 emotion-66"
                          >
                            2020/04/05
                          </p>
                        </td>
                      </tr>
                    </tbody>
                  </table>
                  <div
                    class="MuiTablePagination-root emotion-274"
                    data-testid="TableBaseFooter"
                    limit="10"
                    offset="0"
                  >
                    <div
                      class="MuiToolbar-root MuiToolbar-gutters MuiToolbar-regular MuiTablePagination-toolbar emotion-275"
                    >
                      <div
                        class="MuiTablePagination-spacer emotion-276"
                      />
                      <p
                        class="MuiTablePagination-selectLabel emotion-277"
                        id="mui-1"
                      >
                        <span
                          class="MuiTypography-root MuiTypography-caption emotion-278"
                        >
                          ra.navigation.page_rows_per_page
                        </span>
                      </p>
                      <div
                        class="MuiInputBase-root MuiInputBase-colorPrimary emotion-279"
                        variant="standard"
                      >
                        <div
                          aria-expanded="false"
                          aria-haspopup="listbox"
                          aria-labelledby="mui-1 TableBaseFooter__select"
                          class="MuiTablePagination-select MuiSelect-select MuiSelect-standard MuiInputBase-input emotion-280"
                          id="TableBaseFooter__select"
                          role="button"
                          tabindex="0"
                        >
                          10
                        </div>
                        <input
                          aria-hidden="true"
                          class="MuiSelect-nativeInput emotion-281"
                          tabindex="-1"
                          value="10"
                        />
                        <svg
                          aria-hidden="true"
                          class="MuiSvgIcon-root MuiSvgIcon-fontSizeMedium MuiTablePagination-selectIcon MuiSelect-icon MuiSelect-iconStandard emotion-282"
                          data-testid="ArrowDropDownIcon"
                          focusable="false"
                          viewBox="0 0 24 24"
                        >
                          <path
                            d="M7 10l5 5 5-5z"
                          />
                        </svg>
                      </div>
                      <p
                        class="MuiTablePagination-displayedRows emotion-283"
                      >
                        <span
                          class="MuiTypography-root MuiTypography-caption emotion-278"
                          data-testid="TableBaseFooter__totalRows"
                        >
                          ra.navigation.page_range_info
                        </span>
                      </p>
                      <div
                        class="MuiTablePagination-actions"
                      >
                        <button
                          aria-label="Go to previous page"
                          class="MuiButtonBase-root Mui-disabled MuiIconButton-root Mui-disabled MuiIconButton-colorInherit MuiIconButton-sizeLarge emotion-285"
                          disabled=""
                          tabindex="-1"
                          title="Go to previous page"
                          type="button"
                        >
                          <svg
                            aria-hidden="true"
                            class="MuiSvgIcon-root MuiSvgIcon-fontSizeMedium emotion-54"
                            data-testid="KeyboardArrowLeftIcon"
                            focusable="false"
                            viewBox="0 0 24 24"
                          >
                            <path
                              d="M15.41 16.09l-4.58-4.59 4.58-4.59L14 5.5l-6 6 6 6z"
                            />
                          </svg>
                        </button>
                        <button
                          aria-label="Go to next page"
                          class="MuiButtonBase-root Mui-disabled MuiIconButton-root Mui-disabled MuiIconButton-colorInherit MuiIconButton-sizeLarge emotion-285"
                          disabled=""
                          tabindex="-1"
                          title="Go to next page"
                          type="button"
                        >
                          <svg
                            aria-hidden="true"
                            class="MuiSvgIcon-root MuiSvgIcon-fontSizeMedium emotion-54"
                            data-testid="KeyboardArrowRightIcon"
                            focusable="false"
                            viewBox="0 0 24 24"
                          >
                            <path
                              d="M8.59 16.34l4.58-4.59-4.58-4.59L10 5.75l6 6-6 6z"
                            />
                          </svg>
                        </button>
                      </div>
                    </div>
                  </div>
                </div>
              </div>
            </div>
          </div>
        </div>
        <div
          aria-labelledby="nav-tab-1"
          class="MuiBox-root emotion-1"
          data-testid="TabPanel"
          hidden=""
          id="nav-tabpanel-1"
          role="tabpanel"
        />
        <div
          aria-labelledby="nav-tab-2"
          class="MuiBox-root emotion-1"
          data-testid="TabPanel"
          hidden=""
          id="nav-tabpanel-2"
          role="tabpanel"
        />
        <div
          aria-labelledby="nav-tab-3"
          class="MuiBox-root emotion-1"
          data-testid="TabPanel"
          hidden=""
          id="nav-tabpanel-3"
          role="tabpanel"
        />
        <div
          aria-labelledby="nav-tab-4"
          class="MuiBox-root emotion-1"
          data-testid="TabPanel"
          hidden=""
          id="nav-tabpanel-4"
          role="tabpanel"
        />
        <div
          aria-labelledby="nav-tab-5"
          class="MuiBox-root emotion-1"
          data-testid="TabPanel"
          hidden=""
          id="nav-tabpanel-5"
          role="tabpanel"
        />
      </div>
    </div>
  </div>
</div>
`;
