// Jest Snapshot v1, https://goo.gl/fbAQLP

exports[`<FormUserGroupInfo /> should match snapshot 1`] = `
.emotion-0 {
  margin-bottom: 16px;
}

.emotion-1 {
  margin: 0;
  font-size: 1.25rem;
  font-weight: 500;
  letter-spacing: 0.15px;
  text-transform: none;
  font-family: Roboto,sans-serif;
  line-height: 1.6;
}

.emotion-2 {
  box-sizing: border-box;
  display: -webkit-box;
  display: -webkit-flex;
  display: -ms-flexbox;
  display: flex;
  -webkit-box-flex-wrap: wrap;
  -webkit-flex-wrap: wrap;
  -ms-flex-wrap: wrap;
  flex-wrap: wrap;
  width: 100%;
  margin: 0;
  -webkit-flex-direction: row;
  -ms-flex-direction: row;
  flex-direction: row;
  margin-top: -24px;
  width: calc(100% + 24px);
  margin-left: -24px;
  -webkit-flex-basis: calc(100% + 24px);
  -ms-flex-preferred-size: calc(100% + 24px);
  flex-basis: calc(100% + 24px);
  -webkit-box-flex: 0;
  -webkit-flex-grow: 0;
  -ms-flex-positive: 0;
  flex-grow: 0;
  max-width: calc(100% + 24px);
}

.emotion-2>.MuiGrid-item {
  padding-top: 24px;
}

.emotion-2>.MuiGrid-item {
  padding-left: 24px;
}

@media (min-width:600px) {
  .emotion-2 {
    -webkit-flex-basis: calc(100% + 24px);
    -ms-flex-preferred-size: calc(100% + 24px);
    flex-basis: calc(100% + 24px);
    -webkit-box-flex: 0;
    -webkit-flex-grow: 0;
    -ms-flex-positive: 0;
    flex-grow: 0;
    max-width: calc(100% + 24px);
  }
}

@media (min-width:960px) {
  .emotion-2 {
    -webkit-flex-basis: calc(100% + 24px);
    -ms-flex-preferred-size: calc(100% + 24px);
    flex-basis: calc(100% + 24px);
    -webkit-box-flex: 0;
    -webkit-flex-grow: 0;
    -ms-flex-positive: 0;
    flex-grow: 0;
    max-width: calc(100% + 24px);
  }
}

@media (min-width:1440px) {
  .emotion-2 {
    -webkit-flex-basis: calc(100% + 24px);
    -ms-flex-preferred-size: calc(100% + 24px);
    flex-basis: calc(100% + 24px);
    -webkit-box-flex: 0;
    -webkit-flex-grow: 0;
    -ms-flex-positive: 0;
    flex-grow: 0;
    max-width: calc(100% + 24px);
  }
}

@media (min-width:1920px) {
  .emotion-2 {
    -webkit-flex-basis: calc(100% + 24px);
    -ms-flex-preferred-size: calc(100% + 24px);
    flex-basis: calc(100% + 24px);
    -webkit-box-flex: 0;
    -webkit-flex-grow: 0;
    -ms-flex-positive: 0;
    flex-grow: 0;
    max-width: calc(100% + 24px);
  }
}

.emotion-3 {
  box-sizing: border-box;
  margin: 0;
  -webkit-flex-direction: row;
  -ms-flex-direction: row;
  flex-direction: row;
  -webkit-flex-basis: 50%;
  -ms-flex-preferred-size: 50%;
  flex-basis: 50%;
  -webkit-box-flex: 0;
  -webkit-flex-grow: 0;
  -ms-flex-positive: 0;
  flex-grow: 0;
  max-width: 50%;
}

@media (min-width:600px) {
  .emotion-3 {
    -webkit-flex-basis: 50%;
    -ms-flex-preferred-size: 50%;
    flex-basis: 50%;
    -webkit-box-flex: 0;
    -webkit-flex-grow: 0;
    -ms-flex-positive: 0;
    flex-grow: 0;
    max-width: 50%;
  }
}

@media (min-width:960px) {
  .emotion-3 {
    -webkit-flex-basis: 50%;
    -ms-flex-preferred-size: 50%;
    flex-basis: 50%;
    -webkit-box-flex: 0;
    -webkit-flex-grow: 0;
    -ms-flex-positive: 0;
    flex-grow: 0;
    max-width: 50%;
  }
}

@media (min-width:1440px) {
  .emotion-3 {
    -webkit-flex-basis: 50%;
    -ms-flex-preferred-size: 50%;
    flex-basis: 50%;
    -webkit-box-flex: 0;
    -webkit-flex-grow: 0;
    -ms-flex-positive: 0;
    flex-grow: 0;
    max-width: 50%;
  }
}

@media (min-width:1920px) {
  .emotion-3 {
    -webkit-flex-basis: 50%;
    -ms-flex-preferred-size: 50%;
    flex-basis: 50%;
    -webkit-box-flex: 0;
    -webkit-flex-grow: 0;
    -ms-flex-positive: 0;
    flex-grow: 0;
    max-width: 50%;
  }
}

.emotion-4 {
  display: -webkit-inline-box;
  display: -webkit-inline-flex;
  display: -ms-inline-flexbox;
  display: inline-flex;
  -webkit-flex-direction: column;
  -ms-flex-direction: column;
  flex-direction: column;
  position: relative;
  min-width: 0;
  padding: 0;
  margin: 0;
  border: 0;
  vertical-align: top;
  width: 100%;
}

.emotion-5 {
  display: -webkit-inline-box;
  display: -webkit-inline-flex;
  display: -ms-inline-flexbox;
  display: inline-flex;
  -webkit-flex-direction: column;
  -ms-flex-direction: column;
  flex-direction: column;
  position: relative;
  min-width: 0;
  padding: 0;
  margin: 0;
  border: 0;
  vertical-align: top;
  width: 100%;
}

.emotion-5 .TextFieldBase-readOnly .MuiInputBase-root {
  background-color: #FAFAFA;
}

.emotion-6 {
  color: #757575;
  font-size: 1rem;
  font-weight: 400;
  letter-spacing: 0.15px;
  text-transform: none;
  font-family: Roboto,sans-serif;
  line-height: 1.4375em;
  padding: 0;
  position: relative;
  display: block;
  transform-origin: top left;
  white-space: nowrap;
  overflow: hidden;
  text-overflow: ellipsis;
  max-width: calc(100% - 24px);
  position: absolute;
  left: 0;
  top: 0;
  -webkit-transform: translate(14px, 9px) scale(1);
  -moz-transform: translate(14px, 9px) scale(1);
  -ms-transform: translate(14px, 9px) scale(1);
  transform: translate(14px, 9px) scale(1);
  -webkit-transition: color 200ms cubic-bezier(0.0, 0, 0.2, 1) 0ms,-webkit-transform 200ms cubic-bezier(0.0, 0, 0.2, 1) 0ms,max-width 200ms cubic-bezier(0.0, 0, 0.2, 1) 0ms;
  transition: color 200ms cubic-bezier(0.0, 0, 0.2, 1) 0ms,transform 200ms cubic-bezier(0.0, 0, 0.2, 1) 0ms,max-width 200ms cubic-bezier(0.0, 0, 0.2, 1) 0ms;
  z-index: 1;
  pointer-events: none;
}

.emotion-6.Mui-focused {
  color: #2196F3;
}

.emotion-6.Mui-disabled {
  color: #9E9E9E;
}

.emotion-6.Mui-error {
  color: #F44336;
}

.emotion-7.Mui-error {
  color: #F44336;
}

.emotion-8 {
  font-size: 1rem;
  font-weight: 400;
  letter-spacing: 0.15px;
  text-transform: none;
  font-family: Roboto,sans-serif;
  line-height: 1.4375em;
  color: #212121;
  box-sizing: border-box;
  position: relative;
  cursor: text;
  display: -webkit-inline-box;
  display: -webkit-inline-flex;
  display: -ms-inline-flexbox;
  display: inline-flex;
  -webkit-align-items: center;
  -webkit-box-align: center;
  -ms-flex-align: center;
  align-items: center;
  width: 100%;
  line-height: 1.1876em;
  position: relative;
  border-radius: 4px;
}

.emotion-8.Mui-disabled {
  color: #9E9E9E;
  cursor: default;
}

.emotion-8:hover .MuiOutlinedInput-notchedOutline {
  border-color: #212121;
}

@media (hover: none) {
  .emotion-8:hover .MuiOutlinedInput-notchedOutline {
    border-color: rgba(0, 0, 0, 0.23);
  }
}

.emotion-8.Mui-focused .MuiOutlinedInput-notchedOutline {
  border-color: #2196F3;
  border-width: 2px;
}

.emotion-8.Mui-error .MuiOutlinedInput-notchedOutline {
  border-color: #F44336;
}

.emotion-8.Mui-disabled .MuiOutlinedInput-notchedOutline {
  border-color: #BDBDBD;
}

.emotion-9 {
  font: inherit;
  letter-spacing: inherit;
  color: currentColor;
  padding: 4px 0 5px;
  border: 0;
  box-sizing: content-box;
  background: none;
  height: 1.4375em;
  margin: 0;
  -webkit-tap-highlight-color: transparent;
  display: block;
  min-width: 0;
  width: 100%;
  -webkit-animation-name: mui-auto-fill-cancel;
  animation-name: mui-auto-fill-cancel;
  -webkit-animation-duration: 10ms;
  animation-duration: 10ms;
  padding-top: 1px;
  padding: 8.5px 14px;
}

.emotion-9::-webkit-input-placeholder {
  color: currentColor;
  opacity: 0.42;
  -webkit-transition: opacity 200ms cubic-bezier(0.4, 0, 0.2, 1) 0ms;
  transition: opacity 200ms cubic-bezier(0.4, 0, 0.2, 1) 0ms;
}

.emotion-9::-moz-placeholder {
  color: currentColor;
  opacity: 0.42;
  -webkit-transition: opacity 200ms cubic-bezier(0.4, 0, 0.2, 1) 0ms;
  transition: opacity 200ms cubic-bezier(0.4, 0, 0.2, 1) 0ms;
}

.emotion-9:-ms-input-placeholder {
  color: currentColor;
  opacity: 0.42;
  -webkit-transition: opacity 200ms cubic-bezier(0.4, 0, 0.2, 1) 0ms;
  transition: opacity 200ms cubic-bezier(0.4, 0, 0.2, 1) 0ms;
}

.emotion-9::-ms-input-placeholder {
  color: currentColor;
  opacity: 0.42;
  -webkit-transition: opacity 200ms cubic-bezier(0.4, 0, 0.2, 1) 0ms;
  transition: opacity 200ms cubic-bezier(0.4, 0, 0.2, 1) 0ms;
}

.emotion-9:focus {
  outline: 0;
}

.emotion-9:invalid {
  box-shadow: none;
}

.emotion-9::-webkit-search-decoration {
  -webkit-appearance: none;
}

label[data-shrink=false]+.MuiInputBase-formControl .emotion-9::-webkit-input-placeholder {
  opacity: 0!important;
}

label[data-shrink=false]+.MuiInputBase-formControl .emotion-9::-moz-placeholder {
  opacity: 0!important;
}

label[data-shrink=false]+.MuiInputBase-formControl .emotion-9:-ms-input-placeholder {
  opacity: 0!important;
}

label[data-shrink=false]+.MuiInputBase-formControl .emotion-9::-ms-input-placeholder {
  opacity: 0!important;
}

label[data-shrink=false]+.MuiInputBase-formControl .emotion-9:focus::-webkit-input-placeholder {
  opacity: 0.42;
}

label[data-shrink=false]+.MuiInputBase-formControl .emotion-9:focus::-moz-placeholder {
  opacity: 0.42;
}

label[data-shrink=false]+.MuiInputBase-formControl .emotion-9:focus:-ms-input-placeholder {
  opacity: 0.42;
}

label[data-shrink=false]+.MuiInputBase-formControl .emotion-9:focus::-ms-input-placeholder {
  opacity: 0.42;
}

.emotion-9.Mui-disabled {
  opacity: 1;
  -webkit-text-fill-color: #9E9E9E;
}

.emotion-9:-webkit-autofill {
  -webkit-animation-duration: 5000s;
  animation-duration: 5000s;
  -webkit-animation-name: mui-auto-fill;
  animation-name: mui-auto-fill;
}

.emotion-9:-webkit-autofill {
  border-radius: inherit;
}

.emotion-10 {
  text-align: left;
  position: absolute;
  bottom: 0;
  right: 0;
  top: -5px;
  left: 0;
  margin: 0;
  padding: 0 8px;
  pointer-events: none;
  border-radius: inherit;
  border-style: solid;
  border-width: 1px;
  overflow: hidden;
  min-width: 0%;
  border-color: rgba(0, 0, 0, 0.23);
}

.emotion-11 {
  float: unset;
  overflow: hidden;
  display: block;
  width: auto;
  padding: 0;
  height: 11px;
  font-size: 0.75em;
  visibility: hidden;
  max-width: 0.01px;
  -webkit-transition: max-width 50ms cubic-bezier(0.0, 0, 0.2, 1) 0ms;
  transition: max-width 50ms cubic-bezier(0.0, 0, 0.2, 1) 0ms;
  white-space: nowrap;
}

.emotion-11>span {
  padding-left: 5px;
  padding-right: 5px;
  display: inline-block;
  opacity: 0;
  visibility: visible;
}

.emotion-12 {
  margin-top: 24px;
  margin-bottom: 24px;
}

.emotion-13 {
  margin: 0;
  -webkit-flex-shrink: 0;
  -ms-flex-negative: 0;
  flex-shrink: 0;
  border-width: 0;
  border-style: solid;
  border-color: #E0E0E0;
  border-bottom-width: thin;
  border-top: 1px dashed #E0E0E0;
  border-bottom: 0px solid;
  height: 0;
  background-color: transparent;
}

.emotion-14 {
  box-sizing: border-box;
  -webkit-flex-direction: row;
  -ms-flex-direction: row;
  flex-direction: row;
  padding-bottom: 8px;
}

.emotion-15 {
  box-sizing: border-box;
  display: -webkit-box;
  display: -webkit-flex;
  display: -ms-flexbox;
  display: flex;
  -webkit-box-flex-wrap: wrap;
  -webkit-flex-wrap: wrap;
  -ms-flex-wrap: wrap;
  flex-wrap: wrap;
  width: 100%;
  -webkit-flex-direction: row;
  -ms-flex-direction: row;
  flex-direction: row;
  margin-top: -16px;
  width: calc(100% + 16px);
  margin-left: -16px;
  -webkit-box-pack: justify;
  -webkit-justify-content: space-between;
  justify-content: space-between;
}

.emotion-15>.MuiGrid-item {
  padding-top: 16px;
}

.emotion-15>.MuiGrid-item {
  padding-left: 16px;
}

.emotion-16 {
  box-sizing: border-box;
  margin: 0;
  -webkit-flex-direction: row;
  -ms-flex-direction: row;
  flex-direction: row;
}

.emotion-19 {
  display: -webkit-inline-box;
  display: -webkit-inline-flex;
  display: -ms-inline-flexbox;
  display: inline-flex;
  -webkit-align-items: center;
  -webkit-box-align: center;
  -ms-flex-align: center;
  align-items: center;
  -webkit-box-pack: center;
  -ms-flex-pack: center;
  -webkit-justify-content: center;
  justify-content: center;
  position: relative;
  box-sizing: border-box;
  -webkit-tap-highlight-color: transparent;
  background-color: transparent;
  outline: 0;
  border: 0;
  margin: 0;
  border-radius: 0;
  padding: 0;
  cursor: pointer;
  -webkit-user-select: none;
  -moz-user-select: none;
  -ms-user-select: none;
  user-select: none;
  vertical-align: middle;
  -moz-appearance: none;
  -webkit-appearance: none;
  -webkit-text-decoration: none;
  text-decoration: none;
  color: inherit;
  font-size: 0.875rem;
  font-weight: 500;
  letter-spacing: 0.4px;
  text-transform: capitalize;
  font-family: Roboto,sans-serif;
  line-height: 1.75;
  min-width: 64px;
  padding: 6px 8px;
  border-radius: 4px;
  -webkit-transition: background-color 250ms cubic-bezier(0.4, 0, 0.2, 1) 0ms,box-shadow 250ms cubic-bezier(0.4, 0, 0.2, 1) 0ms,border-color 250ms cubic-bezier(0.4, 0, 0.2, 1) 0ms,color 250ms cubic-bezier(0.4, 0, 0.2, 1) 0ms;
  transition: background-color 250ms cubic-bezier(0.4, 0, 0.2, 1) 0ms,box-shadow 250ms cubic-bezier(0.4, 0, 0.2, 1) 0ms,border-color 250ms cubic-bezier(0.4, 0, 0.2, 1) 0ms,color 250ms cubic-bezier(0.4, 0, 0.2, 1) 0ms;
  color: #E0E0E0;
  border-radius: 4px;
  color: #212121;
  color: #F44336;
}

.emotion-19::-moz-focus-inner {
  border-style: none;
}

.emotion-19.Mui-disabled {
  pointer-events: none;
  cursor: default;
}

@media print {
  .emotion-19 {
    -webkit-print-color-adjust: exact;
    color-adjust: exact;
  }
}

.emotion-19:hover {
  -webkit-text-decoration: none;
  text-decoration: none;
  background-color: rgba(224, 224, 224, 0.04);
}

@media (hover: none) {
  .emotion-19:hover {
    background-color: transparent;
  }
}

.emotion-19.Mui-disabled {
  color: #BDBDBD;
}

.emotion-19:hover {
  background-color: rgba(33, 33, 33, 0.04);
}

.emotion-20 {
  display: inherit;
  margin-right: 8px;
  margin-left: -4px;
}

.emotion-20>*:nth-of-type(1) {
  font-size: 20px;
}

.emotion-21 {
  -webkit-user-select: none;
  -moz-user-select: none;
  -ms-user-select: none;
  user-select: none;
  width: 1em;
  height: 1em;
  display: inline-block;
  fill: currentColor;
  -webkit-flex-shrink: 0;
  -ms-flex-negative: 0;
  flex-shrink: 0;
  -webkit-transition: fill 200ms cubic-bezier(0.4, 0, 0.2, 1) 0ms;
  transition: fill 200ms cubic-bezier(0.4, 0, 0.2, 1) 0ms;
  font-size: 1.5rem;
}

.emotion-22 {
  display: -webkit-inline-box;
  display: -webkit-inline-flex;
  display: -ms-inline-flexbox;
  display: inline-flex;
  -webkit-align-items: center;
  -webkit-box-align: center;
  -ms-flex-align: center;
  align-items: center;
  -webkit-box-pack: center;
  -ms-flex-pack: center;
  -webkit-justify-content: center;
  justify-content: center;
  position: relative;
  box-sizing: border-box;
  -webkit-tap-highlight-color: transparent;
  background-color: transparent;
  outline: 0;
  border: 0;
  margin: 0;
  border-radius: 0;
  padding: 0;
  cursor: pointer;
  -webkit-user-select: none;
  -moz-user-select: none;
  -ms-user-select: none;
  user-select: none;
  vertical-align: middle;
  -moz-appearance: none;
  -webkit-appearance: none;
  -webkit-text-decoration: none;
  text-decoration: none;
  color: inherit;
  font-size: 0.875rem;
  font-weight: 500;
  letter-spacing: 0.4px;
  text-transform: capitalize;
  font-family: Roboto,sans-serif;
  line-height: 1.75;
  min-width: 64px;
  padding: 5px 15px;
  border-radius: 4px;
  -webkit-transition: background-color 250ms cubic-bezier(0.4, 0, 0.2, 1) 0ms,box-shadow 250ms cubic-bezier(0.4, 0, 0.2, 1) 0ms,border-color 250ms cubic-bezier(0.4, 0, 0.2, 1) 0ms,color 250ms cubic-bezier(0.4, 0, 0.2, 1) 0ms;
  transition: background-color 250ms cubic-bezier(0.4, 0, 0.2, 1) 0ms,box-shadow 250ms cubic-bezier(0.4, 0, 0.2, 1) 0ms,border-color 250ms cubic-bezier(0.4, 0, 0.2, 1) 0ms,color 250ms cubic-bezier(0.4, 0, 0.2, 1) 0ms;
  border: 1px solid rgba(33, 150, 243, 0.5);
  color: #2196F3;
  border-radius: 4px;
}

.emotion-22::-moz-focus-inner {
  border-style: none;
}

.emotion-22.Mui-disabled {
  pointer-events: none;
  cursor: default;
}

@media print {
  .emotion-22 {
    -webkit-print-color-adjust: exact;
    color-adjust: exact;
  }
}

.emotion-22:hover {
  -webkit-text-decoration: none;
  text-decoration: none;
  background-color: rgba(33, 150, 243, 0.04);
  border: 1px solid #2196F3;
}

@media (hover: none) {
  .emotion-22:hover {
    background-color: transparent;
  }
}

.emotion-22.Mui-disabled {
  color: #BDBDBD;
  border: 1px solid #E0E0E0;
}

.emotion-25 {
  overflow: hidden;
  pointer-events: none;
  position: absolute;
  z-index: 0;
  top: 0;
  right: 0;
  bottom: 0;
  left: 0;
  border-radius: inherit;
}

.emotion-26 {
  width: 100%;
  margin-top: 20px;
}

.emotion-26 .MuiCheckbox-root .MuiSvgIcon-root {
  font-size: 1.25rem;
}

.emotion-27 {
  position: relative;
  box-shadow: 0px 3px 3px -2px rgba(0, 0, 0, 0.2),0px 3px 4px rgba(0, 0, 0, 0.14),0px 1px 8px rgba(0, 0, 0, 0.12);
  border-radius: 4px;
  overflow: hidden;
}

.emotion-28 {
  width: 100%;
  overflow-x: auto;
}

.emotion-29 {
  display: table;
  width: 100%;
  border-collapse: collapse;
  border-spacing: 0;
}

.emotion-29 caption {
  font-size: 0.875rem;
  font-weight: 400;
  letter-spacing: 0.15px;
  text-transform: none;
  font-family: Roboto,sans-serif;
  line-height: 1.43;
  padding: 16px;
  color: #757575;
  text-align: left;
  caption-side: bottom;
}

.emotion-30 {
  display: table-header-group;
}

.emotion-31 {
  color: inherit;
  display: table-row;
  vertical-align: middle;
  outline: 0;
}

.emotion-31.MuiTableRow-hover:hover {
  background-color: #F5F5F5;
}

.emotion-31.Mui-selected {
  background-color: rgba(33, 150, 243, 0.08);
}

.emotion-31.Mui-selected:hover {
  background-color: rgba(33, 150, 243, 0.12);
}

.emotion-32 {
  font-size: 0.875rem;
  font-weight: 500;
  letter-spacing: 0.15px;
  text-transform: none;
  font-family: Roboto,sans-serif;
  line-height: 1.5rem;
  display: table-cell;
  vertical-align: inherit;
  border-bottom: 1px solid rgba(251, 251, 251, 1);
  text-align: left;
  padding: 16px;
  color: #212121;
  position: relative;
}

.emotion-33 {
  margin: 0;
  font-size: 0.875rem;
  font-weight: 400;
  letter-spacing: 0.15px;
  text-transform: none;
  font-family: Roboto,sans-serif;
  line-height: 1.43;
}

.emotion-34 {
  font-size: 0.875rem;
  font-weight: 500;
  letter-spacing: 0.15px;
  text-transform: none;
  font-family: Roboto,sans-serif;
  line-height: 1.5rem;
  display: table-cell;
  vertical-align: inherit;
  border-bottom: 1px solid rgba(251, 251, 251, 1);
  text-align: left;
  padding: 16px;
  color: #212121;
  position: relative;
  border-right: 1px solid #E0E0E0;
  border-bottom: 1px solid #E0E0E0;
}

.emotion-35 {
  display: -webkit-box;
  display: -webkit-flex;
  display: -ms-flexbox;
  display: flex;
  -webkit-align-items: center;
  -webkit-box-align: center;
  -ms-flex-align: center;
  align-items: center;
}

.emotion-36 {
  margin-right: 12px;
  display: -webkit-box;
  display: -webkit-flex;
  display: -ms-flexbox;
  display: flex;
}

.emotion-37 {
  display: -webkit-inline-box;
  display: -webkit-inline-flex;
  display: -ms-inline-flexbox;
  display: inline-flex;
  -webkit-align-items: center;
  -webkit-box-align: center;
  -ms-flex-align: center;
  align-items: center;
  -webkit-box-pack: center;
  -ms-flex-pack: center;
  -webkit-justify-content: center;
  justify-content: center;
  position: relative;
  box-sizing: border-box;
  -webkit-tap-highlight-color: transparent;
  background-color: transparent;
  outline: 0;
  border: 0;
  margin: 0;
  border-radius: 0;
  padding: 0;
  cursor: pointer;
  -webkit-user-select: none;
  -moz-user-select: none;
  -ms-user-select: none;
  user-select: none;
  vertical-align: middle;
  -moz-appearance: none;
  -webkit-appearance: none;
  -webkit-text-decoration: none;
  text-decoration: none;
  color: inherit;
  padding: 9px;
  border-radius: 50%;
  color: #757575;
}

.emotion-37::-moz-focus-inner {
  border-style: none;
}

.emotion-37.Mui-disabled {
  pointer-events: none;
  cursor: default;
}

@media print {
  .emotion-37 {
    -webkit-print-color-adjust: exact;
    color-adjust: exact;
  }
}

.emotion-37:hover {
  background-color: rgba(33, 150, 243, 0.04);
}

@media (hover: none) {
  .emotion-37:hover {
    background-color: transparent;
  }
}

.emotion-37.Mui-checked,
.emotion-37.MuiCheckbox-indeterminate {
  color: #2196F3;
}

.emotion-37.Mui-disabled {
  color: #BDBDBD;
}

.emotion-37.MuiCheckbox-indeterminate {
  color: #757575;
}

.emotion-38 {
  cursor: inherit;
  position: absolute;
  opacity: 0;
  width: 100%;
  height: 100%;
  top: 0;
  left: 0;
  margin: 0;
  padding: 0;
  z-index: 1;
}

.emotion-40 {
  margin: 0;
  font-size: 0.875rem;
  font-weight: 500;
  letter-spacing: 0.1px;
  text-transform: none;
  font-family: Roboto,sans-serif;
  line-height: 1.57;
}

.emotion-41 {
  font-size: 0.875rem;
  font-weight: 500;
  letter-spacing: 0.15px;
  text-transform: none;
  font-family: Roboto,sans-serif;
  line-height: 1.5rem;
  display: table-cell;
  vertical-align: inherit;
  border-bottom: 1px solid rgba(251, 251, 251, 1);
  text-align: left;
  padding: 16px;
  color: #212121;
  position: relative;
  border-right: none;
  border-bottom: 1px solid #E0E0E0;
}

.emotion-43 {
  display: table-row-group;
}

.emotion-45 {
  font-size: 0.875rem;
  font-weight: 400;
  letter-spacing: 0.15px;
  text-transform: none;
  font-family: Roboto,sans-serif;
  line-height: 1.43;
  display: table-cell;
  vertical-align: inherit;
  border-bottom: 1px solid rgba(251, 251, 251, 1);
  text-align: center;
  padding: 0;
  color: #212121;
}

.emotion-46 {
  display: -webkit-box;
  display: -webkit-flex;
  display: -ms-flexbox;
  display: flex;
  -webkit-align-items: center;
  -webkit-box-align: center;
  -ms-flex-align: center;
  align-items: center;
  -webkit-box-pack: center;
  -ms-flex-pack: center;
  -webkit-justify-content: center;
  justify-content: center;
  width: 100%;
  margin: auto;
  color: #757575;
  background-color: #FAFAFA;
  height: 80px;
  border: none;
}

.emotion-47 {
  position: absolute;
  width: 100%;
  left: 0;
  display: -webkit-box;
  display: -webkit-flex;
  display: -ms-flexbox;
  display: flex;
  -webkit-align-items: center;
  -webkit-box-align: center;
  -ms-flex-align: center;
  align-items: center;
  -webkit-box-pack: center;
  -ms-flex-pack: center;
  -webkit-justify-content: center;
  justify-content: center;
}

.emotion-49 {
  -webkit-user-select: none;
  -moz-user-select: none;
  -ms-user-select: none;
  user-select: none;
  width: 1em;
  height: 1em;
  display: inline-block;
  fill: currentColor;
  -webkit-flex-shrink: 0;
  -ms-flex-negative: 0;
  flex-shrink: 0;
  -webkit-transition: fill 200ms cubic-bezier(0.4, 0, 0.2, 1) 0ms;
  transition: fill 200ms cubic-bezier(0.4, 0, 0.2, 1) 0ms;
  font-size: 1.5rem;
  height: 24px;
  margin-right: 5px;
  color: #00000061;
}

<div>
  <div
    class="MuiBox-root emotion-0"
  >
    <h6
      class="MuiTypography-root MuiTypography-h6 emotion-1"
    >
      General Info
    </h6>
  </div>
  <div
    class="MuiGrid-root MuiGrid-container MuiGrid-item MuiGrid-spacing-xs-3 MuiGrid-grid-xs-12 emotion-2"
    data-testid="FormUserGroupInfo__generalInfo"
  >
    <div
      class="MuiGrid-root MuiGrid-item MuiGrid-grid-xs-6 emotion-3"
    >
      <div
        class="MuiFormControl-root MuiFormControl-fullWidth emotion-4"
      >
        <div
          class="MuiFormControl-root MuiFormControl-fullWidth MuiTextField-root  emotion-5"
        >
          <label
            class="MuiInputLabel-root MuiInputLabel-formControl MuiInputLabel-animated MuiInputLabel-sizeSmall MuiInputLabel-outlined MuiFormLabel-root MuiFormLabel-colorPrimary Mui-required emotion-6"
            data-shrink="false"
            for="mui-1"
            id="mui-1-label"
          >
            User Group Name
            <span
              aria-hidden="true"
              class="MuiInputLabel-asterisk MuiFormLabel-asterisk emotion-7"
            >
               
              *
            </span>
          </label>
          <div
            class="MuiOutlinedInput-root MuiInputBase-root MuiInputBase-colorPrimary MuiInputBase-fullWidth MuiInputBase-formControl MuiInputBase-sizeSmall emotion-8"
          >
            <input
              aria-invalid="false"
              class="MuiOutlinedInput-input MuiInputBase-input MuiInputBase-inputSizeSmall emotion-9"
              data-testid="FormUserGroupInfo__inputUserGroupName"
              id="mui-1"
              name="name"
              required=""
              type="text"
              value=""
            />
            <fieldset
              aria-hidden="true"
              class="MuiOutlinedInput-notchedOutline emotion-10"
            >
              <legend
                class="emotion-11"
              >
                <span>
                  User Group Name
                   
                  *
                </span>
              </legend>
            </fieldset>
          </div>
        </div>
      </div>
    </div>
  </div>
  <div
    class="MuiBox-root emotion-12"
  >
    <hr
      class="MuiDivider-root MuiDivider-fullWidth emotion-13"
    />
  </div>
  <div
    class="MuiGrid-root emotion-14"
    data-testid="FormUserGroupGrantedPermissionInfo__grantedPermission"
  >
    <div
      class="MuiGrid-root MuiGrid-container MuiGrid-spacing-xs-2 emotion-15"
    >
      <div
        class="MuiGrid-root MuiGrid-item emotion-16"
      >
        <h6
          class="MuiTypography-root MuiTypography-h6 emotion-1"
        >
          Granted Permissions
        </h6>
      </div>
      <div
        class="MuiGrid-root MuiGrid-item emotion-16"
      >
        <button
          aria-label="ra.common.action.delete"
          class="MuiButton-root MuiButton-text MuiButton-textDefault MuiButton-sizeMedium MuiButton-textSizeMedium MuiButtonBase-root Mui-disabled  emotion-19"
          data-testid="UserGroupGrantedPermissionUpsert__deleteAction"
          disabled=""
          style="word-break: keep-all;"
          tabindex="-1"
          type="button"
        >
          <span
            class="MuiButton-startIcon MuiButton-iconSizeMedium emotion-20"
          >
            <svg
              aria-hidden="true"
              class="MuiSvgIcon-root MuiSvgIcon-fontSizeMedium emotion-21"
              data-testid="DeleteOutlinedIcon"
              focusable="false"
              viewBox="0 0 24 24"
            >
              <path
                d="M16 9v10H8V9h8m-1.5-6h-5l-1 1H5v2h14V4h-3.5l-1-1zM18 7H6v12c0 1.1.9 2 2 2h8c1.1 0 2-.9 2-2V7z"
              />
            </svg>
          </span>
          ra.common.action.delete
        </button>
        <button
          aria-label="ra.common.action.create"
          class="MuiButton-root MuiButton-outlined MuiButton-outlinedPrimary MuiButton-sizeMedium MuiButton-outlinedSizeMedium MuiButtonBase-root  emotion-22"
          data-testid="UserGroupGrantedPermissionUpsert__addButton"
          style="word-break: keep-all;"
          tabindex="0"
          type="button"
        >
          <span
            class="MuiButton-startIcon MuiButton-iconSizeMedium emotion-20"
          >
            <svg
              aria-hidden="true"
              class="MuiSvgIcon-root MuiSvgIcon-fontSizeMedium emotion-21"
              data-testid="AddIcon"
              focusable="false"
              viewBox="0 0 24 24"
            >
              <path
                d="M19 13h-6v6h-2v-6H5v-2h6V5h2v6h6v2z"
              />
            </svg>
          </span>
          Add
          <span
            class="MuiTouchRipple-root emotion-25"
          />
        </button>
      </div>
    </div>
    <div
      class="MuiBox-root emotion-26"
    >
      
      <div
        class="MuiBox-root emotion-27"
      >
        <div
          class="MuiTableContainer-root emotion-28"
        >
          <table
            class="MuiTable-root emotion-29"
            data-testid="GrantedPermissionUpsertTable"
          >
            <thead
              class="MuiTableHead-root emotion-30"
              data-testid="TableBase__header"
            >
              <tr
                class="MuiTableRow-root MuiTableRow-head emotion-31"
              >
                <th
                  class="MuiTableCell-root MuiTableCell-head MuiTableCell-sizeMedium emotion-32"
                  scope="col"
                  style="min-width: 60px; border-right: 1px solid #E0E0E0; border-bottom: 1px solid #E0E0E0; width: 60px;"
                >
                  <p
                    class="MuiTypography-root MuiTypography-body2 emotion-33"
                    data-testid="TableIndexCell__index"
                  />
                </th>
                <th
                  class="MuiTableCell-root MuiTableCell-head MuiTableCell-sizeMedium emotion-34"
                  scope="col"
                  style="padding: 16px;"
                >
                  <div
                    class="MuiBox-root emotion-35"
                  >
                    <div
                      class="MuiBox-root emotion-36"
                    >
                      <span
                        aria-disabled="true"
                        class="MuiCheckbox-root MuiCheckbox-colorPrimary MuiButtonBase-root Mui-disabled MuiCheckbox-root MuiCheckbox-colorPrimary PrivateSwitchBase-root Mui-disabled emotion-37"
                        data-testid="TableHeaderWithCheckbox__checkboxHeader"
                        style="padding: 0px; width: 18px; height: 18px;"
                        tabindex="-1"
                      >
                        <input
                          aria-label="ra.common.action.selectAllItems"
                          class="PrivateSwitchBase-input emotion-38"
                          data-indeterminate="false"
                          disabled=""
                          type="checkbox"
                        />
                        <svg
                          aria-hidden="true"
                          class="MuiSvgIcon-root MuiSvgIcon-fontSizeMedium emotion-21"
                          data-testid="CheckBoxOutlineBlankIcon"
                          focusable="false"
                          viewBox="0 0 24 24"
                        >
                          <path
                            d="M19 5v14H5V5h14m0-2H5c-1.1 0-2 .9-2 2v14c0 1.1.9 2 2 2h14c1.1 0 2-.9 2-2V5c0-1.1-.9-2-2-2z"
                          />
                        </svg>
                      </span>
                    </div>
                    <h6
                      class="MuiTypography-root MuiTypography-subtitle2 emotion-40"
                      data-testid="TableHeaderWithCheckbox__cellHeader"
                    >
                      Granted Role
                    </h6>
                  </div>
                </th>
                <th
                  class="MuiTableCell-root MuiTableCell-head MuiTableCell-sizeMedium emotion-41"
                  scope="col"
                  style="padding: 16px;"
                >
                  <h6
                    class="MuiTypography-root MuiTypography-subtitle2 emotion-40"
                    data-testid="TableHeaderWithCheckbox__cellHeader"
                  >
                    Granted Location
                  </h6>
                </th>
              </tr>
            </thead>
            <tbody
              class="MuiTableBody-root emotion-43"
            >
              <tr
                class="MuiTableRow-root emotion-31"
              >
                <td
                  class="MuiTableCell-root MuiTableCell-body MuiTableCell-alignCenter MuiTableCell-paddingNone MuiTableCell-sizeMedium emotion-45"
                  colspan="12"
                  data-testid="TableBase__noDataMessage"
                >
                  <div
                    class="MuiBox-root emotion-46"
                  >
                    <div
                      class="MuiBox-root emotion-47"
                    >
                      <div
                        class="MuiBox-root emotion-35"
                      >
                        <svg
                          aria-hidden="true"
                          class="MuiSvgIcon-root MuiSvgIcon-fontSizeMedium emotion-49"
                          data-testid="NoData__icon"
                          focusable="false"
                          viewBox="0 0 24 24"
                        >
                          <path
                            d="M7 15h7v2H7zm0-4h10v2H7zm0-4h10v2H7zm12-4h-4.18C14.4 1.84 13.3 1 12 1c-1.3 0-2.4.84-2.82 2H5c-.14 0-.27.01-.4.04-.39.08-.74.28-1.01.55-.18.18-.33.4-.43.64-.1.23-.16.49-.16.77v14c0 .27.06.54.16.78s.25.45.43.64c.27.27.62.47 1.01.55.13.02.26.03.4.03h14c1.1 0 2-.9 2-2V5c0-1.1-.9-2-2-2zm-7-.25c.41 0 .75.34.75.75s-.34.75-.75.75-.75-.34-.75-.75.34-.75.75-.75zM19 19H5V5h14v14z"
                          />
                        </svg>
                        <p
                          class="MuiTypography-root MuiTypography-body2 emotion-33"
                          data-testid="NoData__message"
                        >
                          ra.message.noDataInformation
                        </p>
                      </div>
                    </div>
                  </div>
                </td>
              </tr>
            </tbody>
          </table>
        </div>
      </div>
    </div>
  </div>
</div>
`;
