// Jest Snapshot v1, https://goo.gl/fbAQLP

exports[`<TimesheetDetail /> should match snapshot 1`] = `
.emotion-2 {
  margin-bottom: 4px;
}

.emotion-3 {
  margin: 0;
  font-size: 1rem;
  font-weight: 400;
  letter-spacing: 0.15px;
  text-transform: none;
  font-family: Roboto,sans-serif;
  line-height: 1.5;
  color: #757575;
}

.emotion-4 {
  display: -webkit-box;
  display: -webkit-flex;
  display: -ms-flexbox;
  display: flex;
  -webkit-box-flex-wrap: wrap;
  -webkit-flex-wrap: wrap;
  -ms-flex-wrap: wrap;
  flex-wrap: wrap;
  -webkit-align-items: center;
  -webkit-box-align: center;
  -ms-flex-align: center;
  align-items: center;
  padding: 0;
  margin: 0;
  list-style: none;
}

.emotion-5 {
  -webkit-text-decoration: unset;
  text-decoration: unset;
}

.emotion-6 {
  margin: 0;
  font-size: 0.75rem;
  font-weight: 400;
  letter-spacing: 0.4px;
  text-transform: none;
  font-family: Roboto,sans-serif;
  line-height: 1.66;
  color: #757575;
}

.emotion-7 {
  display: -webkit-box;
  display: -webkit-flex;
  display: -ms-flexbox;
  display: flex;
  -webkit-user-select: none;
  -moz-user-select: none;
  -ms-user-select: none;
  user-select: none;
  margin-left: 8px;
  margin-right: 8px;
}

.emotion-8 {
  margin: 0;
  font-size: 0.75rem;
  font-weight: 400;
  letter-spacing: 0.4px;
  text-transform: none;
  font-family: Roboto,sans-serif;
  line-height: 1.66;
  color: #212121;
}

.emotion-9 {
  margin-bottom: 24px;
  display: -webkit-box;
  display: -webkit-flex;
  display: -ms-flexbox;
  display: flex;
  -webkit-align-items: center;
  -webkit-box-align: center;
  -ms-flex-align: center;
  align-items: center;
  -webkit-box-pack: justify;
  -webkit-justify-content: space-between;
  justify-content: space-between;
}

.emotion-10 {
  display: -webkit-box;
  display: -webkit-flex;
  display: -ms-flexbox;
  display: flex;
  -webkit-box-pack: start;
  -ms-flex-pack: start;
  -webkit-justify-content: flex-start;
  justify-content: flex-start;
  -webkit-align-items: center;
  -webkit-box-align: center;
  -ms-flex-align: center;
  align-items: center;
}

.emotion-11 {
  margin-right: 16px;
}

.emotion-12 {
  max-width: 100%;
  font-family: Roboto,sans-serif;
  font-size: 0.8125rem;
  display: -webkit-inline-box;
  display: -webkit-inline-flex;
  display: -ms-inline-flexbox;
  display: inline-flex;
  -webkit-align-items: center;
  -webkit-box-align: center;
  -ms-flex-align: center;
  align-items: center;
  -webkit-box-pack: center;
  -ms-flex-pack: center;
  -webkit-justify-content: center;
  justify-content: center;
  height: 24px;
  color: #212121;
  background-color: #EBEBEB;
  border-radius: 16px;
  white-space: nowrap;
  -webkit-transition: background-color 300ms cubic-bezier(0.4, 0, 0.2, 1) 0ms,box-shadow 300ms cubic-bezier(0.4, 0, 0.2, 1) 0ms;
  transition: background-color 300ms cubic-bezier(0.4, 0, 0.2, 1) 0ms,box-shadow 300ms cubic-bezier(0.4, 0, 0.2, 1) 0ms;
  cursor: default;
  outline: 0;
  -webkit-text-decoration: none;
  text-decoration: none;
  border: 0;
  padding: 0;
  vertical-align: middle;
  box-sizing: border-box;
  color: rgba(0, 0, 0, 0.87);
  background-color: #E0E0E0;
  background: #F5F5F5;
  color: #757575;
}

.emotion-12.Mui-disabled {
  opacity: 0.38;
  pointer-events: none;
}

.emotion-12 .MuiChip-avatar {
  margin-left: 5px;
  margin-right: -6px;
  width: 24px;
  height: 24px;
  color: #616161;
  font-size: 0.75rem;
}

.emotion-12 .MuiChip-avatarColorPrimary {
  color: #fff;
  background-color: #0B79D0;
}

.emotion-12 .MuiChip-avatarColorSecondary {
  color: #fff;
  background-color: #BE134D;
}

.emotion-12 .MuiChip-avatarSmall {
  margin-left: 4px;
  margin-right: -4px;
  width: 18px;
  height: 18px;
  font-size: 0.625rem;
}

.emotion-12 .MuiChip-icon {
  color: #616161;
  margin-left: 4px;
  margin-right: -4px;
  font-size: 18px;
}

.emotion-12 .MuiChip-deleteIcon {
  -webkit-tap-highlight-color: transparent;
  color: rgba(33, 33, 33, 0.26);
  font-size: 16px;
  cursor: pointer;
  margin: 0 5px 0 -6px;
  margin-right: 4px;
  margin-left: -4px;
}

.emotion-12 .MuiChip-deleteIcon:hover {
  color: rgba(33, 33, 33, 0.4);
}

.emotion-13 {
  overflow: hidden;
  text-overflow: ellipsis;
  padding-left: 8px;
  padding-right: 8px;
  white-space: nowrap;
}

.emotion-14 {
  padding-bottom: 0px;
}

.emotion-15 {
  margin: 0;
  font-size: 1.25rem;
  font-weight: 500;
  letter-spacing: 0.15px;
  text-transform: none;
  font-family: Roboto,sans-serif;
  line-height: 1.6;
}

.emotion-17 {
  display: -webkit-box;
  display: -webkit-flex;
  display: -ms-flexbox;
  display: flex;
}

.emotion-18 .IconButtonWithAnchorMenu-sizeSmall {
  padding: 10px;
}

.emotion-18.IconButtonWithAnchorMenu-root:hover {
  color: #2196F3;
}

.emotion-18 .IconButtonWithAnchorMenu-iconButton {
  border-radius: 8px;
  background-color: #EEEEEE;
}

.emotion-19 {
  display: -webkit-inline-box;
  display: -webkit-inline-flex;
  display: -ms-inline-flexbox;
  display: inline-flex;
  -webkit-align-items: center;
  -webkit-box-align: center;
  -ms-flex-align: center;
  align-items: center;
  -webkit-box-pack: center;
  -ms-flex-pack: center;
  -webkit-justify-content: center;
  justify-content: center;
  position: relative;
  box-sizing: border-box;
  -webkit-tap-highlight-color: transparent;
  background-color: transparent;
  outline: 0;
  border: 0;
  margin: 0;
  border-radius: 0;
  padding: 0;
  cursor: pointer;
  -webkit-user-select: none;
  -moz-user-select: none;
  -ms-user-select: none;
  user-select: none;
  vertical-align: middle;
  -moz-appearance: none;
  -webkit-appearance: none;
  -webkit-text-decoration: none;
  text-decoration: none;
  color: inherit;
  text-align: center;
  -webkit-flex: 0 0 auto;
  -ms-flex: 0 0 auto;
  flex: 0 0 auto;
  font-size: 1.5rem;
  padding: 8px;
  border-radius: 50%;
  overflow: visible;
  color: rgba(0, 0, 0, 0.54);
  -webkit-transition: background-color 150ms cubic-bezier(0.4, 0, 0.2, 1) 0ms;
  transition: background-color 150ms cubic-bezier(0.4, 0, 0.2, 1) 0ms;
  padding: 12px;
  font-size: 1.75rem;
  width: 40px;
  height: 40px;
}

.emotion-19::-moz-focus-inner {
  border-style: none;
}

.emotion-19.Mui-disabled {
  pointer-events: none;
  cursor: default;
}

@media print {
  .emotion-19 {
    -webkit-print-color-adjust: exact;
    color-adjust: exact;
  }
}

.emotion-19:hover {
  background-color: rgba(0, 0, 0, 0.04);
}

@media (hover: none) {
  .emotion-19:hover {
    background-color: transparent;
  }
}

.emotion-19.Mui-disabled {
  background-color: transparent;
  color: #BDBDBD;
}

.emotion-20 {
  -webkit-user-select: none;
  -moz-user-select: none;
  -ms-user-select: none;
  user-select: none;
  width: 1em;
  height: 1em;
  display: inline-block;
  fill: currentColor;
  -webkit-flex-shrink: 0;
  -ms-flex-negative: 0;
  flex-shrink: 0;
  -webkit-transition: fill 200ms cubic-bezier(0.4, 0, 0.2, 1) 0ms;
  transition: fill 200ms cubic-bezier(0.4, 0, 0.2, 1) 0ms;
  font-size: 1.25rem;
}

.emotion-21 {
  overflow: hidden;
  pointer-events: none;
  position: absolute;
  z-index: 0;
  top: 0;
  right: 0;
  bottom: 0;
  left: 0;
  border-radius: inherit;
}

.emotion-23 {
  margin-top: 24px;
}

.emotion-23 .GeneralInfoSection-labelOneColumn {
  max-width: 12.5%;
}

.emotion-23 .GeneralInfoSection-valueOneColumn {
  max-width: 37.2%;
  white-space: pre-wrap;
}

.emotion-23 .GeneralInfoSection-breakWord {
  word-break: break-word;
}

.emotion-24 {
  box-sizing: border-box;
  display: -webkit-box;
  display: -webkit-flex;
  display: -ms-flexbox;
  display: flex;
  -webkit-box-flex-wrap: wrap;
  -webkit-flex-wrap: wrap;
  -ms-flex-wrap: wrap;
  flex-wrap: wrap;
  width: 100%;
  -webkit-flex-direction: row;
  -ms-flex-direction: row;
  flex-direction: row;
  margin-top: -24px;
  width: calc(100% + 24px);
  margin-left: -24px;
  -webkit-box-pack: justify;
  -webkit-justify-content: space-between;
  justify-content: space-between;
}

.emotion-24>.MuiGrid-item {
  padding-top: 24px;
}

.emotion-24>.MuiGrid-item {
  padding-left: 24px;
}

.emotion-25 {
  box-sizing: border-box;
  margin: 0;
  -webkit-flex-direction: row;
  -ms-flex-direction: row;
  flex-direction: row;
}

.emotion-26 {
  margin-bottom: 8px;
}

.emotion-27 {
  margin: 0;
  font-size: 1rem;
  font-weight: 400;
  letter-spacing: 0.15px;
  text-transform: none;
  font-family: Roboto,sans-serif;
  line-height: 1.5;
  color: #212121;
}

.emotion-29 {
  display: -webkit-box;
  display: -webkit-flex;
  display: -ms-flexbox;
  display: flex;
  -webkit-flex-direction: row;
  -ms-flex-direction: row;
  flex-direction: row;
  padding-top: 8px;
  padding-bottom: 8px;
}

.emotion-30 {
  box-sizing: border-box;
  display: -webkit-box;
  display: -webkit-flex;
  display: -ms-flexbox;
  display: flex;
  -webkit-box-flex-wrap: wrap;
  -webkit-flex-wrap: wrap;
  -ms-flex-wrap: wrap;
  flex-wrap: wrap;
  width: 100%;
  -webkit-flex-direction: row;
  -ms-flex-direction: row;
  flex-direction: row;
}

.emotion-31 {
  box-sizing: border-box;
  display: -webkit-box;
  display: -webkit-flex;
  display: -ms-flexbox;
  display: flex;
  -webkit-box-flex-wrap: wrap;
  -webkit-flex-wrap: wrap;
  -ms-flex-wrap: wrap;
  flex-wrap: wrap;
  width: 100%;
  -webkit-flex-direction: row;
  -ms-flex-direction: row;
  flex-direction: row;
  word-break: break-word;
}

.emotion-32 {
  box-sizing: border-box;
  margin: 0;
  -webkit-flex-direction: row;
  -ms-flex-direction: row;
  flex-direction: row;
  -webkit-flex-basis: 25%;
  -ms-flex-preferred-size: 25%;
  flex-basis: 25%;
  -webkit-box-flex: 0;
  -webkit-flex-grow: 0;
  -ms-flex-positive: 0;
  flex-grow: 0;
  max-width: 25%;
}

@media (min-width:600px) {
  .emotion-32 {
    -webkit-flex-basis: 25%;
    -ms-flex-preferred-size: 25%;
    flex-basis: 25%;
    -webkit-box-flex: 0;
    -webkit-flex-grow: 0;
    -ms-flex-positive: 0;
    flex-grow: 0;
    max-width: 25%;
  }
}

@media (min-width:960px) {
  .emotion-32 {
    -webkit-flex-basis: 25%;
    -ms-flex-preferred-size: 25%;
    flex-basis: 25%;
    -webkit-box-flex: 0;
    -webkit-flex-grow: 0;
    -ms-flex-positive: 0;
    flex-grow: 0;
    max-width: 25%;
  }
}

@media (min-width:1440px) {
  .emotion-32 {
    -webkit-flex-basis: 25%;
    -ms-flex-preferred-size: 25%;
    flex-basis: 25%;
    -webkit-box-flex: 0;
    -webkit-flex-grow: 0;
    -ms-flex-positive: 0;
    flex-grow: 0;
    max-width: 25%;
  }
}

@media (min-width:1920px) {
  .emotion-32 {
    -webkit-flex-basis: 25%;
    -ms-flex-preferred-size: 25%;
    flex-basis: 25%;
    -webkit-box-flex: 0;
    -webkit-flex-grow: 0;
    -ms-flex-positive: 0;
    flex-grow: 0;
    max-width: 25%;
  }
}

.emotion-34 {
  box-sizing: border-box;
  margin: 0;
  -webkit-flex-direction: row;
  -ms-flex-direction: row;
  flex-direction: row;
  -webkit-flex-basis: 66.666667%;
  -ms-flex-preferred-size: 66.666667%;
  flex-basis: 66.666667%;
  -webkit-box-flex: 0;
  -webkit-flex-grow: 0;
  -ms-flex-positive: 0;
  flex-grow: 0;
  max-width: 66.666667%;
}

@media (min-width:600px) {
  .emotion-34 {
    -webkit-flex-basis: 66.666667%;
    -ms-flex-preferred-size: 66.666667%;
    flex-basis: 66.666667%;
    -webkit-box-flex: 0;
    -webkit-flex-grow: 0;
    -ms-flex-positive: 0;
    flex-grow: 0;
    max-width: 66.666667%;
  }
}

@media (min-width:960px) {
  .emotion-34 {
    -webkit-flex-basis: 66.666667%;
    -ms-flex-preferred-size: 66.666667%;
    flex-basis: 66.666667%;
    -webkit-box-flex: 0;
    -webkit-flex-grow: 0;
    -ms-flex-positive: 0;
    flex-grow: 0;
    max-width: 66.666667%;
  }
}

@media (min-width:1440px) {
  .emotion-34 {
    -webkit-flex-basis: 66.666667%;
    -ms-flex-preferred-size: 66.666667%;
    flex-basis: 66.666667%;
    -webkit-box-flex: 0;
    -webkit-flex-grow: 0;
    -ms-flex-positive: 0;
    flex-grow: 0;
    max-width: 66.666667%;
  }
}

@media (min-width:1920px) {
  .emotion-34 {
    -webkit-flex-basis: 66.666667%;
    -ms-flex-preferred-size: 66.666667%;
    flex-basis: 66.666667%;
    -webkit-box-flex: 0;
    -webkit-flex-grow: 0;
    -ms-flex-positive: 0;
    flex-grow: 0;
    max-width: 66.666667%;
  }
}

.emotion-36 {
  margin: 0;
  font-size: 0.875rem;
  font-weight: 400;
  letter-spacing: 0.15px;
  text-transform: none;
  font-family: Roboto,sans-serif;
  line-height: 1.43;
}

.emotion-59 {
  margin-top: 16px;
  margin-bottom: 16px;
}

.emotion-60 {
  margin: 0;
  -webkit-flex-shrink: 0;
  -ms-flex-negative: 0;
  flex-shrink: 0;
  border-width: 0;
  border-style: solid;
  border-color: #E0E0E0;
  border-bottom-width: thin;
  border-top: 1px dashed #E0E0E0;
  border-bottom: 0px solid;
  height: 0;
  background-color: transparent;
}

.emotion-61 {
  -webkit-flex-direction: column;
  -ms-flex-direction: column;
  flex-direction: column;
  margin-top: 24px;
}

.emotion-66 {
  margin-top: 16px;
  padding-bottom: 16px;
}

.emotion-67 {
  position: relative;
  box-shadow: 0px 3px 3px -2px rgba(0, 0, 0, 0.2),0px 3px 4px rgba(0, 0, 0, 0.14),0px 1px 8px rgba(0, 0, 0, 0.12);
  border-radius: 4px;
  overflow: hidden;
}

.emotion-68 {
  background-color: #fff;
  color: #212121;
  -webkit-transition: box-shadow 300ms cubic-bezier(0.4, 0, 0.2, 1) 0ms;
  transition: box-shadow 300ms cubic-bezier(0.4, 0, 0.2, 1) 0ms;
  border-radius: 4px;
  box-shadow: 0px 3px 1px -2px rgba(0, 0, 0, 0.2),0px 2px 2px rgba(0, 0, 0, 0.14),0px 1px 5px rgba(0, 0, 0, 0.12);
  width: 100%;
  overflow-x: auto;
}

.emotion-69 {
  display: table;
  width: 100%;
  border-collapse: collapse;
  border-spacing: 0;
}

.emotion-69 caption {
  font-size: 0.875rem;
  font-weight: 400;
  letter-spacing: 0.15px;
  text-transform: none;
  font-family: Roboto,sans-serif;
  line-height: 1.43;
  padding: 16px;
  color: #757575;
  text-align: left;
  caption-side: bottom;
}

.emotion-70 {
  display: table-header-group;
}

.emotion-71 {
  color: inherit;
  display: table-row;
  vertical-align: middle;
  outline: 0;
}

.emotion-71.MuiTableRow-hover:hover {
  background-color: #F5F5F5;
}

.emotion-71.Mui-selected {
  background-color: rgba(33, 150, 243, 0.08);
}

.emotion-71.Mui-selected:hover {
  background-color: rgba(33, 150, 243, 0.12);
}

.emotion-72 {
  font-size: 0.875rem;
  font-weight: 500;
  letter-spacing: 0.15px;
  text-transform: none;
  font-family: Roboto,sans-serif;
  line-height: 1.5rem;
  display: table-cell;
  vertical-align: inherit;
  border-bottom: 1px solid rgba(251, 251, 251, 1);
  text-align: left;
  padding: 16px;
  color: #212121;
  position: relative;
}

.emotion-74 {
  font-size: 0.875rem;
  font-weight: 500;
  letter-spacing: 0.15px;
  text-transform: none;
  font-family: Roboto,sans-serif;
  line-height: 1.5rem;
  display: table-cell;
  vertical-align: inherit;
  border-bottom: 1px solid rgba(251, 251, 251, 1);
  text-align: left;
  padding: 16px;
  color: #212121;
  position: relative;
  border-right: 1px solid #E0E0E0;
  border-bottom: 1px solid #E0E0E0;
}

.emotion-75 {
  margin: 0;
  font-size: 0.875rem;
  font-weight: 500;
  letter-spacing: 0.1px;
  text-transform: none;
  font-family: Roboto,sans-serif;
  line-height: 1.57;
}

.emotion-80 {
  font-size: 0.875rem;
  font-weight: 500;
  letter-spacing: 0.15px;
  text-transform: none;
  font-family: Roboto,sans-serif;
  line-height: 1.5rem;
  display: table-cell;
  vertical-align: inherit;
  border-bottom: 1px solid rgba(251, 251, 251, 1);
  text-align: left;
  padding: 16px;
  color: #212121;
  position: relative;
  border-right: none;
  border-bottom: 1px solid #E0E0E0;
}

.emotion-82 {
  display: table-row-group;
}

.emotion-83 {
  color: inherit;
  display: table-row;
  vertical-align: middle;
  outline: 0;
}

.emotion-83.MuiTableRow-hover:hover {
  background-color: #F5F5F5;
}

.emotion-83.Mui-selected {
  background-color: rgba(33, 150, 243, 0.08);
}

.emotion-83.Mui-selected:hover {
  background-color: rgba(33, 150, 243, 0.12);
}

.emotion-83.TableBaseRow-selected {
  background-color: #EDF7FE;
}

.emotion-84 {
  font-size: 0.875rem;
  font-weight: 400;
  letter-spacing: 0.15px;
  text-transform: none;
  font-family: Roboto,sans-serif;
  line-height: 1.43;
  display: table-cell;
  vertical-align: inherit;
  border-bottom: 1px solid rgba(251, 251, 251, 1);
  text-align: left;
  padding: 16px;
  color: #212121;
  position: relative;
  border-right: 1px solid #E0E0E0;
  border-bottom: 1px solid #E0E0E0;
}

.emotion-87 {
  cursor: pointer;
  color: #2196F3;
  -webkit-text-decoration: none;
  text-decoration: none;
}

.emotion-87:hover {
  -webkit-text-decoration: underline;
  text-decoration: underline;
}

.emotion-92 {
  margin: 0;
  font-size: 0.875rem;
  font-weight: 400;
  letter-spacing: 0.15px;
  text-transform: none;
  font-family: Roboto,sans-serif;
  line-height: 1.43;
  display: -webkit-box;
  -webkit-line-clamp: 2;
  -webkit-box-orient: vertical;
  overflow: hidden;
}

.emotion-93 {
  font-size: 0.875rem;
  font-weight: 400;
  letter-spacing: 0.15px;
  text-transform: none;
  font-family: Roboto,sans-serif;
  line-height: 1.43;
  display: table-cell;
  vertical-align: inherit;
  border-bottom: 1px solid rgba(251, 251, 251, 1);
  text-align: left;
  padding: 16px;
  color: #212121;
  position: relative;
  border-right: none;
  border-bottom: 1px solid #E0E0E0;
}

.emotion-95 {
  box-sizing: border-box;
  margin: 0;
  -webkit-flex-direction: row;
  -ms-flex-direction: row;
  flex-direction: row;
  padding: 8px;
}

.emotion-132 {
  -webkit-flex-direction: column;
  -ms-flex-direction: column;
  flex-direction: column;
  margin-top: 24px;
  padding-bottom: 24px;
}

.emotion-132 .RemarkSection-labelOneColumn {
  max-width: 12.5%;
}

.emotion-132 .RemarkSection-valueOneColumn {
  max-width: 37.2%;
  white-space: pre-wrap;
}

.emotion-132 .RemarkSection-breakWord {
  word-break: break-word;
}

.emotion-137 {
  margin-top: 16px;
}

.emotion-140 {
  box-sizing: border-box;
  margin: 0;
  -webkit-flex-direction: row;
  -ms-flex-direction: row;
  flex-direction: row;
  -webkit-flex-basis: 16.666667%;
  -ms-flex-preferred-size: 16.666667%;
  flex-basis: 16.666667%;
  -webkit-box-flex: 0;
  -webkit-flex-grow: 0;
  -ms-flex-positive: 0;
  flex-grow: 0;
  max-width: 16.666667%;
}

@media (min-width:600px) {
  .emotion-140 {
    -webkit-flex-basis: 16.666667%;
    -ms-flex-preferred-size: 16.666667%;
    flex-basis: 16.666667%;
    -webkit-box-flex: 0;
    -webkit-flex-grow: 0;
    -ms-flex-positive: 0;
    flex-grow: 0;
    max-width: 16.666667%;
  }
}

@media (min-width:960px) {
  .emotion-140 {
    -webkit-flex-basis: 16.666667%;
    -ms-flex-preferred-size: 16.666667%;
    flex-basis: 16.666667%;
    -webkit-box-flex: 0;
    -webkit-flex-grow: 0;
    -ms-flex-positive: 0;
    flex-grow: 0;
    max-width: 16.666667%;
  }
}

@media (min-width:1440px) {
  .emotion-140 {
    -webkit-flex-basis: 16.666667%;
    -ms-flex-preferred-size: 16.666667%;
    flex-basis: 16.666667%;
    -webkit-box-flex: 0;
    -webkit-flex-grow: 0;
    -ms-flex-positive: 0;
    flex-grow: 0;
    max-width: 16.666667%;
  }
}

@media (min-width:1920px) {
  .emotion-140 {
    -webkit-flex-basis: 16.666667%;
    -ms-flex-preferred-size: 16.666667%;
    flex-basis: 16.666667%;
    -webkit-box-flex: 0;
    -webkit-flex-grow: 0;
    -ms-flex-positive: 0;
    flex-grow: 0;
    max-width: 16.666667%;
  }
}

.emotion-142 {
  box-sizing: border-box;
  margin: 0;
  -webkit-flex-direction: row;
  -ms-flex-direction: row;
  flex-direction: row;
  -webkit-flex-basis: 83.333333%;
  -ms-flex-preferred-size: 83.333333%;
  flex-basis: 83.333333%;
  -webkit-box-flex: 0;
  -webkit-flex-grow: 0;
  -ms-flex-positive: 0;
  flex-grow: 0;
  max-width: 83.333333%;
}

@media (min-width:600px) {
  .emotion-142 {
    -webkit-flex-basis: 83.333333%;
    -ms-flex-preferred-size: 83.333333%;
    flex-basis: 83.333333%;
    -webkit-box-flex: 0;
    -webkit-flex-grow: 0;
    -ms-flex-positive: 0;
    flex-grow: 0;
    max-width: 83.333333%;
  }
}

@media (min-width:960px) {
  .emotion-142 {
    -webkit-flex-basis: 83.333333%;
    -ms-flex-preferred-size: 83.333333%;
    flex-basis: 83.333333%;
    -webkit-box-flex: 0;
    -webkit-flex-grow: 0;
    -ms-flex-positive: 0;
    flex-grow: 0;
    max-width: 83.333333%;
  }
}

@media (min-width:1440px) {
  .emotion-142 {
    -webkit-flex-basis: 83.333333%;
    -ms-flex-preferred-size: 83.333333%;
    flex-basis: 83.333333%;
    -webkit-box-flex: 0;
    -webkit-flex-grow: 0;
    -ms-flex-positive: 0;
    flex-grow: 0;
    max-width: 83.333333%;
  }
}

@media (min-width:1920px) {
  .emotion-142 {
    -webkit-flex-basis: 83.333333%;
    -ms-flex-preferred-size: 83.333333%;
    flex-basis: 83.333333%;
    -webkit-box-flex: 0;
    -webkit-flex-grow: 0;
    -ms-flex-positive: 0;
    flex-grow: 0;
    max-width: 83.333333%;
  }
}

<div>
  <div
    class="MuiBox-root emotion-0"
    data-testid="TimesheetDetail__root"
  >
    <div
      class="MuiBox-root emotion-0"
      data-testid="HeaderTimesheetDetail__root"
    >
      <div
        class="MuiBox-root emotion-2"
      >
        <nav
          aria-label="breadcrumb"
          class="MuiTypography-root MuiTypography-body1 MuiBreadcrumbs-root emotion-3"
        >
          <ol
            class="MuiBreadcrumbs-ol emotion-4"
          >
            <li
              class="MuiBreadcrumbs-li"
            >
              <a
                class="emotion-5"
                data-testid="BreadcrumbItem"
                href="/timesheet_management"
              >
                <span
                  class="MuiTypography-root MuiTypography-caption emotion-6"
                  data-testid="TypographyShortenStr"
                  title="resources.timesheet_management.titles.timesheetManagement"
                >
                  resources.timesheet_management...
                </span>
              </a>
            </li>
            <li
              aria-hidden="true"
              class="MuiBreadcrumbs-separator emotion-7"
            >
              /
            </li>
            <li
              class="MuiBreadcrumbs-li"
            >
              <span
                class="MuiTypography-root MuiTypography-caption emotion-8"
                data-testid="Breadcrumbs__entityName"
              >
                2021/09/01
              </span>
            </li>
          </ol>
        </nav>
      </div>
      <div
        class="MuiBox-root emotion-9"
        data-testid="WrapperPageHeader__root"
      >
        <div
          class="MuiBox-root emotion-10"
        >
          <div
            class="MuiBox-root emotion-11"
          >
            <div
              class="MuiChip-root MuiChip-filled MuiChip-sizeSmall MuiChip-colorDefault MuiChip-filledDefault emotion-12"
              data-testid="TimesheetStatusChip"
            >
              <span
                class="MuiChip-label MuiChip-labelSmall emotion-13"
              >
                Draft
              </span>
            </div>
          </div>
          <div
            class="MuiBox-root emotion-14"
          >
            <h6
              aria-label="title"
              class="MuiTypography-root MuiTypography-h6 emotion-15"
            >
              Timesheet Detail
            </h6>
          </div>
        </div>
        <div
          class="MuiBox-root emotion-0"
        >
          <div
            class="MuiBox-root emotion-17"
            data-testid="ActionPanel__root"
          >
            <div
              class="IconButtonWithAnchorMenu-root emotion-18"
            >
              <button
                aria-haspopup="menu"
                class="MuiButtonBase-root MuiIconButton-root MuiIconButton-sizeLarge IconButtonWithAnchorMenu-iconButton IconButtonWithAnchorMenu-root emotion-19"
                data-testid="ActionPanel__trigger"
                tabindex="0"
                type="button"
              >
                <svg
                  aria-hidden="true"
                  class="MuiSvgIcon-root MuiSvgIcon-fontSizeSmall emotion-20"
                  data-testid="MoreHorizIcon"
                  focusable="false"
                  viewBox="0 0 24 24"
                >
                  <path
                    d="M6 10c-1.1 0-2 .9-2 2s.9 2 2 2 2-.9 2-2-.9-2-2-2zm12 0c-1.1 0-2 .9-2 2s.9 2 2 2 2-.9 2-2-.9-2-2-2zm-6 0c-1.1 0-2 .9-2 2s.9 2 2 2 2-.9 2-2-.9-2-2-2z"
                  />
                </svg>
                <span
                  class="MuiTouchRipple-root emotion-21"
                />
              </button>
            </div>
          </div>
        </div>
      </div>
    </div>
    <div
      class="MuiBox-root emotion-0"
      data-testid="TimesheetDetail__detailSections"
    >
      <div
        class="MuiBox-root emotion-23"
        data-testid="GeneralInfoSection__root"
      >
        <div
          class="MuiGrid-root MuiGrid-container MuiGrid-spacing-xs-3 emotion-24"
        >
          <div
            class="MuiGrid-root MuiGrid-item emotion-25"
          >
            <div
              class="MuiBox-root emotion-26"
            >
              <p
                class="MuiTypography-root MuiTypography-body1 emotion-27"
                data-testid="GeneralInfoSection__title"
              >
                General Info
              </p>
            </div>
          </div>
        </div>
        <div
          class="MuiBox-root emotion-0"
          data-testid="GeneralInfoSection__generalInfo"
        >
          <div
            class="MuiBox-root emotion-29"
          >
            <div
              class="MuiGrid-root MuiGrid-container emotion-30"
              data-testid="GeneralInfoSection__generalInfoItem"
            >
              <div
                class="MuiGrid-root MuiGrid-container emotion-31"
              >
                <div
                  class="MuiGrid-root MuiGrid-item MuiGrid-grid-xs-3 emotion-32"
                >
                  <span
                    class="MuiTypography-root MuiTypography-caption emotion-6"
                  >
                    Name
                  </span>
                </div>
                <div
                  class="MuiGrid-root MuiGrid-item MuiGrid-grid-xs-8 emotion-34"
                  data-testid="GeneralInfoSection__generalStaffNameValue"
                >
                  <div
                    class="MuiBox-root emotion-17"
                  >
                    <p
                      class="MuiTypography-root MuiTypography-body2 emotion-36"
                    >
                      Staff 0
                    </p>
                  </div>
                </div>
              </div>
            </div>
            <div
              class="MuiGrid-root MuiGrid-container emotion-30"
              data-testid="GeneralInfoSection__generalInfoItem"
            >
              <div
                class="MuiGrid-root MuiGrid-container emotion-31"
              >
                <div
                  class="MuiGrid-root MuiGrid-item MuiGrid-grid-xs-3 emotion-32"
                >
                  <span
                    class="MuiTypography-root MuiTypography-caption emotion-6"
                  >
                    Email
                  </span>
                </div>
                <div
                  class="MuiGrid-root MuiGrid-item MuiGrid-grid-xs-8 emotion-34"
                  data-testid="GeneralInfoSection__generalStaffEmailValue"
                >
                  <div
                    class="MuiBox-root emotion-17"
                  >
                    <p
                      class="MuiTypography-root MuiTypography-body2 emotion-36"
                    >
                      staff-0@manabie.com
                    </p>
                  </div>
                </div>
              </div>
            </div>
          </div>
          <div
            class="MuiBox-root emotion-29"
          >
            <div
              class="MuiGrid-root MuiGrid-container emotion-30"
              data-testid="GeneralInfoSection__generalInfoItem"
            >
              <div
                class="MuiGrid-root MuiGrid-container emotion-31"
              >
                <div
                  class="MuiGrid-root MuiGrid-item MuiGrid-grid-xs-3 emotion-32"
                >
                  <span
                    class="MuiTypography-root MuiTypography-caption emotion-6"
                  >
                    Date
                  </span>
                </div>
                <div
                  class="MuiGrid-root MuiGrid-item MuiGrid-grid-xs-8 emotion-34"
                  data-testid="GeneralInfoSection__generalTimesheetDateValue"
                >
                  <div
                    class="MuiBox-root emotion-17"
                  >
                    <p
                      class="MuiTypography-root MuiTypography-body2 emotion-36"
                    >
                      2021/09/01
                    </p>
                  </div>
                </div>
              </div>
            </div>
            <div
              class="MuiGrid-root MuiGrid-container emotion-30"
              data-testid="GeneralInfoSection__generalInfoItem"
            >
              <div
                class="MuiGrid-root MuiGrid-container emotion-31"
              >
                <div
                  class="MuiGrid-root MuiGrid-item MuiGrid-grid-xs-3 emotion-32"
                >
                  <span
                    class="MuiTypography-root MuiTypography-caption emotion-6"
                  >
                    Location
                  </span>
                </div>
                <div
                  class="MuiGrid-root MuiGrid-item MuiGrid-grid-xs-8 emotion-34"
                  data-testid="GeneralInfoSection__generalTimesheetLocationValue"
                >
                  <div
                    class="MuiBox-root emotion-17"
                  >
                    <p
                      class="MuiTypography-root MuiTypography-body2 emotion-36"
                    >
                      Location 0
                    </p>
                  </div>
                </div>
              </div>
            </div>
          </div>
        </div>
        <div
          class="MuiBox-root emotion-59"
        >
          <hr
            class="MuiDivider-root MuiDivider-fullWidth emotion-60"
          />
        </div>
      </div>
      <div
        class="MuiBox-root emotion-61"
        data-testid="LessonHoursSection__root"
      >
        <div
          class="MuiGrid-root MuiGrid-container MuiGrid-spacing-xs-3 emotion-24"
        >
          <div
            class="MuiGrid-root MuiGrid-item emotion-25"
          >
            <div
              class="MuiBox-root emotion-26"
            >
              <p
                class="MuiTypography-root MuiTypography-body1 emotion-27"
                data-testid="LessonHoursSection__title"
              >
                Lesson Hours
              </p>
            </div>
          </div>
        </div>
        <div
          class="MuiBox-root emotion-66"
          data-testid="LessonHoursSection__lessonHours"
        >
          <div
            class="MuiBox-root emotion-67"
          >
            <div
              class="MuiPaper-root MuiPaper-elevation MuiPaper-rounded MuiPaper-elevation2 MuiTableContainer-root emotion-68"
            >
              <table
                class="MuiTable-root emotion-69"
                data-testid="LessonHoursTable__table"
              >
                <thead
                  class="MuiTableHead-root emotion-70"
                  data-testid="TableBase__header"
                >
                  <tr
                    class="MuiTableRow-root MuiTableRow-head emotion-71"
                  >
                    <th
                      class="MuiTableCell-root MuiTableCell-head MuiTableCell-sizeMedium emotion-72"
                      scope="col"
                      style="min-width: 60px; border-right: 1px solid #E0E0E0; border-bottom: 1px solid #E0E0E0; width: 60px;"
                    >
                      <p
                        class="MuiTypography-root MuiTypography-body2 emotion-36"
                        data-testid="TableIndexCell__index"
                      />
                    </th>
                    <th
                      class="MuiTableCell-root MuiTableCell-head MuiTableCell-sizeMedium emotion-74"
                      scope="col"
                      style="width: 25%;"
                    >
                      <h6
                        class="MuiTypography-root MuiTypography-subtitle2 emotion-75"
                        data-testid="TableBase__cellHeader"
                      >
                        Time Range
                      </h6>
                    </th>
                    <th
                      class="MuiTableCell-root MuiTableCell-head MuiTableCell-sizeMedium emotion-74"
                      scope="col"
                      style="width: 25%;"
                    >
                      <h6
                        class="MuiTypography-root MuiTypography-subtitle2 emotion-75"
                        data-testid="TableBase__cellHeader"
                      >
                        Status
                      </h6>
                    </th>
                    <th
                      class="MuiTableCell-root MuiTableCell-head MuiTableCell-sizeMedium emotion-74"
                      scope="col"
                      style="width: 25%;"
                    >
                      <h6
                        class="MuiTypography-root MuiTypography-subtitle2 emotion-75"
                        data-testid="TableBase__cellHeader"
                      >
                        Total Hours
                      </h6>
                    </th>
                    <th
                      class="MuiTableCell-root MuiTableCell-head MuiTableCell-sizeMedium emotion-80"
                      scope="col"
                      style="width: 25%;"
                    >
                      <h6
                        class="MuiTypography-root MuiTypography-subtitle2 emotion-75"
                        data-testid="TableBase__cellHeader"
                      >
                        Type
                      </h6>
                    </th>
                  </tr>
                </thead>
                <tbody
                  class="MuiTableBody-root emotion-82"
                  data-testid="TableBaseBody__root"
                >
                  <tr
                    class="MuiTableRow-root emotion-83"
                    data-testid="TableBase__row"
                    data-value="0"
                  >
                    <td
                      class="MuiTableCell-root MuiTableCell-body MuiTableCell-sizeMedium emotion-84"
                      style="min-width: 60px;"
                    >
                      <p
                        class="MuiTypography-root MuiTypography-body2 emotion-36"
                        data-testid="TableIndexCell__index"
                      >
                        1
                      </p>
                    </td>
                    <td
                      class="MuiTableCell-root MuiTableCell-body MuiTableCell-sizeMedium emotion-84"
                      style="width: 25%;"
                    >
                      <a
                        class="emotion-87"
                        data-testid="LessonHoursTable__timeRange"
                        href="/lesson/lesson_management/lesson_0/show"
                      >
                        10:00 - 12:00
                      </a>
                    </td>
                    <td
                      class="MuiTableCell-root MuiTableCell-body MuiTableCell-sizeMedium emotion-84"
                      style="width: 25%;"
                    >
                      <div
                        class="MuiChip-root MuiChip-filled MuiChip-sizeSmall MuiChip-colorDefault MuiChip-filledDefault emotion-12"
                        data-testid="LessonHoursTable__status"
                      >
                        <span
                          class="MuiChip-label MuiChip-labelSmall emotion-13"
                        >
                          Published
                        </span>
                      </div>
                    </td>
                    <td
                      class="MuiTableCell-root MuiTableCell-body MuiTableCell-sizeMedium emotion-84"
                      style="width: 25%;"
                    >
                      <p
                        class="MuiTypography-root MuiTypography-body2 emotion-92"
                        data-testid="LessonHoursTable__totalHours"
                        id="TypographyMaxLines__TypographyBase"
                        title=""
                      >
                        2 hr
                      </p>
                    </td>
                    <td
                      class="MuiTableCell-root MuiTableCell-body MuiTableCell-sizeMedium emotion-93"
                      style="width: 25%;"
                    >
                      <p
                        class="MuiTypography-root MuiTypography-body2 emotion-92"
                        data-testid="LessonHoursTable__type"
                        id="TypographyMaxLines__TypographyBase"
                        title=""
                      >
                        Group
                      </p>
                    </td>
                  </tr>
                </tbody>
              </table>
            </div>
          </div>
        </div>
        <div
          class="MuiGrid-root MuiGrid-item MuiGrid-grid-xs-12 emotion-95"
        >
          <hr
            class="MuiDivider-root MuiDivider-fullWidth emotion-60"
          />
        </div>
      </div>
      <div
        class="MuiBox-root emotion-61"
        data-testid="OtherWorkingHourSection__root"
      >
        <div
          class="MuiGrid-root MuiGrid-container MuiGrid-spacing-xs-3 emotion-24"
        >
          <div
            class="MuiGrid-root MuiGrid-item emotion-25"
          >
            <div
              class="MuiBox-root emotion-26"
            >
              <p
                class="MuiTypography-root MuiTypography-body1 emotion-27"
                data-testid="OtherWorkingHourSection__title"
              >
                Other Working Hours
              </p>
            </div>
          </div>
        </div>
        <div
          class="MuiBox-root emotion-66"
          data-testid="OtherWorkingHourSection__otherWorkingHours"
        >
          <div
            class="MuiBox-root emotion-67"
          >
            <div
              class="MuiPaper-root MuiPaper-elevation MuiPaper-rounded MuiPaper-elevation2 MuiTableContainer-root emotion-68"
            >
              <table
                class="MuiTable-root emotion-69"
                data-testid="OtherWorkingHourTable__table"
              >
                <thead
                  class="MuiTableHead-root emotion-70"
                  data-testid="TableBase__header"
                >
                  <tr
                    class="MuiTableRow-root MuiTableRow-head emotion-71"
                  >
                    <th
                      class="MuiTableCell-root MuiTableCell-head MuiTableCell-sizeMedium emotion-72"
                      scope="col"
                      style="min-width: 60px; border-right: 1px solid #E0E0E0; border-bottom: 1px solid #E0E0E0; width: 60px;"
                    >
                      <p
                        class="MuiTypography-root MuiTypography-body2 emotion-36"
                        data-testid="TableIndexCell__index"
                      />
                    </th>
                    <th
                      class="MuiTableCell-root MuiTableCell-head MuiTableCell-sizeMedium emotion-74"
                      scope="col"
                      style="width: 20%;"
                    >
                      <h6
                        class="MuiTypography-root MuiTypography-subtitle2 emotion-75"
                        data-testid="TableBase__cellHeader"
                      >
                        Working Type
                      </h6>
                    </th>
                    <th
                      class="MuiTableCell-root MuiTableCell-head MuiTableCell-sizeMedium emotion-74"
                      scope="col"
                      style="width: 20%;"
                    >
                      <h6
                        class="MuiTypography-root MuiTypography-subtitle2 emotion-75"
                        data-testid="TableBase__cellHeader"
                      >
                        Time Range
                      </h6>
                    </th>
                    <th
                      class="MuiTableCell-root MuiTableCell-head MuiTableCell-sizeMedium emotion-74"
                      scope="col"
                      style="width: 20%;"
                    >
                      <h6
                        class="MuiTypography-root MuiTypography-subtitle2 emotion-75"
                        data-testid="TableBase__cellHeader"
                      >
                        Total Hours
                      </h6>
                    </th>
                    <th
                      class="MuiTableCell-root MuiTableCell-head MuiTableCell-sizeMedium emotion-80"
                      scope="col"
                      style="width: 40%;"
                    >
                      <h6
                        class="MuiTypography-root MuiTypography-subtitle2 emotion-75"
                        data-testid="TableBase__cellHeader"
                      >
                        Remarks
                      </h6>
                    </th>
                  </tr>
                </thead>
                <tbody
                  class="MuiTableBody-root emotion-82"
                  data-testid="TableBaseBody__root"
                >
                  <tr
                    class="MuiTableRow-root emotion-83"
                    data-testid="TableBase__row"
                    data-value="0"
                  >
                    <td
                      class="MuiTableCell-root MuiTableCell-body MuiTableCell-sizeMedium emotion-84"
                      style="min-width: 60px;"
                    >
                      <p
                        class="MuiTypography-root MuiTypography-body2 emotion-36"
                        data-testid="TableIndexCell__index"
                      >
                        1
                      </p>
                    </td>
                    <td
                      class="MuiTableCell-root MuiTableCell-body MuiTableCell-sizeMedium emotion-84"
                      style="width: 20%;"
                    >
                      <p
                        class="MuiTypography-root MuiTypography-body2 emotion-92"
                        data-testid="OtherWorkingHourTable__workingType"
                        id="TypographyMaxLines__TypographyBase"
                        title=""
                      >
                        config_value
                      </p>
                    </td>
                    <td
                      class="MuiTableCell-root MuiTableCell-body MuiTableCell-sizeMedium emotion-84"
                      style="width: 20%;"
                    >
                      <p
                        class="MuiTypography-root MuiTypography-body2 emotion-92"
                        data-testid="OtherWorkingHourTable__timeRange"
                        id="TypographyMaxLines__TypographyBase"
                        title=""
                      >
                        10:00 - 12:00
                      </p>
                    </td>
                    <td
                      class="MuiTableCell-root MuiTableCell-body MuiTableCell-sizeMedium emotion-84"
                      style="width: 20%;"
                    >
                      <p
                        class="MuiTypography-root MuiTypography-body2 emotion-92"
                        data-testid="OtherWorkingHourTable__totalHours"
                        id="TypographyMaxLines__TypographyBase"
                        title=""
                      >
                        2 hr
                      </p>
                    </td>
                    <td
                      class="MuiTableCell-root MuiTableCell-body MuiTableCell-sizeMedium emotion-93"
                      style="width: 40%;"
                    >
                      <p
                        class="MuiTypography-root MuiTypography-body2 emotion-92"
                        data-testid="OtherWorkingHourTable__remarks"
                        id="TypographyMaxLines__TypographyBase"
                        title=""
                      >
                        remark_content
                      </p>
                    </td>
                  </tr>
                </tbody>
              </table>
            </div>
          </div>
        </div>
        <div
          class="MuiGrid-root MuiGrid-item MuiGrid-grid-xs-12 emotion-95"
        >
          <hr
            class="MuiDivider-root MuiDivider-fullWidth emotion-60"
          />
        </div>
      </div>
      <div
        class="MuiBox-root emotion-132"
        data-testid="RemarkSection__root"
      >
        <div
          class="MuiGrid-root MuiGrid-container MuiGrid-spacing-xs-3 emotion-24"
        >
          <div
            class="MuiGrid-root MuiGrid-item emotion-25"
          >
            <div
              class="MuiBox-root emotion-26"
            >
              <p
                class="MuiTypography-root MuiTypography-body1 emotion-27"
                data-testid="RemarkSection__title"
              >
                Remarks
              </p>
            </div>
          </div>
        </div>
        <div
          class="MuiBox-root emotion-137"
          data-testid="RemarkSection__remark"
        >
          <div
            class="MuiGrid-root MuiGrid-container emotion-30"
            data-testid="RemarkSection__remarkItem"
          >
            <div
              class="MuiGrid-root MuiGrid-container emotion-31"
            >
              <div
                class="MuiGrid-root MuiGrid-item MuiGrid-grid-xs-2 emotion-140"
              >
                <span
                  class="MuiTypography-root MuiTypography-caption emotion-6"
                >
                  Remark
                </span>
              </div>
              <div
                class="MuiGrid-root MuiGrid-item MuiGrid-grid-xs-10 emotion-142"
              >
                <div
                  class="MuiBox-root emotion-17"
                >
                  <p
                    class="MuiTypography-root MuiTypography-body2 emotion-36"
                  >
                    Remark 0
                  </p>
                </div>
              </div>
            </div>
          </div>
        </div>
      </div>
    </div>
  </div>
</div>
`;
